Component: ARM Compiler 5.06 update 6 (build 750) Tool: armlink [4d35ed]

==============================================================================

Section Cross References

    startup_stm32f407xx.o(RESET) refers to startup_stm32f407xx.o(STACK) for __initial_sp
    startup_stm32f407xx.o(RESET) refers to startup_stm32f407xx.o(.text) for Reset_Handler
    startup_stm32f407xx.o(RESET) refers to stm32f4xx_it.o(i.NMI_Handler) for NMI_Handler
    startup_stm32f407xx.o(RESET) refers to stm32f4xx_it.o(i.HardFault_Handler) for HardFault_Handler
    startup_stm32f407xx.o(RESET) refers to stm32f4xx_it.o(i.MemManage_Handler) for MemManage_Handler
    startup_stm32f407xx.o(RESET) refers to stm32f4xx_it.o(i.BusFault_Handler) for BusFault_Handler
    startup_stm32f407xx.o(RESET) refers to stm32f4xx_it.o(i.UsageFault_Handler) for UsageFault_Handler
    startup_stm32f407xx.o(RESET) refers to port.o(.emb_text) for SVC_Handler
    startup_stm32f407xx.o(RESET) refers to stm32f4xx_it.o(i.DebugMon_Handler) for DebugMon_Handler
    startup_stm32f407xx.o(RESET) refers to port.o(i.SysTick_Handler) for SysTick_Handler
    startup_stm32f407xx.o(RESET) refers to pwm.o(i.TIM3_IRQHandler) for TIM3_IRQHandler
    startup_stm32f407xx.o(RESET) refers to freertos_debug.o(i.TIM6_DAC_IRQHandler) for TIM6_DAC_IRQHandler
    startup_stm32f407xx.o(.text) refers to system_stm32f4xx.o(i.SystemInit) for SystemInit
    startup_stm32f407xx.o(.text) refers to entry.o(.ARM.Collect$$$$00000000) for __main
    main.o(i.AppTaskCreate) refers to tasks.o(i.xTaskCreate) for xTaskCreate
    main.o(i.AppTaskCreate) refers to main.o(.data) for xHandleTaskLED
    main.o(i.AppTaskCreate) refers to main.o(i.vLEDStart) for vLEDStart
    main.o(i.AppTaskCreate) refers to freertos_debug.o(.data) for xHandleTaskSystemDebug
    main.o(i.AppTaskCreate) refers to freertos_debug.o(i.vSystemDebugStart) for vSystemDebugStart
    main.o(i.AppTaskCreate) refers to rc.o(.data) for xHandleTaskRC
    main.o(i.AppTaskCreate) refers to rc.o(i.vRCStart) for vRCStart
    main.o(i.AppTaskCreate) refers to rc.o(i.vInteractionStart) for vInteractionStart
    main.o(i.BSP_Init) refers to main.o(i.MX_USART1_UART_Init) for MX_USART1_UART_Init
    main.o(i.MX_GPIO_Init) refers to memseta.o(.text) for __aeabi_memclr4
    main.o(i.MX_GPIO_Init) refers to stm32f4xx_hal_gpio.o(i.HAL_GPIO_WritePin) for HAL_GPIO_WritePin
    main.o(i.MX_GPIO_Init) refers to stm32f4xx_hal_gpio.o(i.HAL_GPIO_Init) for HAL_GPIO_Init
    main.o(i.MX_USART1_UART_Init) refers to stm32f4xx_hal_uart.o(i.HAL_UART_Init) for HAL_UART_Init
    main.o(i.MX_USART1_UART_Init) refers to exceptionhandler.o(i.Error_Handler) for Error_Handler
    main.o(i.MX_USART1_UART_Init) refers to main.o(.bss) for huart1
    main.o(i.MX_USART2_UART_Init) refers to stm32f4xx_hal_uart.o(i.HAL_UART_Init) for HAL_UART_Init
    main.o(i.MX_USART2_UART_Init) refers to exceptionhandler.o(i.Error_Handler) for Error_Handler
    main.o(i.MX_USART2_UART_Init) refers to main.o(.bss) for huart2
    main.o(i.MX_USART3_UART_Init) refers to stm32f4xx_hal_uart.o(i.HAL_UART_Init) for HAL_UART_Init
    main.o(i.MX_USART3_UART_Init) refers to exceptionhandler.o(i.Error_Handler) for Error_Handler
    main.o(i.MX_USART3_UART_Init) refers to main.o(.bss) for huart3
    main.o(i.MX_USB_OTG_FS_HCD_Init) refers to stm32f4xx_hal_hcd.o(i.HAL_HCD_Init) for HAL_HCD_Init
    main.o(i.MX_USB_OTG_FS_HCD_Init) refers to exceptionhandler.o(i.Error_Handler) for Error_Handler
    main.o(i.MX_USB_OTG_FS_HCD_Init) refers to main.o(.bss) for hhcd_USB_OTG_FS
    main.o(i.SystemClock_Config) refers to memseta.o(.text) for __aeabi_memclr4
    main.o(i.SystemClock_Config) refers to stm32f4xx_hal_rcc.o(i.HAL_RCC_OscConfig) for HAL_RCC_OscConfig
    main.o(i.SystemClock_Config) refers to exceptionhandler.o(i.Error_Handler) for Error_Handler
    main.o(i.SystemClock_Config) refers to stm32f4xx_hal_rcc.o(i.HAL_RCC_ClockConfig) for HAL_RCC_ClockConfig
    main.o(i.fputc) refers to stm32f4xx_hal_uart.o(i.HAL_UART_Transmit) for HAL_UART_Transmit
    main.o(i.fputc) refers to main.o(.bss) for huart1
    main.o(i.main) refers to stm32f4xx_hal.o(i.HAL_Init) for HAL_Init
    main.o(i.main) refers to main.o(i.SystemClock_Config) for SystemClock_Config
    main.o(i.main) refers to main.o(i.BSP_Init) for BSP_Init
    main.o(i.main) refers to main.o(i.AppTaskCreate) for AppTaskCreate
    main.o(i.main) refers to tasks.o(i.vTaskStartScheduler) for vTaskStartScheduler
    main.o(i.vLEDStart) refers to main.o(i.MX_GPIO_Init) for MX_GPIO_Init
    main.o(i.vLEDStart) refers to main.o(i.MX_USART2_UART_Init) for MX_USART2_UART_Init
    main.o(i.vLEDStart) refers to main.o(i.MX_USART3_UART_Init) for MX_USART3_UART_Init
    main.o(i.vLEDStart) refers to printf8.o(i.__0printf$8) for __2printf
    main.o(i.vLEDStart) refers to tasks.o(i.vTaskDelay) for vTaskDelay
    main.o(i.vLEDStart) refers to stm32f4xx_hal_gpio.o(i.HAL_GPIO_WritePin) for HAL_GPIO_WritePin
[...]
    BSP_Init                                 0x08000449   Thumb Code     8  main.o(i.BSP_Init)
    i.BusFault_Handler                       0x08000450   Section        0  stm32f4xx_it.o(i.BusFault_Handler)
    i.DebugMon_Handler                       0x08000454   Section        0  stm32f4xx_it.o(i.DebugMon_Handler)
    i.Error_Handler                          0x08000458   Section        0  exceptionhandler.o(i.Error_Handler)
    i.FreeRTOSDebugInit                      0x0800046c   Section        0  freertos_debug.o(i.FreeRTOSDebugInit)
    FreeRTOSDebugInit                        0x0800046d   Thumb Code   122  freertos_debug.o(i.FreeRTOSDebugInit)
    i.HAL_GPIO_Init                          0x080004f4   Section        0  stm32f4xx_hal_gpio.o(i.HAL_GPIO_Init)
    i.HAL_GPIO_ReadPin                       0x080006f4   Section        0  stm32f4xx_hal_gpio.o(i.HAL_GPIO_ReadPin)
    i.HAL_GPIO_WritePin                      0x08000704   Section        0  stm32f4xx_hal_gpio.o(i.HAL_GPIO_WritePin)
    i.HAL_GetTick                            0x08000710   Section        0  stm32f4xx_hal.o(i.HAL_GetTick)
    i.HAL_Init                               0x0800071c   Section        0  stm32f4xx_hal.o(i.HAL_Init)
    i.HAL_InitTick                           0x08000758   Section        0  stm32f4xx_hal.o(i.HAL_InitTick)
    i.HAL_MspInit                            0x080007a4   Section        0  stm32f4xx_hal_msp.o(i.HAL_MspInit)
    i.HAL_NVIC_EnableIRQ                     0x080007ec   Section        0  stm32f4xx_hal_cortex.o(i.HAL_NVIC_EnableIRQ)
    i.HAL_NVIC_SetPriority                   0x0800080c   Section        0  stm32f4xx_hal_cortex.o(i.HAL_NVIC_SetPriority)
    i.HAL_NVIC_SetPriorityGrouping           0x08000888   Section        0  stm32f4xx_hal_cortex.o(i.HAL_NVIC_SetPriorityGrouping)
    i.HAL_RCC_ClockConfig                    0x080008b0   Section        0  stm32f4xx_hal_rcc.o(i.HAL_RCC_ClockConfig)
    i.HAL_RCC_GetHCLKFreq                    0x08000a30   Section        0  stm32f4xx_hal_rcc.o(i.HAL_RCC_GetHCLKFreq)
    i.HAL_RCC_GetPCLK1Freq                   0x08000a3c   Section        0  stm32f4xx_hal_rcc.o(i.HAL_RCC_GetPCLK1Freq)
    i.HAL_RCC_GetPCLK2Freq                   0x08000a5c   Section        0  stm32f4xx_hal_rcc.o(i.HAL_RCC_GetPCLK2Freq)
    i.HAL_RCC_GetSysClockFreq                0x08000a7c   Section        0  stm32f4xx_hal_rcc.o(i.HAL_RCC_GetSysClockFreq)
    i.HAL_RCC_OscConfig                      0x08000b2c   Section        0  stm32f4xx_hal_rcc.o(i.HAL_RCC_OscConfig)
    i.HAL_SYSTICK_Config                     0x08000f74   Section        0  stm32f4xx_hal_cortex.o(i.HAL_SYSTICK_Config)
    i.HAL_TIMEx_BreakCallback                0x08000fa8   Section        0  stm32f4xx_hal_tim_ex.o(i.HAL_TIMEx_BreakCallback)
    i.HAL_TIMEx_CommutCallback               0x08000faa   Section        0  stm32f4xx_hal_tim_ex.o(i.HAL_TIMEx_CommutCallback)
    i.HAL_TIMEx_MasterConfigSynchronization  0x08000fac   Section        0  stm32f4xx_hal_tim_ex.o(i.HAL_TIMEx_MasterConfigSynchronization)
    i.HAL_TIM_Base_Init                      0x08001000   Section        0  stm32f4xx_hal_tim.o(i.HAL_TIM_Base_Init)
    i.HAL_TIM_Base_MspInit                   0x08001034   Section        0  stm32f4xx_hal_tim.o(i.HAL_TIM_Base_MspInit)
    i.HAL_TIM_Base_Start_IT                  0x08001036   Section        0  stm32f4xx_hal_tim.o(i.HAL_TIM_Base_Start_IT)
    i.HAL_TIM_IC_CaptureCallback             0x08001060   Section        0  stm32f4xx_it.o(i.HAL_TIM_IC_CaptureCallback)
    i.HAL_TIM_IC_ConfigChannel               0x08001078   Section        0  stm32f4xx_hal_tim.o(i.HAL_TIM_IC_ConfigChannel)
    i.HAL_TIM_IC_Init                        0x08001158   Section        0  stm32f4xx_hal_tim.o(i.HAL_TIM_IC_Init)
    i.HAL_TIM_IC_MspInit                     0x0800118c   Section        0  stm32f4xx_hal_tim.o(i.HAL_TIM_IC_MspInit)
    i.HAL_TIM_IC_Start_IT                    0x0800118e   Section        0  stm32f4xx_hal_tim.o(i.HAL_TIM_IC_Start_IT)
    i.HAL_TIM_IRQHandler                     0x08001206   Section        0  stm32f4xx_hal_tim.o(i.HAL_TIM_IRQHandler)
    i.HAL_TIM_OC_ConfigChannel               0x0800139c   Section        0  stm32f4xx_hal_tim.o(i.HAL_TIM_OC_ConfigChannel)
    i.HAL_TIM_OC_DelayElapsedCallback        0x08001410   Section        0  stm32f4xx_hal_tim.o(i.HAL_TIM_OC_DelayElapsedCallback)
    i.HAL_TIM_OC_Init                        0x08001412   Section        0  stm32f4xx_hal_tim.o(i.HAL_TIM_OC_Init)
    i.HAL_TIM_OC_MspInit                     0x08001446   Section        0  stm32f4xx_hal_tim.o(i.HAL_TIM_OC_MspInit)
    i.HAL_TIM_PWM_PulseFinishedCallback      0x08001448   Section        0  stm32f4xx_hal_tim.o(i.HAL_TIM_PWM_PulseFinishedCallback)
    i.HAL_TIM_PWM_Start                      0x0800144c   Section        0  stm32f4xx_hal_tim.o(i.HAL_TIM_PWM_Start)
    i.HAL_TIM_PeriodElapsedCallback          0x080014a4   Section        0  stm32f4xx_it.o(i.HAL_TIM_PeriodElapsedCallback)
    i.HAL_TIM_ReadCapturedValue              0x080014a6   Section        0  stm32f4xx_hal_tim.o(i.HAL_TIM_ReadCapturedValue)
    i.HAL_TIM_TriggerCallback                0x080014d8   Section        0  stm32f4xx_hal_tim.o(i.HAL_TIM_TriggerCallback)
    i.HAL_UART_Init                          0x080014da   Section        0  stm32f4xx_hal_uart.o(i.HAL_UART_Init)
    i.HAL_UART_MspInit                       0x0800154c   Section        0  stm32f4xx_hal_msp.o(i.HAL_UART_MspInit)
    i.HAL_UART_Transmit                      0x080016c0   Section        0  stm32f4xx_hal_uart.o(i.HAL_UART_Transmit)
    i.HardFault_Handler                      0x08001796   Section        0  stm32f4xx_it.o(i.HardFault_Handler)
    i.KEY_Init                               0x0800179c   Section        0  key.o(i.KEY_Init)
    i.LCDPWM_INFODISPLAY                     0x08001820   Section        0  rc.o(i.LCDPWM_INFODISPLAY)
    LCDPWM_INFODISPLAY                       0x08001821   Thumb Code    28  rc.o(i.LCDPWM_INFODISPLAY)
    i.LCDPWM_INFO_LINE_DISPLAY               0x08001840   Section        0  rc.o(i.LCDPWM_INFO_LINE_DISPLAY)
    LCDPWM_INFO_LINE_DISPLAY                 0x08001841   Thumb Code   276  rc.o(i.LCDPWM_INFO_LINE_DISPLAY)
    i.LCD_BlackLight                         0x080019b8   Section        0  tftlcd.o(i.LCD_BlackLight)
    LCD_BlackLight                           0x080019b9   Thumb Code    18  tftlcd.o(i.LCD_BlackLight)
    i.LCD_Clear                              0x080019d0   Section        0  tftlcd.o(i.LCD_Clear)
    LCD_Clear                                0x080019d1   Thumb Code    44  tftlcd.o(i.LCD_Clear)
    i.LCD_ClearLine                          0x080019fc   Section        0  tftlcd.o(i.LCD_ClearLine)
    LCD_ClearLine                            0x080019fd   Thumb Code    30  tftlcd.o(i.LCD_ClearLine)
    i.LCD_DisplayDir                         0x08001a40   Section        0  tftlcd.o(i.LCD_DisplayDir)
    LCD_DisplayDir                           0x08001a41   Thumb Code   100  tftlcd.o(i.LCD_DisplayDir)
    i.LCD_Fast_DrawPoint                     0x08001aa8   Section        0  tftlcd.o(i.LCD_Fast_DrawPoint)
    i.LCD_HardwareInit                       0x08001b44   Section        0  tftlcd.o(i.LCD_HardwareInit)
    LCD_HardwareInit                         0x08001b45   Thumb Code   208  tftlcd.o(i.LCD_HardwareInit)
    i.LCD_Init                               0x08001c20   Section        0  tftlcd.o(i.LCD_Init)
    LCD_Init                                 0x08001c21   Thumb Code   688  tftlcd.o(i.LCD_Init)
    i.LCD_RD_DATA                            0x08001ee4   Section        0  tftlcd.o(i.LCD_RD_DATA)
    LCD_RD_DATA                              0x08001ee5   Thumb Code   134  tftlcd.o(i.LCD_RD_DATA)
    i.LCD_ReadReg                            0x08001f78   Section        0  tftlcd.o(i.LCD_ReadReg)
    LCD_ReadReg                              0x08001f79   Thumb Code    16  tftlcd.o(i.LCD_ReadReg)
    i.LCD_Scan_Dir                           0x08001f88   Section        0  tftlcd.o(i.LCD_Scan_Dir)
    i.LCD_SetCursor                          0x08002278   Section        0  tftlcd.o(i.LCD_SetCursor)
    LCD_SetCursor                            0x08002279   Thumb Code    60  tftlcd.o(i.LCD_SetCursor)
    i.LCD_ShowChar                           0x080022b8   Section        0  tftlcd.o(i.LCD_ShowChar)
    i.LCD_ShowString                         0x080023e0   Section        0  tftlcd.o(i.LCD_ShowString)
    LCD_ShowString                           0x080023e1   Thumb Code   102  tftlcd.o(i.LCD_ShowString)
    i.LCD_ShowStringLine                     0x08002446   Section        0  tftlcd.o(i.LCD_ShowStringLine)
    LCD_ShowStringLine                       0x08002447   Thumb Code    36  tftlcd.o(i.LCD_ShowStringLine)
    i.LCD_WRITE_DATA                         0x0800246c   Section        0  tftlcd.o(i.LCD_WRITE_DATA)
    LCD_WRITE_DATA                           0x0800246d   Thumb Code    62  tftlcd.o(i.LCD_WRITE_DATA)
    i.LCD_WRITE_REG                          0x080024b4   Section        0  tftlcd.o(i.LCD_WRITE_REG)
    LCD_WRITE_REG                            0x080024b5   Thumb Code    64  tftlcd.o(i.LCD_WRITE_REG)
    i.LCD_WriteRAM_Prepare                   0x080024fc   Section        0  tftlcd.o(i.LCD_WriteRAM_Prepare)
    i.LCD_WriteReg                           0x0800250c   Section        0  tftlcd.o(i.LCD_WriteReg)
    LCD_WriteReg                             0x0800250d   Thumb Code    20  tftlcd.o(i.LCD_WriteReg)
    i.MX_GPIO_Init                           0x08002520   Section        0  main.o(i.MX_GPIO_Init)
    MX_GPIO_Init                             0x08002521   Thumb Code   220  main.o(i.MX_GPIO_Init)
    i.MX_USART1_UART_Init                    0x08002604   Section        0  main.o(i.MX_USART1_UART_Init)
    MX_USART1_UART_Init                      0x08002605   Thumb Code    46  main.o(i.MX_USART1_UART_Init)
    i.MX_USART2_UART_Init                    0x0800263c   Section        0  main.o(i.MX_USART2_UART_Init)
    MX_USART2_UART_Init                      0x0800263d   Thumb Code    46  main.o(i.MX_USART2_UART_Init)
    i.MX_USART3_UART_Init                    0x08002674   Section        0  main.o(i.MX_USART3_UART_Init)
    MX_USART3_UART_Init                      0x08002675   Thumb Code    46  main.o(i.MX_USART3_UART_Init)
    i.MemManage_Handler                      0x080026ac   Section        0  stm32f4xx_it.o(i.MemManage_Handler)
    i.NMI_Handler                            0x080026b0   Section        0  stm32f4xx_it.o(i.NMI_Handler)
    i.PWM_INPUT_Init                         0x080026b4   Section        0  pwm.o(i.PWM_INPUT_Init)
    i.PWM_OUTPUT_Init                        0x080027a4   Section        0  pwm.o(i.PWM_OUTPUT_Init)
    i.SysTick_Handler                        0x080028bc   Section        0  port.o(i.SysTick_Handler)
    i.SystemClock_Config                     0x080028f0   Section        0  main.o(i.SystemClock_Config)
    i.SystemInit                             0x080029a4   Section        0  system_stm32f4xx.o(i.SystemInit)
    i.TIM3_IC_Callback                       0x08002a08   Section        0  pwm.o(i.TIM3_IC_Callback)
    i.TIM3_IRQHandler                        0x08002acc   Section        0  pwm.o(i.TIM3_IRQHandler)
    i.TIM6_DAC_IRQHandler                    0x08002adc   Section        0  freertos_debug.o(i.TIM6_DAC_IRQHandler)
    i.TIM_Base_SetConfig                     0x08002af8   Section        0  stm32f4xx_hal_tim.o(i.TIM_Base_SetConfig)
    i.TIM_CCxChannelCmd                      0x08002bd0   Section        0  stm32f4xx_hal_tim.o(i.TIM_CCxChannelCmd)
    i.TIM_OC1_SetConfig                      0x08002bf4   Section        0  stm32f4xx_hal_tim.o(i.TIM_OC1_SetConfig)
    TIM_OC1_SetConfig                        0x08002bf5   Thumb Code   104  stm32f4xx_hal_tim.o(i.TIM_OC1_SetConfig)
    i.TIM_OC2_SetConfig                      0x08002c64   Section        0  stm32f4xx_hal_tim.o(i.TIM_OC2_SetConfig)
    i.TIM_OC3_SetConfig                      0x08002ce0   Section        0  stm32f4xx_hal_tim.o(i.TIM_OC3_SetConfig)
    TIM_OC3_SetConfig                        0x08002ce1   Thumb Code   112  stm32f4xx_hal_tim.o(i.TIM_OC3_SetConfig)
    i.TIM_OC4_SetConfig                      0x08002d58   Section        0  stm32f4xx_hal_tim.o(i.TIM_OC4_SetConfig)
    TIM_OC4_SetConfig                        0x08002d59   Thumb Code    74  stm32f4xx_hal_tim.o(i.TIM_OC4_SetConfig)
    i.TIM_TI1_SetConfig                      0x08002dac   Section        0  stm32f4xx_hal_tim.o(i.TIM_TI1_SetConfig)
    i.TIM_TI2_SetConfig                      0x08002e3c   Section        0  stm32f4xx_hal_tim.o(i.TIM_TI2_SetConfig)
    TIM_TI2_SetConfig                        0x08002e3d   Thumb Code    58  stm32f4xx_hal_tim.o(i.TIM_TI2_SetConfig)
    i.TIM_TI3_SetConfig                      0x08002e76   Section        0  stm32f4xx_hal_tim.o(i.TIM_TI3_SetConfig)
    TIM_TI3_SetConfig                        0x08002e77   Thumb Code    56  stm32f4xx_hal_tim.o(i.TIM_TI3_SetConfig)
    i.TIM_TI4_SetConfig                      0x08002eae   Section        0  stm32f4xx_hal_tim.o(i.TIM_TI4_SetConfig)
    TIM_TI4_SetConfig                        0x08002eaf   Thumb Code    60  stm32f4xx_hal_tim.o(i.TIM_TI4_SetConfig)
    i.UART_SetConfig                         0x08002eec   Section        0  stm32f4xx_hal_uart.o(i.UART_SetConfig)
    UART_SetConfig                           0x08002eed   Thumb Code   864  stm32f4xx_hal_uart.o(i.UART_SetConfig)
    i.UART_WaitOnFlagUntilTimeout            0x08003254   Section        0  stm32f4xx_hal_uart.o(i.UART_WaitOnFlagUntilTimeout)
    UART_WaitOnFlagUntilTimeout              0x08003255   Thumb Code   108  stm32f4xx_hal_uart.o(i.UART_WaitOnFlagUntilTimeout)
    i.UsageFault_Handler                     0x080032c0   Section        0  stm32f4xx_it.o(i.UsageFault_Handler)
    i.__0printf$8                            0x080032c4   Section        0  printf8.o(i.__0printf$8)
    i.__0snprintf$8                          0x080032e4   Section        0  printf8.o(i.__0snprintf$8)
    i.__NVIC_GetPriorityGrouping             0x08003314   Section        0  stm32f4xx_hal_cortex.o(i.__NVIC_GetPriorityGrouping)
    __NVIC_GetPriorityGrouping               0x08003315   Thumb Code    10  stm32f4xx_hal_cortex.o(i.__NVIC_GetPriorityGrouping)
    i.__NVIC_SetPriority                     0x08003324   Section        0  stm32f4xx_hal_cortex.o(i.__NVIC_SetPriority)
    __NVIC_SetPriority                       0x08003325   Thumb Code    32  stm32f4xx_hal_cortex.o(i.__NVIC_SetPriority)
    i.__scatterload_copy                     0x0800334c   Section       14  handlers.o(i.__scatterload_copy)
    i.__scatterload_null                     0x0800335a   Section        2  handlers.o(i.__scatterload_null)
    i.__scatterload_zeroinit                 0x0800335c   Section       14  handlers.o(i.__scatterload_zeroinit)
    i._printf_core                           0x0800336c   Section        0  printf8.o(i._printf_core)
    _printf_core                             0x0800336d   Thumb Code   996  printf8.o(i._printf_core)
    i._printf_post_padding                   0x0800377c   Section        0  printf8.o(i._printf_post_padding)
    _printf_post_padding                     0x0800377d   Thumb Code    36  printf8.o(i._printf_post_padding)
    i._printf_pre_padding                    0x080037a0   Section        0  printf8.o(i._printf_pre_padding)
    _printf_pre_padding                      0x080037a1   Thumb Code    46  printf8.o(i._printf_pre_padding)
    i._snputc                                0x080037ce   Section        0  printf8.o(i._snputc)
    _snputc                                  0x080037cf   Thumb Code    22  printf8.o(i._snputc)
    i.delay_ms                               0x080037e4   Section        0  tftlcd.o(i.delay_ms)
    i.fputc                                  0x080037f0   Section        0  main.o(i.fputc)
    i.getKeyStatus                           0x08003810   Section        0  key.o(i.getKeyStatus)
    i.getTIM3ICValue                         0x0800395c   Section        0  pwm.o(i.getTIM3ICValue)
    i.main                                   0x08003974   Section        0  main.o(i.main)
    i.prvAddCurrentTaskToDelayedList         0x0800398c   Section        0  tasks.o(i.prvAddCurrentTaskToDelayedList)
    prvAddCurrentTaskToDelayedList           0x0800398d   Thumb Code   124  tasks.o(i.prvAddCurrentTaskToDelayedList)
    i.prvAddNewTaskToReadyList               0x08003a24   Section        0  tasks.o(i.prvAddNewTaskToReadyList)
    prvAddNewTaskToReadyList                 0x08003a25   Thumb Code   156  tasks.o(i.prvAddNewTaskToReadyList)
    i.prvCheckForValidListAndQueue           0x08003adc   Section        0  timers.o(i.prvCheckForValidListAndQueue)
    prvCheckForValidListAndQueue             0x08003add   Thumb Code    72  timers.o(i.prvCheckForValidListAndQueue)
    i.prvCheckTasksWaitingTermination        0x08003b40   Section        0  tasks.o(i.prvCheckTasksWaitingTermination)
    prvCheckTasksWaitingTermination          0x08003b41   Thumb Code    60  tasks.o(i.prvCheckTasksWaitingTermination)
    i.prvCopyDataFromQueue                   0x08003b88   Section        0  queue.o(i.prvCopyDataFromQueue)
    prvCopyDataFromQueue                     0x08003b89   Thumb Code    42  queue.o(i.prvCopyDataFromQueue)
    i.prvCopyDataToQueue                     0x08003bb2   Section        0  queue.o(i.prvCopyDataToQueue)
    prvCopyDataToQueue                       0x08003bb3   Thumb Code   126  queue.o(i.prvCopyDataToQueue)
    i.prvDeleteTCB                           0x08003c30   Section        0  tasks.o(i.prvDeleteTCB)
    prvDeleteTCB                             0x08003c31   Thumb Code    18  tasks.o(i.prvDeleteTCB)
    i.prvGetNextExpireTime                   0x08003c44   Section        0  timers.o(i.prvGetNextExpireTime)
    prvGetNextExpireTime                     0x08003c45   Thumb Code    36  timers.o(i.prvGetNextExpireTime)
    i.prvHeapInit                            0x08003c6c   Section        0  heap_4.o(i.prvHeapInit)
    prvHeapInit                              0x08003c6d   Thumb Code    98  heap_4.o(i.prvHeapInit)
    i.prvIdleTask                            0x08003ce8   Section        0  tasks.o(i.prvIdleTask)
    prvIdleTask                              0x08003ce9   Thumb Code    32  tasks.o(i.prvIdleTask)
    i.prvInitialiseNewQueue                  0x08003d10   Section        0  queue.o(i.prvInitialiseNewQueue)
    prvInitialiseNewQueue                    0x08003d11   Thumb Code    42  queue.o(i.prvInitialiseNewQueue)
    i.prvInitialiseNewTask                   0x08003d3a   Section        0  tasks.o(i.prvInitialiseNewTask)
    prvInitialiseNewTask                     0x08003d3b   Thumb Code   192  tasks.o(i.prvInitialiseNewTask)
    i.prvInitialiseTaskLists                 0x08003dfc   Section        0  tasks.o(i.prvInitialiseTaskLists)
    prvInitialiseTaskLists                   0x08003dfd   Thumb Code    70  tasks.o(i.prvInitialiseTaskLists)
    i.prvInsertBlockIntoFreeList             0x08003e64   Section        0  heap_4.o(i.prvInsertBlockIntoFreeList)
    prvInsertBlockIntoFreeList               0x08003e65   Thumb Code    96  heap_4.o(i.prvInsertBlockIntoFreeList)
    i.prvInsertTimerInActiveList             0x08003ecc   Section        0  timers.o(i.prvInsertTimerInActiveList)
    prvInsertTimerInActiveList               0x08003ecd   Thumb Code    80  timers.o(i.prvInsertTimerInActiveList)
    i.prvIsQueueEmpty                        0x08003f24   Section        0  queue.o(i.prvIsQueueEmpty)
    prvIsQueueEmpty                          0x08003f25   Thumb Code    26  queue.o(i.prvIsQueueEmpty)
    i.prvIsQueueFull                         0x08003f3e   Section        0  queue.o(i.prvIsQueueFull)
    prvIsQueueFull                           0x08003f3f   Thumb Code    30  queue.o(i.prvIsQueueFull)
    i.prvProcessExpiredTimer                 0x08003f5c   Section        0  timers.o(i.prvProcessExpiredTimer)
    prvProcessExpiredTimer                   0x08003f5d   Thumb Code   110  timers.o(i.prvProcessExpiredTimer)
    i.prvProcessReceivedCommands             0x08003fd0   Section        0  timers.o(i.prvProcessReceivedCommands)
    prvProcessReceivedCommands               0x08003fd1   Thumb Code   308  timers.o(i.prvProcessReceivedCommands)
    i.prvProcessTimerOrBlockTask             0x08004108   Section        0  timers.o(i.prvProcessTimerOrBlockTask)
    prvProcessTimerOrBlockTask               0x08004109   Thumb Code   102  timers.o(i.prvProcessTimerOrBlockTask)
    i.prvResetNextTaskUnblockTime            0x0800417c   Section        0  tasks.o(i.prvResetNextTaskUnblockTime)
    prvResetNextTaskUnblockTime              0x0800417d   Thumb Code    42  tasks.o(i.prvResetNextTaskUnblockTime)
    i.prvSampleTimeNow                       0x080041b0   Section        0  timers.o(i.prvSampleTimeNow)
    prvSampleTimeNow                         0x080041b1   Thumb Code    40  timers.o(i.prvSampleTimeNow)
    i.prvSwitchTimerLists                    0x080041dc   Section        0  timers.o(i.prvSwitchTimerLists)
    prvSwitchTimerLists                      0x080041dd   Thumb Code   154  timers.o(i.prvSwitchTimerLists)
    i.prvTaskExitError                       0x08004280   Section        0  port.o(i.prvTaskExitError)
    prvTaskExitError                         0x08004281   Thumb Code    60  port.o(i.prvTaskExitError)
    i.prvTimerTask                           0x080042c0   Section        0  timers.o(i.prvTimerTask)
    prvTimerTask                             0x080042c1   Thumb Code    26  timers.o(i.prvTimerTask)
    i.prvUnlockQueue                         0x080042da   Section        0  queue.o(i.prvUnlockQueue)
    prvUnlockQueue                           0x080042db   Thumb Code   126  queue.o(i.prvUnlockQueue)
    i.pvPortMalloc                           0x08004358   Section        0  heap_4.o(i.pvPortMalloc)
    i.pxPortInitialiseStack                  0x08004494   Section        0  port.o(i.pxPortInitialiseStack)
    i.uxListRemove                           0x080044c0   Section        0  list.o(i.uxListRemove)
    i.vInteractionStart                      0x080044e8   Section        0  rc.o(i.vInteractionStart)
    i.vLEDStart                              0x08004568   Section        0  main.o(i.vLEDStart)
    vLEDStart                                0x08004569   Thumb Code    58  main.o(i.vLEDStart)
    i.vListInitialise                        0x080045b4   Section        0  list.o(i.vListInitialise)
    i.vListInitialiseItem                    0x080045ce   Section        0  list.o(i.vListInitialiseItem)
    i.vListInsert                            0x080045d4   Section        0  list.o(i.vListInsert)
    i.vListInsertEnd                         0x08004608   Section        0  list.o(i.vListInsertEnd)
    i.vPortEnterCritical                     0x08004620   Section        0  port.o(i.vPortEnterCritical)
    i.vPortExitCritical                      0x08004674   Section        0  port.o(i.vPortExitCritical)
    i.vPortFree                              0x080046b0   Section        0  heap_4.o(i.vPortFree)
    i.vPortSetupTimerInterrupt               0x08004744   Section        0  port.o(i.vPortSetupTimerInterrupt)
    i.vPortValidateInterruptPriority         0x0800476c   Section        0  port.o(i.vPortValidateInterruptPriority)
    i.vQueueAddToRegistry                    0x080047e4   Section        0  queue.o(i.vQueueAddToRegistry)
    i.vQueueWaitForMessageRestricted         0x08004810   Section        0  queue.o(i.vQueueWaitForMessageRestricted)
    i.vRCStart                               0x0800485c   Section        0  rc.o(i.vRCStart)
    i.vSystemDebugStart                      0x0800487c   Section        0  freertos_debug.o(i.vSystemDebugStart)
    i.vTaskDelay                             0x080048a8   Section        0  tasks.o(i.vTaskDelay)
    i.vTaskInternalSetTimeOutState           0x08004904   Section        0  tasks.o(i.vTaskInternalSetTimeOutState)
    i.vTaskMissedYield                       0x0800491c   Section        0  tasks.o(i.vTaskMissedYield)
    i.vTaskPlaceOnEventList                  0x08004928   Section        0  tasks.o(i.vTaskPlaceOnEventList)
    i.vTaskPlaceOnEventListRestricted        0x08004960   Section        0  tasks.o(i.vTaskPlaceOnEventListRestricted)
    i.vTaskStartScheduler                    0x080049a0   Section        0  tasks.o(i.vTaskStartScheduler)
    i.vTaskSuspendAll                        0x08004a3c   Section        0  tasks.o(i.vTaskSuspendAll)
    i.vTaskSwitchContext                     0x08004a4c   Section        0  tasks.o(i.vTaskSwitchContext)
    i.xPortStartScheduler                    0x08004b18   Section        0  port.o(i.xPortStartScheduler)
    i.xQueueGenericCreate                    0x08004c80   Section        0  queue.o(i.xQueueGenericCreate)
    i.xQueueGenericReset                     0x08004cdc   Section        0  queue.o(i.xQueueGenericReset)
    i.xQueueGenericSend                      0x08004d74   Section        0  queue.o(i.xQueueGenericSend)
    i.xQueueGenericSendFromISR               0x08004f1c   Section        0  queue.o(i.xQueueGenericSendFromISR)
    i.xQueueReceive                          0x08005014   Section        0  queue.o(i.xQueueReceive)
    i.xTaskCheckForTimeOut                   0x0800517c   Section        0  tasks.o(i.xTaskCheckForTimeOut)
    i.xTaskCreate                            0x08005208   Section        0  tasks.o(i.xTaskCreate)
    i.xTaskGetSchedulerState                 0x08005268   Section        0  tasks.o(i.xTaskGetSchedulerState)
    i.xTaskGetTickCount                      0x08005288   Section        0  tasks.o(i.xTaskGetTickCount)
    i.xTaskIncrementTick                     0x08005294   Section        0  tasks.o(i.xTaskIncrementTick)
    i.xTaskPriorityDisinherit                0x080053dc   Section        0  tasks.o(i.xTaskPriorityDisinherit)
    i.xTaskRemoveFromEventList               0x080054a4   Section        0  tasks.o(i.xTaskRemoveFromEventList)
    i.xTaskResumeAll                         0x0800553c   Section        0  tasks.o(i.xTaskResumeAll)
    i.xTimerCreateTimerTask                  0x08005640   Section        0  timers.o(i.xTimerCreateTimerTask)
    i.xTimerGenericCommand                   0x08005698   Section        0  timers.o(i.xTimerGenericCommand)
    .constdata                               0x0800571c   Section       24  system_stm32f4xx.o(.constdata)
    .constdata                               0x08005734   Section     6080  tftlcd.o(.constdata)
    .data                                    0x20000000   Section        4  main.o(.data)
    xHandleTaskLED                           0x20000000   Data           4  main.o(.data)
    .data                                    0x20000004   Section        9  stm32f4xx_hal.o(.data)
    .data                                    0x20000010   Section        4  system_stm32f4xx.o(.data)
    .data                                    0x20000014   Section       68  tasks.o(.data)
    pxDelayedTaskList                        0x20000018   Data           4  tasks.o(.data)
    pxOverflowDelayedTaskList                0x2000001c   Data           4  tasks.o(.data)
    uxDeletedTasksWaitingCleanUp             0x20000020   Data           4  tasks.o(.data)
    uxCurrentNumberOfTasks                   0x20000024   Data           4  tasks.o(.data)
    xTickCount                               0x20000028   Data           4  tasks.o(.data)
    uxTopReadyPriority                       0x2000002c   Data           4  tasks.o(.data)
    xSchedulerRunning                        0x20000030   Data           4  tasks.o(.data)
    uxPendedTicks                            0x20000034   Data           4  tasks.o(.data)
    xYieldPending                            0x20000038   Data           4  tasks.o(.data)
    xNumOfOverflows                          0x2000003c   Data           4  tasks.o(.data)
    uxTaskNumber                             0x20000040   Data           4  tasks.o(.data)
    xNextTaskUnblockTime                     0x20000044   Data           4  tasks.o(.data)
    xIdleTaskHandle                          0x20000048   Data           4  tasks.o(.data)
    uxSchedulerSuspended                     0x2000004c   Data           4  tasks.o(.data)
    ulTaskSwitchedInTime                     0x20000050   Data           4  tasks.o(.data)
    ulTotalRunTime                           0x20000054   Data           4  tasks.o(.data)
    .data                                    0x20000058   Section       20  timers.o(.data)
    pxCurrentTimerList                       0x20000058   Data           4  timers.o(.data)
    pxOverflowTimerList                      0x2000005c   Data           4  timers.o(.data)
    xTimerQueue                              0x20000060   Data           4  timers.o(.data)
    xTimerTaskHandle                         0x20000064   Data           4  timers.o(.data)
    xLastTime                                0x20000068   Data           4  timers.o(.data)
    .data                                    0x2000006c   Section       24  heap_4.o(.data)
    xStart                                   0x2000006c   Data           8  heap_4.o(.data)
    pxEnd                                    0x20000074   Data           4  heap_4.o(.data)
    xFreeBytesRemaining                      0x20000078   Data           4  heap_4.o(.data)
    xMinimumEverFreeBytesRemaining           0x2000007c   Data           4  heap_4.o(.data)
    xBlockAllocatedBit                       0x20000080   Data           4  heap_4.o(.data)
    .data                                    0x20000084   Section       12  port.o(.data)
    uxCriticalNesting                        0x20000084   Data           4  port.o(.data)
    ucMaxSysCallPriority                     0x20000088   Data           1  port.o(.data)
    ulMaxPRIGROUPValue                       0x2000008c   Data           4  port.o(.data)
    .data                                    0x20000090   Section       48  tftlcd.o(.data)
    .data                                    0x200000c0   Section        8  freertos_debug.o(.data)
    .data                                    0x200000c8   Section        4  rc.o(.data)
    .data                                    0x200000cc   Section        1  key.o(.data)
    KEY_Value                                0x200000cc   Data           1  key.o(.data)
    .data                                    0x200000d0   Section        4  stdout.o(.data)
    .bss                                     0x200000d4   Section      900  main.o(.bss)
    .bss                                     0x20000458   Section       64  queue.o(.bss)
    .bss                                     0x20000498   Section      740  tasks.o(.bss)
    pxReadyTasksLists                        0x20000498   Data         640  tasks.o(.bss)
    xDelayedTaskList1                        0x20000718   Data          20  tasks.o(.bss)
    xDelayedTaskList2                        0x2000072c   Data          20  tasks.o(.bss)
    xPendingReadyList                        0x20000740   Data          20  tasks.o(.bss)
    xTasksWaitingTermination                 0x20000754   Data          20  tasks.o(.bss)
    xSuspendedTaskList                       0x20000768   Data          20  tasks.o(.bss)
    .bss                                     0x2000077c   Section       40  timers.o(.bss)
    xActiveTimerList1                        0x2000077c   Data          20  timers.o(.bss)
    xActiveTimerList2                        0x20000790   Data          20  timers.o(.bss)
    .bss                                     0x200007a4   Section    76800  heap_4.o(.bss)
    ucHeap                                   0x200007a4   Data       76800  heap_4.o(.bss)
    .bss                                     0x200133a4   Section       64  freertos_debug.o(.bss)
    .bss                                     0x200133e4   Section       28  rc.o(.bss)
    LCD_PWM_INFO                             0x200133e4   Data          28  rc.o(.bss)
    .bss                                     0x20013400   Section      176  pwm.o(.bss)
    ICValuePre                               0x20013490   Data          16  pwm.o(.bss)
    ICValueLast                              0x200134a0   Data          16  pwm.o(.bss)
    STACK                                    0x200134b0   Section     2048  startup_stm32f407xx.o(STACK)

    Global Symbols

    Symbol Name                              Value     Ov Type        Size  Object(Section)

    BuildAttributes$$THM_ISAv4$E$P$D$K$B$S$7EM$VFPi3$EXTD16$VFPS$VFMA$PE$A:L22UL41UL21$X:L11$S22US41US21$IEEE1$IW$USESV6$~STKCKD$USESV7$~SHL$OSPACE$ROPI$EBA8$MICROLIB$REQ8$PRES8$EABIv2 0x00000000   Number         0  anon$$obj.o ABSOLUTE
    __ARM_use_no_argv                        0x00000000   Number         0  main.o ABSOLUTE
    _printf_a                                0x00000000   Number         0  stubs.o ABSOLUTE
    _printf_c                                0x00000000   Number         0  stubs.o ABSOLUTE
    _printf_charcount                        0x00000000   Number         0  stubs.o ABSOLUTE
    _printf_d                                0x00000000   Number         0  stubs.o ABSOLUTE
    _printf_e                                0x00000000   Number         0  stubs.o ABSOLUTE
    _printf_f                                0x00000000   Number         0  stubs.o ABSOLUTE
    _printf_flags                            0x00000000   Number         0  stubs.o ABSOLUTE
    _printf_fp_dec                           0x00000000   Number         0  stubs.o ABSOLUTE
    _printf_fp_hex                           0x00000000   Number         0  stubs.o ABSOLUTE
    _printf_g                                0x00000000   Number         0  stubs.o ABSOLUTE
    _printf_i                                0x00000000   Number         0  stubs.o ABSOLUTE
    _printf_int_dec                          0x00000000   Number         0  stubs.o ABSOLUTE
    _printf_l                                0x00000000   Number         0  stubs.o ABSOLUTE
    _printf_lc                               0x00000000   Number         0  stubs.o ABSOLUTE
    _printf_ll                               0x00000000   Number         0  stubs.o ABSOLUTE
    _printf_lld                              0x00000000   Number         0  stubs.o ABSOLUTE
    _printf_lli                              0x00000000   Number         0  stubs.o ABSOLUTE
    _printf_llo                              0x00000000   Number         0  stubs.o ABSOLUTE
    _printf_llu                              0x00000000   Number         0  stubs.o ABSOLUTE
    _printf_llx                              0x00000000   Number         0  stubs.o ABSOLUTE
    _printf_longlong_dec                     0x00000000   Number         0  stubs.o ABSOLUTE
    _printf_longlong_hex                     0x00000000   Number         0  stubs.o ABSOLUTE
    _printf_longlong_oct                     0x00000000   Number         0  stubs.o ABSOLUTE
    _printf_ls                               0x00000000   Number         0  stubs.o ABSOLUTE
    _printf_mbtowc                           0x00000000   Number         0  stubs.o ABSOLUTE
    _printf_n                                0x00000000   Number         0  stubs.o ABSOLUTE
    _printf_o                                0x00000000   Number         0  stubs.o ABSOLUTE
    _printf_p                                0x00000000   Number         0  stubs.o ABSOLUTE
    _printf_percent                          0x00000000   Number         0  stubs.o ABSOLUTE
    _printf_pre_padding                      0x00000000   Number         0  stubs.o ABSOLUTE
    _printf_return_value                     0x00000000   Number         0  stubs.o ABSOLUTE
    _printf_s                                0x00000000   Number         0  stubs.o ABSOLUTE
    _printf_sizespec                         0x00000000   Number         0  stubs.o ABSOLUTE
    _printf_str                              0x00000000   Number         0  stubs.o ABSOLUTE
    _printf_truncate_signed                  0x00000000   Number         0  stubs.o ABSOLUTE
    _printf_truncate_unsigned                0x00000000   Number         0  stubs.o ABSOLUTE
    _printf_u                                0x00000000   Number         0  stubs.o ABSOLUTE
    _printf_wc                               0x00000000   Number         0  stubs.o ABSOLUTE
    _printf_wctomb                           0x00000000   Number         0  stubs.o ABSOLUTE
    _printf_widthprec                        0x00000000   Number         0  stubs.o ABSOLUTE
    _printf_x                                0x00000000   Number         0  stubs.o ABSOLUTE
    __cpp_initialize__aeabi_                  - Undefined Weak Reference
    __cxa_finalize                            - Undefined Weak Reference
    __decompress                              - Undefined Weak Reference
    _clock_init                               - Undefined Weak Reference
    _microlib_exit                            - Undefined Weak Reference
    __Vectors_Size                           0x00000188   Number         0  startup_stm32f407xx.o ABSOLUTE
    __Vectors                                0x08000000   Data           4  startup_stm32f407xx.o(RESET)
    __Vectors_End                            0x08000188   Data           0  startup_stm32f407xx.o(RESET)
    __main                                   0x08000189   Thumb Code     0  entry.o(.ARM.Collect$$$$00000000)
    _main_stk                                0x08000189   Thumb Code     0  entry2.o(.ARM.Collect$$$$00000001)
    _main_scatterload                        0x0800018d   Thumb Code     0  entry5.o(.ARM.Collect$$$$00000004)
    __main_after_scatterload                 0x08000191   Thumb Code     0  entry5.o(.ARM.Collect$$$$00000004)
    _main_clock                              0x08000191   Thumb Code     0  entry7b.o(.ARM.Collect$$$$00000008)
    _main_cpp_init                           0x08000191   Thumb Code     0  entry8b.o(.ARM.Collect$$$$0000000A)
    _main_init                               0x08000191   Thumb Code     0  entry9a.o(.ARM.Collect$$$$0000000B)
    __rt_final_cpp                           0x08000199   Thumb Code     0  entry10a.o(.ARM.Collect$$$$0000000D)
    __rt_final_exit                          0x08000199   Thumb Code     0  entry11a.o(.ARM.Collect$$$$0000000F)
    SVC_Handler                              0x0800019d   Thumb Code    28  port.o(.emb_text)
    __asm___6_port_c_39a90d8d__prvStartFirstTask 0x080001bd   Thumb Code    36  port.o(.emb_text)
    __asm___6_port_c_39a90d8d__prvEnableVFP  0x080001e5   Thumb Code    16  port.o(.emb_text)
    PendSV_Handler                           0x080001f9   Thumb Code    88  port.o(.emb_text)
    vPortGetIPSR                             0x08000255   Thumb Code     6  port.o(.emb_text)
    Reset_Handler                            0x0800025d   Thumb Code     8  startup_stm32f407xx.o(.text)
    ADC_IRQHandler                           0x08000277   Thumb Code     0  startup_stm32f407xx.o(.text)
    CAN1_RX0_IRQHandler                      0x08000277   Thumb Code     0  startup_stm32f407xx.o(.text)
    CAN1_RX1_IRQHandler                      0x08000277   Thumb Code     0  startup_stm32f407xx.o(.text)
    CAN1_SCE_IRQHandler                      0x08000277   Thumb Code     0  startup_stm32f407xx.o(.text)
    CAN1_TX_IRQHandler                       0x08000277   Thumb Code     0  startup_stm32f407xx.o(.text)
    CAN2_RX0_IRQHandler                      0x08000277   Thumb Code     0  startup_stm32f407xx.o(.text)
    CAN2_RX1_IRQHandler                      0x08000277   Thumb Code     0  startup_stm32f407xx.o(.text)
    CAN2_SCE_IRQHandler                      0x08000277   Thumb Code     0  startup_stm32f407xx.o(.text)
    CAN2_TX_IRQHandler                       0x08000277   Thumb Code     0  startup_stm32f407xx.o(.text)
    DCMI_IRQHandler                          0x08000277   Thumb Code     0  startup_stm32f407xx.o(.text)
    DMA1_Stream0_IRQHandler                  0x08000277   Thumb Code     0  startup_stm32f407xx.o(.text)
    DMA1_Stream1_IRQHandler                  0x08000277   Thumb Code     0  startup_stm32f407xx.o(.text)
    DMA1_Stream2_IRQHandler                  0x08000277   Thumb Code     0  startup_stm32f407xx.o(.text)
    DMA1_Stream3_IRQHandler                  0x08000277   Thumb Code     0  startup_stm32f407xx.o(.text)
    DMA1_Stream4_IRQHandler                  0x08000277   Thumb Code     0  startup_stm32f407xx.o(.text)
    DMA1_Stream5_IRQHandler                  0x08000277   Thumb Code     0  startup_stm32f407xx.o(.text)
    DMA1_Stream6_IRQHandler                  0x08000277   Thumb Code     0  startup_stm32f407xx.o(.text)
    DMA1_Stream7_IRQHandler                  0x08000277   Thumb Code     0  startup_stm32f407xx.o(.text)
    DMA2_Stream0_IRQHandler                  0x08000277   Thumb Code     0  startup_stm32f407xx.o(.text)
    DMA2_Stream1_IRQHandler                  0x08000277   Thumb Code     0  startup_stm32f407xx.o(.text)
    DMA2_Stream2_IRQHandler                  0x08000277   Thumb Code     0  startup_stm32f407xx.o(.text)
    DMA2_Stream3_IRQHandler                  0x08000277   Thumb Code     0  startup_stm32f407xx.o(.text)
    DMA2_Stream4_IRQHandler                  0x08000277   Thumb Code     0  startup_stm32f407xx.o(.text)
    DMA2_Stream5_IRQHandler                  0x08000277   Thumb Code     0  startup_stm32f407xx.o(.text)
    DMA2_Stream6_IRQHandler                  0x08000277   Thumb Code     0  startup_stm32f407xx.o(.text)
    DMA2_Stream7_IRQHandler                  0x08000277   Thumb Code     0  startup_stm32f407xx.o(.text)
    ETH_IRQHandler                           0x08000277   Thumb Code     0  startup_stm32f407xx.o(.text)
    ETH_WKUP_IRQHandler                      0x08000277   Thumb Code     0  startup_stm32f407xx.o(.text)
    EXTI0_IRQHandler                         0x08000277   Thumb Code     0  startup_stm32f407xx.o(.text)
    EXTI15_10_IRQHandler                     0x08000277   Thumb Code     0  startup_stm32f407xx.o(.text)
    EXTI1_IRQHandler                         0x08000277   Thumb Code     0  startup_stm32f407xx.o(.text)
    EXTI2_IRQHandler                         0x08000277   Thumb Code     0  startup_stm32f407xx.o(.text)
    EXTI3_IRQHandler                         0x08000277   Thumb Code     0  startup_stm32f407xx.o(.text)
    EXTI4_IRQHandler                         0x08000277   Thumb Code     0  startup_stm32f407xx.o(.text)
    EXTI9_5_IRQHandler                       0x08000277   Thumb Code     0  startup_stm32f407xx.o(.text)
    FLASH_IRQHandler                         0x08000277   Thumb Code     0  startup_stm32f407xx.o(.text)
    FMC_IRQHandler                           0x08000277   Thumb Code     0  startup_stm32f407xx.o(.text)
    FPU_IRQHandler                           0x08000277   Thumb Code     0  startup_stm32f407xx.o(.text)
    HASH_RNG_IRQHandler                      0x08000277   Thumb Code     0  startup_stm32f407xx.o(.text)
    I2C1_ER_IRQHandler                       0x08000277   Thumb Code     0  startup_stm32f407xx.o(.text)
    I2C1_EV_IRQHandler                       0x08000277   Thumb Code     0  startup_stm32f407xx.o(.text)
    I2C2_ER_IRQHandler                       0x08000277   Thumb Code     0  startup_stm32f407xx.o(.text)
    I2C2_EV_IRQHandler                       0x08000277   Thumb Code     0  startup_stm32f407xx.o(.text)
    I2C3_ER_IRQHandler                       0x08000277   Thumb Code     0  startup_stm32f407xx.o(.text)
    I2C3_EV_IRQHandler                       0x08000277   Thumb Code     0  startup_stm32f407xx.o(.text)
    OTG_FS_IRQHandler                        0x08000277   Thumb Code     0  startup_stm32f407xx.o(.text)
    OTG_FS_WKUP_IRQHandler                   0x08000277   Thumb Code     0  startup_stm32f407xx.o(.text)
    OTG_HS_EP1_IN_IRQHandler                 0x08000277   Thumb Code     0  startup_stm32f407xx.o(.text)
    OTG_HS_EP1_OUT_IRQHandler                0x08000277   Thumb Code     0  startup_stm32f407xx.o(.text)
    OTG_HS_IRQHandler                        0x08000277   Thumb Code     0  startup_stm32f407xx.o(.text)
    OTG_HS_WKUP_IRQHandler                   0x08000277   Thumb Code     0  startup_stm32f407xx.o(.text)
    PVD_IRQHandler                           0x08000277   Thumb Code     0  startup_stm32f407xx.o(.text)
    RCC_IRQHandler                           0x08000277   Thumb Code     0  startup_stm32f407xx.o(.text)
    RTC_Alarm_IRQHandler                     0x08000277   Thumb Code     0  startup_stm32f407xx.o(.text)
    RTC_WKUP_IRQHandler                      0x08000277   Thumb Code     0  startup_stm32f407xx.o(.text)
    SDIO_IRQHandler                          0x08000277   Thumb Code     0  startup_stm32f407xx.o(.text)
    SPI1_IRQHandler                          0x08000277   Thumb Code     0  startup_stm32f407xx.o(.text)
    SPI2_IRQHandler                          0x08000277   Thumb Code     0  startup_stm32f407xx.o(.text)
    SPI3_IRQHandler                          0x08000277   Thumb Code     0  startup_stm32f407xx.o(.text)
    TAMP_STAMP_IRQHandler                    0x08000277   Thumb Code     0  startup_stm32f407xx.o(.text)
    TIM1_BRK_TIM9_IRQHandler                 0x08000277   Thumb Code     0  startup_stm32f407xx.o(.text)
    TIM1_CC_IRQHandler                       0x08000277   Thumb Code     0  startup_stm32f407xx.o(.text)
    TIM1_TRG_COM_TIM11_IRQHandler            0x08000277   Thumb Code     0  startup_stm32f407xx.o(.text)
    TIM1_UP_TIM10_IRQHandler                 0x08000277   Thumb Code     0  startup_stm32f407xx.o(.text)
    TIM2_IRQHandler                          0x08000277   Thumb Code     0  startup_stm32f407xx.o(.text)
    TIM4_IRQHandler                          0x08000277   Thumb Code     0  startup_stm32f407xx.o(.text)
    TIM5_IRQHandler                          0x08000277   Thumb Code     0  startup_stm32f407xx.o(.text)
    TIM7_IRQHandler                          0x08000277   Thumb Code     0  startup_stm32f407xx.o(.text)
    TIM8_BRK_TIM12_IRQHandler                0x08000277   Thumb Code     0  startup_stm32f407xx.o(.text)
    TIM8_CC_IRQHandler                       0x08000277   Thumb Code     0  startup_stm32f407xx.o(.text)
    TIM8_TRG_COM_TIM14_IRQHandler            0x08000277   Thumb Code     0  startup_stm32f407xx.o(.text)
    TIM8_UP_TIM13_IRQHandler                 0x08000277   Thumb Code     0  startup_stm32f407xx.o(.text)
    UART4_IRQHandler                         0x08000277   Thumb Code     0  startup_stm32f407xx.o(.text)
    UART5_IRQHandler                         0x08000277   Thumb Code     0  startup_stm32f407xx.o(.text)
    USART1_IRQHandler                        0x08000277   Thumb Code     0  startup_stm32f407xx.o(.text)
    USART2_IRQHandler                        0x08000277   Thumb Code     0  startup_stm32f407xx.o(.text)
    USART3_IRQHandler                        0x08000277   Thumb Code     0  startup_stm32f407xx.o(.text)
    USART6_IRQHandler                        0x08000277   Thumb Code     0  startup_stm32f407xx.o(.text)
    WWDG_IRQHandler                          0x08000277   Thumb Code     0  startup_stm32f407xx.o(.text)
    __aeabi_uldivmod                         0x08000281   Thumb Code    98  uldiv.o(.text)
    __aeabi_memcpy                           0x080002e3   Thumb Code    36  memcpya.o(.text)
    __aeabi_memcpy4                          0x080002e3   Thumb Code     0  memcpya.o(.text)
    __aeabi_memcpy8                          0x080002e3   Thumb Code     0  memcpya.o(.text)
    __aeabi_memset                           0x08000307   Thumb Code    14  memseta.o(.text)
    __aeabi_memset4                          0x08000307   Thumb Code     0  memseta.o(.text)
    __aeabi_memset8                          0x08000307   Thumb Code     0  memseta.o(.text)
    __aeabi_memclr                           0x08000315   Thumb Code     4  memseta.o(.text)
    __aeabi_memclr4                          0x08000315   Thumb Code     0  memseta.o(.text)
    __aeabi_memclr8                          0x08000315   Thumb Code     0  memseta.o(.text)
    memset                                   0x08000319   Thumb Code    18  memseta.o(.text)
    __aeabi_llsl                             0x0800032b   Thumb Code    30  llshl.o(.text)
    _ll_shift_l                              0x0800032b   Thumb Code     0  llshl.o(.text)
    __aeabi_llsr                             0x08000349   Thumb Code    32  llushr.o(.text)
    _ll_ushift_r                             0x08000349   Thumb Code     0  llushr.o(.text)
    __scatterload                            0x08000369   Thumb Code    28  init.o(.text)
    __scatterload_rt2                        0x08000369   Thumb Code     0  init.o(.text)
    BusFault_Handler                         0x08000451   Thumb Code     4  stm32f4xx_it.o(i.BusFault_Handler)
    DebugMon_Handler                         0x08000455   Thumb Code     2  stm32f4xx_it.o(i.DebugMon_Handler)
    Error_Handler                            0x08000459   Thumb Code    14  exceptionhandler.o(i.Error_Handler)
    HAL_GPIO_Init                            0x080004f5   Thumb Code   466  stm32f4xx_hal_gpio.o(i.HAL_GPIO_Init)
    HAL_GPIO_ReadPin                         0x080006f5   Thumb Code    16  stm32f4xx_hal_gpio.o(i.HAL_GPIO_ReadPin)
    HAL_GPIO_WritePin                        0x08000705   Thumb Code    12  stm32f4xx_hal_gpio.o(i.HAL_GPIO_WritePin)
    HAL_GetTick                              0x08000711   Thumb Code     6  stm32f4xx_hal.o(i.HAL_GetTick)
    HAL_Init                                 0x0800071d   Thumb Code    54  stm32f4xx_hal.o(i.HAL_Init)
    HAL_InitTick                             0x08000759   Thumb Code    64  stm32f4xx_hal.o(i.HAL_InitTick)
    HAL_MspInit                              0x080007a5   Thumb Code    68  stm32f4xx_hal_msp.o(i.HAL_MspInit)
    HAL_NVIC_EnableIRQ                       0x080007ed   Thumb Code    32  stm32f4xx_hal_cortex.o(i.HAL_NVIC_EnableIRQ)
    HAL_NVIC_SetPriority                     0x0800080d   Thumb Code   124  stm32f4xx_hal_cortex.o(i.HAL_NVIC_SetPriority)
    HAL_NVIC_SetPriorityGrouping             0x08000889   Thumb Code    32  stm32f4xx_hal_cortex.o(i.HAL_NVIC_SetPriorityGrouping)
    HAL_RCC_ClockConfig                      0x080008b1   Thumb Code   366  stm32f4xx_hal_rcc.o(i.HAL_RCC_ClockConfig)
    HAL_RCC_GetHCLKFreq                      0x08000a31   Thumb Code     6  stm32f4xx_hal_rcc.o(i.HAL_RCC_GetHCLKFreq)
    HAL_RCC_GetPCLK1Freq                     0x08000a3d   Thumb Code    22  stm32f4xx_hal_rcc.o(i.HAL_RCC_GetPCLK1Freq)
    HAL_RCC_GetPCLK2Freq                     0x08000a5d   Thumb Code    22  stm32f4xx_hal_rcc.o(i.HAL_RCC_GetPCLK2Freq)
    HAL_RCC_GetSysClockFreq                  0x08000a7d   Thumb Code   162  stm32f4xx_hal_rcc.o(i.HAL_RCC_GetSysClockFreq)
    HAL_RCC_OscConfig                        0x08000b2d   Thumb Code  1086  stm32f4xx_hal_rcc.o(i.HAL_RCC_OscConfig)
    HAL_SYSTICK_Config                       0x08000f75   Thumb Code    52  stm32f4xx_hal_cortex.o(i.HAL_SYSTICK_Config)
    HAL_TIMEx_BreakCallback                  0x08000fa9   Thumb Code     2  stm32f4xx_hal_tim_ex.o(i.HAL_TIMEx_BreakCallback)
    HAL_TIMEx_CommutCallback                 0x08000fab   Thumb Code     2  stm32f4xx_hal_tim_ex.o(i.HAL_TIMEx_CommutCallback)
    HAL_TIMEx_MasterConfigSynchronization    0x08000fad   Thumb Code    84  stm32f4xx_hal_tim_ex.o(i.HAL_TIMEx_MasterConfigSynchronization)
    HAL_TIM_Base_Init                        0x08001001   Thumb Code    52  stm32f4xx_hal_tim.o(i.HAL_TIM_Base_Init)
    HAL_TIM_Base_MspInit                     0x08001035   Thumb Code     2  stm32f4xx_hal_tim.o(i.HAL_TIM_Base_MspInit)
    HAL_TIM_Base_Start_IT                    0x08001037   Thumb Code    42  stm32f4xx_hal_tim.o(i.HAL_TIM_Base_Start_IT)
    HAL_TIM_IC_CaptureCallback               0x08001061   Thumb Code    20  stm32f4xx_it.o(i.HAL_TIM_IC_CaptureCallback)
    HAL_TIM_IC_ConfigChannel                 0x08001079   Thumb Code   224  stm32f4xx_hal_tim.o(i.HAL_TIM_IC_ConfigChannel)
    HAL_TIM_IC_Init                          0x08001159   Thumb Code    52  stm32f4xx_hal_tim.o(i.HAL_TIM_IC_Init)
    HAL_TIM_IC_MspInit                       0x0800118d   Thumb Code     2  stm32f4xx_hal_tim.o(i.HAL_TIM_IC_MspInit)
    HAL_TIM_IC_Start_IT                      0x0800118f   Thumb Code   120  stm32f4xx_hal_tim.o(i.HAL_TIM_IC_Start_IT)
    HAL_TIM_IRQHandler                       0x08001207   Thumb Code   406  stm32f4xx_hal_tim.o(i.HAL_TIM_IRQHandler)
    HAL_TIM_OC_ConfigChannel                 0x0800139d   Thumb Code   116  stm32f4xx_hal_tim.o(i.HAL_TIM_OC_ConfigChannel)
    HAL_TIM_OC_DelayElapsedCallback          0x08001411   Thumb Code     2  stm32f4xx_hal_tim.o(i.HAL_TIM_OC_DelayElapsedCallback)
    HAL_TIM_OC_Init                          0x08001413   Thumb Code    52  stm32f4xx_hal_tim.o(i.HAL_TIM_OC_Init)
    HAL_TIM_OC_MspInit                       0x08001447   Thumb Code     2  stm32f4xx_hal_tim.o(i.HAL_TIM_OC_MspInit)
    HAL_TIM_PWM_PulseFinishedCallback        0x08001449   Thumb Code     2  stm32f4xx_hal_tim.o(i.HAL_TIM_PWM_PulseFinishedCallback)
    HAL_TIM_PWM_Start                        0x0800144d   Thumb Code    80  stm32f4xx_hal_tim.o(i.HAL_TIM_PWM_Start)
    HAL_TIM_PeriodElapsedCallback            0x080014a5   Thumb Code     2  stm32f4xx_it.o(i.HAL_TIM_PeriodElapsedCallback)
    HAL_TIM_ReadCapturedValue                0x080014a7   Thumb Code    50  stm32f4xx_hal_tim.o(i.HAL_TIM_ReadCapturedValue)
    HAL_TIM_TriggerCallback                  0x080014d9   Thumb Code     2  stm32f4xx_hal_tim.o(i.HAL_TIM_TriggerCallback)
    HAL_UART_Init                            0x080014db   Thumb Code   114  stm32f4xx_hal_uart.o(i.HAL_UART_Init)
    HAL_UART_MspInit                         0x0800154d   Thumb Code   346  stm32f4xx_hal_msp.o(i.HAL_UART_MspInit)
    HAL_UART_Transmit                        0x080016c1   Thumb Code   214  stm32f4xx_hal_uart.o(i.HAL_UART_Transmit)
    HardFault_Handler                        0x08001797   Thumb Code     4  stm32f4xx_it.o(i.HardFault_Handler)
    KEY_Init                                 0x0800179d   Thumb Code   118  key.o(i.KEY_Init)
    LCD_Fast_DrawPoint                       0x08001aa9   Thumb Code   142  tftlcd.o(i.LCD_Fast_DrawPoint)
    LCD_Scan_Dir                             0x08001f89   Thumb Code   748  tftlcd.o(i.LCD_Scan_Dir)
    LCD_ShowChar                             0x080022b9   Thumb Code   272  tftlcd.o(i.LCD_ShowChar)
    LCD_WriteRAM_Prepare                     0x080024fd   Thumb Code    12  tftlcd.o(i.LCD_WriteRAM_Prepare)
    MemManage_Handler                        0x080026ad   Thumb Code     4  stm32f4xx_it.o(i.MemManage_Handler)
    NMI_Handler                              0x080026b1   Thumb Code     2  stm32f4xx_it.o(i.NMI_Handler)
    PWM_INPUT_Init                           0x080026b5   Thumb Code   222  pwm.o(i.PWM_INPUT_Init)
    PWM_OUTPUT_Init                          0x080027a5   Thumb Code   264  pwm.o(i.PWM_OUTPUT_Init)
    SysTick_Handler                          0x080028bd   Thumb Code    46  port.o(i.SysTick_Handler)
    SystemClock_Config                       0x080028f1   Thumb Code   172  main.o(i.SystemClock_Config)
    SystemInit                               0x080029a5   Thumb Code    82  system_stm32f4xx.o(i.SystemInit)
    TIM3_IC_Callback                         0x08002a09   Thumb Code   138  pwm.o(i.TIM3_IC_Callback)
    TIM3_IRQHandler                          0x08002acd   Thumb Code    10  pwm.o(i.TIM3_IRQHandler)
    TIM6_DAC_IRQHandler                      0x08002add   Thumb Code    20  freertos_debug.o(i.TIM6_DAC_IRQHandler)
    TIM_Base_SetConfig                       0x08002af9   Thumb Code   170  stm32f4xx_hal_tim.o(i.TIM_Base_SetConfig)
    TIM_CCxChannelCmd                        0x08002bd1   Thumb Code    34  stm32f4xx_hal_tim.o(i.TIM_CCxChannelCmd)
    TIM_OC2_SetConfig                        0x08002c65   Thumb Code   114  stm32f4xx_hal_tim.o(i.TIM_OC2_SetConfig)
    TIM_TI1_SetConfig                        0x08002dad   Thumb Code   114  stm32f4xx_hal_tim.o(i.TIM_TI1_SetConfig)
    UsageFault_Handler                       0x080032c1   Thumb Code     4  stm32f4xx_it.o(i.UsageFault_Handler)
    __0printf$8                              0x080032c5   Thumb Code    22  printf8.o(i.__0printf$8)
    __1printf$8                              0x080032c5   Thumb Code     0  printf8.o(i.__0printf$8)
    __2printf                                0x080032c5   Thumb Code     0  printf8.o(i.__0printf$8)
    __0snprintf$8                            0x080032e5   Thumb Code    44  printf8.o(i.__0snprintf$8)
    __1snprintf$8                            0x080032e5   Thumb Code     0  printf8.o(i.__0snprintf$8)
    __2snprintf                              0x080032e5   Thumb Code     0  printf8.o(i.__0snprintf$8)
    __scatterload_copy                       0x0800334d   Thumb Code    14  handlers.o(i.__scatterload_copy)
    __scatterload_null                       0x0800335b   Thumb Code     2  handlers.o(i.__scatterload_null)
    __scatterload_zeroinit                   0x0800335d   Thumb Code    14  handlers.o(i.__scatterload_zeroinit)
    delay_ms                                 0x080037e5   Thumb Code    12  tftlcd.o(i.delay_ms)
    fputc                                    0x080037f1   Thumb Code    26  main.o(i.fputc)
    getKeyStatus                             0x08003811   Thumb Code   320  key.o(i.getKeyStatus)
    getTIM3ICValue                           0x0800395d   Thumb Code    18  pwm.o(i.getTIM3ICValue)
    main                                     0x08003975   Thumb Code    24  main.o(i.main)
    pvPortMalloc                             0x08004359   Thumb Code   296  heap_4.o(i.pvPortMalloc)
    pxPortInitialiseStack                    0x08004495   Thumb Code    38  port.o(i.pxPortInitialiseStack)
    uxListRemove                             0x080044c1   Thumb Code    40  list.o(i.uxListRemove)
    vInteractionStart                        0x080044e9   Thumb Code    96  rc.o(i.vInteractionStart)
    vListInitialise                          0x080045b5   Thumb Code    26  list.o(i.vListInitialise)
    vListInitialiseItem                      0x080045cf   Thumb Code     6  list.o(i.vListInitialiseItem)
    vListInsert                              0x080045d5   Thumb Code    52  list.o(i.vListInsert)
    vListInsertEnd                           0x08004609   Thumb Code    24  list.o(i.vListInsertEnd)
    vPortEnterCritical                       0x08004621   Thumb Code    76  port.o(i.vPortEnterCritical)
    vPortExitCritical                        0x08004675   Thumb Code    56  port.o(i.vPortExitCritical)
    vPortFree                                0x080046b1   Thumb Code   140  heap_4.o(i.vPortFree)
    vPortSetupTimerInterrupt                 0x08004745   Thumb Code    36  port.o(i.vPortSetupTimerInterrupt)
    vPortValidateInterruptPriority           0x0800476d   Thumb Code   106  port.o(i.vPortValidateInterruptPriority)
    vQueueAddToRegistry                      0x080047e5   Thumb Code    38  queue.o(i.vQueueAddToRegistry)
    vQueueWaitForMessageRestricted           0x08004811   Thumb Code    74  queue.o(i.vQueueWaitForMessageRestricted)
    vRCStart                                 0x0800485d   Thumb Code    18  rc.o(i.vRCStart)
    vSystemDebugStart                        0x0800487d   Thumb Code    22  freertos_debug.o(i.vSystemDebugStart)
    vTaskDelay                               0x080048a9   Thumb Code    82  tasks.o(i.vTaskDelay)
    vTaskInternalSetTimeOutState             0x08004905   Thumb Code    14  tasks.o(i.vTaskInternalSetTimeOutState)
    vTaskMissedYield                         0x0800491d   Thumb Code     8  tasks.o(i.vTaskMissedYield)
    vTaskPlaceOnEventList                    0x08004929   Thumb Code    52  tasks.o(i.vTaskPlaceOnEventList)
    vTaskPlaceOnEventListRestricted          0x08004961   Thumb Code    60  tasks.o(i.vTaskPlaceOnEventListRestricted)
    vTaskStartScheduler                      0x080049a1   Thumb Code   122  tasks.o(i.vTaskStartScheduler)
    vTaskSuspendAll                          0x08004a3d   Thumb Code    12  tasks.o(i.vTaskSuspendAll)
    vTaskSwitchContext                       0x08004a4d   Thumb Code   170  tasks.o(i.vTaskSwitchContext)
    xPortStartScheduler                      0x08004b19   Thumb Code   330  port.o(i.xPortStartScheduler)
    xQueueGenericCreate                      0x08004c81   Thumb Code    90  queue.o(i.xQueueGenericCreate)
    xQueueGenericReset                       0x08004cdd   Thumb Code   146  queue.o(i.xQueueGenericReset)
    xQueueGenericSend                        0x08004d75   Thumb Code   420  queue.o(i.xQueueGenericSend)
    xQueueGenericSendFromISR                 0x08004f1d   Thumb Code   248  queue.o(i.xQueueGenericSendFromISR)
    xQueueReceive                            0x08005015   Thumb Code   356  queue.o(i.xQueueReceive)
    xTaskCheckForTimeOut                     0x0800517d   Thumb Code   132  tasks.o(i.xTaskCheckForTimeOut)
    xTaskCreate                              0x08005209   Thumb Code    96  tasks.o(i.xTaskCreate)
    xTaskGetSchedulerState                   0x08005269   Thumb Code    24  tasks.o(i.xTaskGetSchedulerState)
    xTaskGetTickCount                        0x08005289   Thumb Code     6  tasks.o(i.xTaskGetTickCount)
    xTaskIncrementTick                       0x08005295   Thumb Code   282  tasks.o(i.xTaskIncrementTick)
    xTaskPriorityDisinherit                  0x080053dd   Thumb Code   188  tasks.o(i.xTaskPriorityDisinherit)
    xTaskRemoveFromEventList                 0x080054a5   Thumb Code   128  tasks.o(i.xTaskRemoveFromEventList)
    xTaskResumeAll                           0x0800553d   Thumb Code   224  tasks.o(i.xTaskResumeAll)
    xTimerCreateTimerTask                    0x08005641   Thumb Code    66  timers.o(i.xTimerCreateTimerTask)
    xTimerGenericCommand                     0x08005699   Thumb Code   126  timers.o(i.xTimerGenericCommand)
    AHBPrescTable                            0x0800571c   Data          16  system_stm32f4xx.o(.constdata)
    APBPrescTable                            0x0800572c   Data           8  system_stm32f4xx.o(.constdata)
    asc2_1206                                0x08005734   Data        1140  tftlcd.o(.constdata)
    asc2_1608                                0x08005ba8   Data        1520  tftlcd.o(.constdata)
    asc2_2412                                0x08006198   Data        3420  tftlcd.o(.constdata)
    Region$$Table$$Base                      0x08006ef4   Number         0  anon$$obj.o(Region$$Table)
    Region$$Table$$Limit                     0x08006f14   Number         0  anon$$obj.o(Region$$Table)
    uwTick                                   0x20000004   Data           4  stm32f4xx_hal.o(.data)
    uwTickPrio                               0x20000008   Data           4  stm32f4xx_hal.o(.data)
    uwTickFreq                               0x2000000c   Data           1  stm32f4xx_hal.o(.data)
    SystemCoreClock                          0x20000010   Data           4  system_stm32f4xx.o(.data)
    pxCurrentTCB                             0x20000014   Data           4  tasks.o(.data)
    POINT_COLOR                              0x20000090   Data           2  tftlcd.o(.data)
    BACK_COLOR                               0x20000092   Data           2  tftlcd.o(.data)
    LCD                                      0x20000094   Data          44  tftlcd.o(.data)
    xHandleTaskSystemDebug                   0x200000c0   Data           4  freertos_debug.o(.data)
    ulHighFrequencyTimerTicks                0x200000c4   Data           4  freertos_debug.o(.data)
    xHandleTaskRC                            0x200000c8   Data           4  rc.o(.data)
    __stdout                                 0x200000d0   Data           4  stdout.o(.data)
    huart1                                   0x200000d4   Data          64  main.o(.bss)
    huart2                                   0x20000114   Data          64  main.o(.bss)
    huart3                                   0x20000154   Data          64  main.o(.bss)
    hhcd_USB_OTG_FS                          0x20000194   Data         708  main.o(.bss)
    xQueueRegistry                           0x20000458   Data          64  queue.o(.bss)
    htim6                                    0x200133a4   Data          64  freertos_debug.o(.bss)
    TIM3_Handler                             0x20013400   Data          64  pwm.o(.bss)
    TIM3_IC_Value                            0x20013440   Data          16  pwm.o(.bss)
    TIM4_Handler                             0x20013450   Data          64  pwm.o(.bss)
    __initial_sp                             0x20013cb0   Data           0  startup_stm32f407xx.o(STACK)



==============================================================================

Memory Map of the image

  Image Entry point : 0x08000189

  Load Region LR_IROM1 (Base: 0x08000000, Size: 0x00006fe8, Max: 0x00080000, ABSOLUTE)

    Execution Region ER_IROM1 (Exec base: 0x08000000, Load base: 0x08000000, Size: 0x00006f14, Max: 0x00080000, ABSOLUTE)

    Exec Addr    Load Addr    Size         Type   Attr      Idx    E Section Name        Object

    0x08000000   0x08000000   0x00000188   Data   RO            3    RESET               startup_stm32f407xx.o
    0x08000188   0x08000188   0x00000000   Code   RO         4883  * .ARM.Collect$$$$00000000  mc_w.l(entry.o)
    0x08000188   0x08000188   0x00000004   Code   RO         5161    .ARM.Collect$$$$00000001  mc_w.l(entry2.o)
    0x0800018c   0x0800018c   0x00000004   Code   RO         5164    .ARM.Collect$$$$00000004  mc_w.l(entry5.o)
    0x08000190   0x08000190   0x00000000   Code   RO         5166    .ARM.Collect$$$$00000008  mc_w.l(entry7b.o)
    0x08000190   0x08000190   0x00000000   Code   RO         5168    .ARM.Collect$$$$0000000A  mc_w.l(entry8b.o)
    0x08000190   0x08000190   0x00000008   Code   RO         5169    .ARM.Collect$$$$0000000B  mc_w.l(entry9a.o)
    0x08000198   0x08000198   0x00000000   Code   RO         5171    .ARM.Collect$$$$0000000D  mc_w.l(entry10a.o)
    0x08000198   0x08000198   0x00000000   Code   RO         5173    .ARM.Collect$$$$0000000F  mc_w.l(entry11a.o)
    0x08000198   0x08000198   0x00000004   Code   RO         5162    .ARM.Collect$$$$00002712  mc_w.l(entry2.o)
    0x0800019c   0x0800019c   0x000000be   Code   RO         4468    .emb_text           port.o
    0x0800025a   0x0800025a   0x00000002   PAD
    0x0800025c   0x0800025c   0x00000024   Code   RO            4    .text               startup_stm32f407xx.o
    0x08000280   0x08000280   0x00000062   Code   RO         4886    .text               mc_w.l(uldiv.o)
    0x080002e2   0x080002e2   0x00000024   Code   RO         4888    .text               mc_w.l(memcpya.o)
    0x08000306   0x08000306   0x00000024   Code   RO         4892    .text               mc_w.l(memseta.o)
    0x0800032a   0x0800032a   0x0000001e   Code   RO         5178    .text               mc_w.l(llshl.o)
    0x08000348   0x08000348   0x00000020   Code   RO         5180    .text               mc_w.l(llushr.o)
    0x08000368   0x08000368   0x00000024   Code   RO         5193    .text               mc_w.l(init.o)
    0x0800038c   0x0800038c   0x000000bc   Code   RO           13    i.AppTaskCreate     main.o
    0x08000448   0x08000448   0x00000008   Code   RO           14    i.BSP_Init          main.o
    0x08000450   0x08000450   0x00000004   Code   RO          256    i.BusFault_Handler  stm32f4xx_it.o
    0x08000454   0x08000454   0x00000002   Code   RO          257    i.DebugMon_Handler  stm32f4xx_it.o
    0x08000456   0x08000456   0x00000002   PAD
    0x08000458   0x08000458   0x00000014   Code   RO          374    i.Error_Handler     exceptionhandler.o
    0x0800046c   0x0800046c   0x00000088   Code   RO         4682    i.FreeRTOSDebugInit  freertos_debug.o
    0x080004f4   0x080004f4   0x00000200   Code   RO         2551    i.HAL_GPIO_Init     stm32f4xx_hal_gpio.o
    0x080006f4   0x080006f4   0x00000010   Code   RO         2553    i.HAL_GPIO_ReadPin  stm32f4xx_hal_gpio.o
    0x08000704   0x08000704   0x0000000c   Code   RO         2555    i.HAL_GPIO_WritePin  stm32f4xx_hal_gpio.o
    0x08000710   0x08000710   0x0000000c   Code   RO         3088    i.HAL_GetTick       stm32f4xx_hal.o
    0x0800071c   0x0800071c   0x0000003c   Code   RO         3095    i.HAL_Init          stm32f4xx_hal.o
    0x08000758   0x08000758   0x0000004c   Code   RO         3096    i.HAL_InitTick      stm32f4xx_hal.o
    0x080007a4   0x080007a4   0x00000048   Code   RO          328    i.HAL_MspInit       stm32f4xx_hal_msp.o
    0x080007ec   0x080007ec   0x00000020   Code   RO         2940    i.HAL_NVIC_EnableIRQ  stm32f4xx_hal_cortex.o
    0x0800080c   0x0800080c   0x0000007c   Code   RO         2946    i.HAL_NVIC_SetPriority  stm32f4xx_hal_cortex.o
    0x08000888   0x08000888   0x00000028   Code   RO         2947    i.HAL_NVIC_SetPriorityGrouping  stm32f4xx_hal_cortex.o
    0x080008b0   0x080008b0   0x00000180   Code   RO         2152    i.HAL_RCC_ClockConfig  stm32f4xx_hal_rcc.o
    0x08000a30   0x08000a30   0x0000000c   Code   RO         2157    i.HAL_RCC_GetHCLKFreq  stm32f4xx_hal_rcc.o
    0x08000a3c   0x08000a3c   0x00000020   Code   RO         2159    i.HAL_RCC_GetPCLK1Freq  stm32f4xx_hal_rcc.o
    0x08000a5c   0x08000a5c   0x00000020   Code   RO         2160    i.HAL_RCC_GetPCLK2Freq  stm32f4xx_hal_rcc.o
    0x08000a7c   0x08000a7c   0x000000b0   Code   RO         2161    i.HAL_RCC_GetSysClockFreq  stm32f4xx_hal_rcc.o
    0x08000b2c   0x08000b2c   0x00000448   Code   RO         2164    i.HAL_RCC_OscConfig  stm32f4xx_hal_rcc.o
    0x08000f74   0x08000f74   0x00000034   Code   RO         2951    i.HAL_SYSTICK_Config  stm32f4xx_hal_cortex.o
    0x08000fa8   0x08000fa8   0x00000002   Code   RO         1087    i.HAL_TIMEx_BreakCallback  stm32f4xx_hal_tim_ex.o
    0x08000faa   0x08000faa   0x00000002   Code   RO         1088    i.HAL_TIMEx_CommutCallback  stm32f4xx_hal_tim_ex.o
    0x08000fac   0x08000fac   0x00000054   Code   RO         1105    i.HAL_TIMEx_MasterConfigSynchronization  stm32f4xx_hal_tim_ex.o
    0x08001000   0x08001000   0x00000034   Code   RO          400    i.HAL_TIM_Base_Init  stm32f4xx_hal_tim.o
    0x08001034   0x08001034   0x00000002   Code   RO          402    i.HAL_TIM_Base_MspInit  stm32f4xx_hal_tim.o
    0x08001036   0x08001036   0x0000002a   Code   RO          405    i.HAL_TIM_Base_Start_IT  stm32f4xx_hal_tim.o
    0x08001060   0x08001060   0x00000018   Code   RO          258    i.HAL_TIM_IC_CaptureCallback  stm32f4xx_it.o
    0x08001078   0x08001078   0x000000e0   Code   RO          431    i.HAL_TIM_IC_ConfigChannel  stm32f4xx_hal_tim.o
    0x08001158   0x08001158   0x00000034   Code   RO          434    i.HAL_TIM_IC_Init   stm32f4xx_hal_tim.o
    0x0800118c   0x0800118c   0x00000002   Code   RO          436    i.HAL_TIM_IC_MspInit  stm32f4xx_hal_tim.o
    0x0800118e   0x0800118e   0x00000078   Code   RO          439    i.HAL_TIM_IC_Start_IT  stm32f4xx_hal_tim.o
    0x08001206   0x08001206   0x00000196   Code   RO          443    i.HAL_TIM_IRQHandler  stm32f4xx_hal_tim.o
    0x0800139c   0x0800139c   0x00000074   Code   RO          444    i.HAL_TIM_OC_ConfigChannel  stm32f4xx_hal_tim.o
    0x08001410   0x08001410   0x00000002   Code   RO          446    i.HAL_TIM_OC_DelayElapsedCallback  stm32f4xx_hal_tim.o
    0x08001412   0x08001412   0x00000034   Code   RO          448    i.HAL_TIM_OC_Init   stm32f4xx_hal_tim.o
    0x08001446   0x08001446   0x00000002   Code   RO          450    i.HAL_TIM_OC_MspInit  stm32f4xx_hal_tim.o
    0x08001448   0x08001448   0x00000002   Code   RO          473    i.HAL_TIM_PWM_PulseFinishedCallback  stm32f4xx_hal_tim.o
    0x0800144a   0x0800144a   0x00000002   PAD
    0x0800144c   0x0800144c   0x00000058   Code   RO          475    i.HAL_TIM_PWM_Start  stm32f4xx_hal_tim.o
    0x080014a4   0x080014a4   0x00000002   Code   RO          259    i.HAL_TIM_PeriodElapsedCallback  stm32f4xx_it.o
    0x080014a6   0x080014a6   0x00000032   Code   RO          483    i.HAL_TIM_ReadCapturedValue  stm32f4xx_hal_tim.o
    0x080014d8   0x080014d8   0x00000002   Code   RO          486    i.HAL_TIM_TriggerCallback  stm32f4xx_hal_tim.o
    0x080014da   0x080014da   0x00000072   Code   RO         1363    i.HAL_UART_Init     stm32f4xx_hal_uart.o
    0x0800154c   0x0800154c   0x00000174   Code   RO          330    i.HAL_UART_MspInit  stm32f4xx_hal_msp.o
    0x080016c0   0x080016c0   0x000000d6   Code   RO         1371    i.HAL_UART_Transmit  stm32f4xx_hal_uart.o
    0x08001796   0x08001796   0x00000004   Code   RO          260    i.HardFault_Handler  stm32f4xx_it.o
    0x0800179a   0x0800179a   0x00000002   PAD
    0x0800179c   0x0800179c   0x00000084   Code   RO         4854    i.KEY_Init          key.o
    0x08001820   0x08001820   0x00000020   Code   RO         4733    i.LCDPWM_INFODISPLAY  rc.o
    0x08001840   0x08001840   0x00000178   Code   RO         4734    i.LCDPWM_INFO_LINE_DISPLAY  rc.o
    0x080019b8   0x080019b8   0x00000018   Code   RO         4548    i.LCD_BlackLight    tftlcd.o
    0x080019d0   0x080019d0   0x0000002c   Code   RO         4549    i.LCD_Clear         tftlcd.o
    0x080019fc   0x080019fc   0x00000044   Code   RO         4550    i.LCD_ClearLine     tftlcd.o
    0x08001a40   0x08001a40   0x00000068   Code   RO         4551    i.LCD_DisplayDir    tftlcd.o
    0x08001aa8   0x08001aa8   0x0000009c   Code   RO         4553    i.LCD_Fast_DrawPoint  tftlcd.o
    0x08001b44   0x08001b44   0x000000dc   Code   RO         4554    i.LCD_HardwareInit  tftlcd.o
    0x08001c20   0x08001c20   0x000002c4   Code   RO         4555    i.LCD_Init          tftlcd.o
    0x08001ee4   0x08001ee4   0x00000094   Code   RO         4556    i.LCD_RD_DATA       tftlcd.o
    0x08001f78   0x08001f78   0x00000010   Code   RO         4557    i.LCD_ReadReg       tftlcd.o
    0x08001f88   0x08001f88   0x000002f0   Code   RO         4558    i.LCD_Scan_Dir      tftlcd.o
    0x08002278   0x08002278   0x00000040   Code   RO         4559    i.LCD_SetCursor     tftlcd.o
    0x080022b8   0x080022b8   0x00000128   Code   RO         4560    i.LCD_ShowChar      tftlcd.o
    0x080023e0   0x080023e0   0x00000066   Code   RO         4561    i.LCD_ShowString    tftlcd.o
    0x08002446   0x08002446   0x00000024   Code   RO         4562    i.LCD_ShowStringLine  tftlcd.o
    0x0800246a   0x0800246a   0x00000002   PAD
    0x0800246c   0x0800246c   0x00000048   Code   RO         4563    i.LCD_WRITE_DATA    tftlcd.o
    0x080024b4   0x080024b4   0x00000048   Code   RO         4564    i.LCD_WRITE_REG     tftlcd.o
    0x080024fc   0x080024fc   0x00000010   Code   RO         4565    i.LCD_WriteRAM_Prepare  tftlcd.o
    0x0800250c   0x0800250c   0x00000014   Code   RO         4566    i.LCD_WriteReg      tftlcd.o
    0x08002520   0x08002520   0x000000e4   Code   RO           15    i.MX_GPIO_Init      main.o
    0x08002604   0x08002604   0x00000038   Code   RO           16    i.MX_USART1_UART_Init  main.o
    0x0800263c   0x0800263c   0x00000038   Code   RO           17    i.MX_USART2_UART_Init  main.o
    0x08002674   0x08002674   0x00000038   Code   RO           18    i.MX_USART3_UART_Init  main.o
    0x080026ac   0x080026ac   0x00000004   Code   RO          261    i.MemManage_Handler  stm32f4xx_it.o
    0x080026b0   0x080026b0   0x00000002   Code   RO          262    i.NMI_Handler       stm32f4xx_it.o
    0x080026b2   0x080026b2   0x00000002   PAD
    0x080026b4   0x080026b4   0x000000f0   Code   RO         4797    i.PWM_INPUT_Init    pwm.o
    0x080027a4   0x080027a4   0x00000118   Code   RO         4798    i.PWM_OUTPUT_Init   pwm.o
    0x080028bc   0x080028bc   0x00000034   Code   RO         4469    i.SysTick_Handler   port.o
    0x080028f0   0x080028f0   0x000000b4   Code   RO           20    i.SystemClock_Config  main.o
    0x080029a4   0x080029a4   0x00000064   Code   RO         3331    i.SystemInit        system_stm32f4xx.o
    0x08002a08   0x08002a08   0x000000c4   Code   RO         4800    i.TIM3_IC_Callback  pwm.o
    0x08002acc   0x08002acc   0x00000010   Code   RO         4801    i.TIM3_IRQHandler   pwm.o
    0x08002adc   0x08002adc   0x0000001c   Code   RO         4683    i.TIM6_DAC_IRQHandler  freertos_debug.o
    0x08002af8   0x08002af8   0x000000d8   Code   RO          488    i.TIM_Base_SetConfig  stm32f4xx_hal_tim.o
    0x08002bd0   0x08002bd0   0x00000022   Code   RO          489    i.TIM_CCxChannelCmd  stm32f4xx_hal_tim.o
    0x08002bf2   0x08002bf2   0x00000002   PAD
    0x08002bf4   0x08002bf4   0x00000070   Code   RO          501    i.TIM_OC1_SetConfig  stm32f4xx_hal_tim.o
    0x08002c64   0x08002c64   0x0000007c   Code   RO          502    i.TIM_OC2_SetConfig  stm32f4xx_hal_tim.o
    0x08002ce0   0x08002ce0   0x00000078   Code   RO          503    i.TIM_OC3_SetConfig  stm32f4xx_hal_tim.o
    0x08002d58   0x08002d58   0x00000054   Code   RO          504    i.TIM_OC4_SetConfig  stm32f4xx_hal_tim.o
    0x08002dac   0x08002dac   0x00000090   Code   RO          507    i.TIM_TI1_SetConfig  stm32f4xx_hal_tim.o
    0x08002e3c   0x08002e3c   0x0000003a   Code   RO          509    i.TIM_TI2_SetConfig  stm32f4xx_hal_tim.o
    0x08002e76   0x08002e76   0x00000038   Code   RO          510    i.TIM_TI3_SetConfig  stm32f4xx_hal_tim.o
    0x08002eae   0x08002eae   0x0000003c   Code   RO          511    i.TIM_TI4_SetConfig  stm32f4xx_hal_tim.o
    0x08002eea   0x08002eea   0x00000002   PAD
    0x08002eec   0x08002eec   0x00000368   Code   RO         1390    i.UART_SetConfig    stm32f4xx_hal_uart.o
    0x08003254   0x08003254   0x0000006c   Code   RO         1392    i.UART_WaitOnFlagUntilTimeout  stm32f4xx_hal_uart.o
    0x080032c0   0x080032c0   0x00000004   Code   RO          263    i.UsageFault_Handler  stm32f4xx_it.o
    0x080032c4   0x080032c4   0x00000020   Code   RO         5107    i.__0printf$8       mc_w.l(printf8.o)
    0x080032e4   0x080032e4   0x00000030   Code   RO         5108    i.__0snprintf$8     mc_w.l(printf8.o)
    0x08003314   0x08003314   0x00000010   Code   RO         2953    i.__NVIC_GetPriorityGrouping  stm32f4xx_hal_cortex.o
    0x08003324   0x08003324   0x00000028   Code   RO         2954    i.__NVIC_SetPriority  stm32f4xx_hal_cortex.o
    0x0800334c   0x0800334c   0x0000000e   Code   RO         5201    i.__scatterload_copy  mc_w.l(handlers.o)
    0x0800335a   0x0800335a   0x00000002   Code   RO         5202    i.__scatterload_null  mc_w.l(handlers.o)
    0x0800335c   0x0800335c   0x0000000e   Code   RO         5203    i.__scatterload_zeroinit  mc_w.l(handlers.o)
    0x0800336a   0x0800336a   0x00000002   PAD
    0x0800336c   0x0800336c   0x00000410   Code   RO         5114    i._printf_core      mc_w.l(printf8.o)
    0x0800377c   0x0800377c   0x00000024   Code   RO         5115    i._printf_post_padding  mc_w.l(printf8.o)
    0x080037a0   0x080037a0   0x0000002e   Code   RO         5116    i._printf_pre_padding  mc_w.l(printf8.o)
    0x080037ce   0x080037ce   0x00000016   Code   RO         5117    i._snputc           mc_w.l(printf8.o)
    0x080037e4   0x080037e4   0x0000000c   Code   RO         4567    i.delay_ms          tftlcd.o
    0x080037f0   0x080037f0   0x00000020   Code   RO           21    i.fputc             main.o
    0x08003810   0x08003810   0x0000014c   Code   RO         4855    i.getKeyStatus      key.o
    0x0800395c   0x0800395c   0x00000018   Code   RO         4802    i.getTIM3ICValue    pwm.o
    0x08003974   0x08003974   0x00000018   Code   RO           22    i.main              main.o
    0x0800398c   0x0800398c   0x00000098   Code   RO         3895    i.prvAddCurrentTaskToDelayedList  tasks.o
    0x08003a24   0x08003a24   0x000000b8   Code   RO         3896    i.prvAddNewTaskToReadyList  tasks.o
    0x08003adc   0x08003adc   0x00000064   Code   RO         4268    i.prvCheckForValidListAndQueue  timers.o
    0x08003b40   0x08003b40   0x00000048   Code   RO         3897    i.prvCheckTasksWaitingTermination  tasks.o
    0x08003b88   0x08003b88   0x0000002a   Code   RO         3518    i.prvCopyDataFromQueue  queue.o
    0x08003bb2   0x08003bb2   0x0000007e   Code   RO         3519    i.prvCopyDataToQueue  queue.o
    0x08003c30   0x08003c30   0x00000012   Code   RO         3898    i.prvDeleteTCB      tasks.o
    0x08003c42   0x08003c42   0x00000002   PAD
    0x08003c44   0x08003c44   0x00000028   Code   RO         4269    i.prvGetNextExpireTime  timers.o
    0x08003c6c   0x08003c6c   0x0000007c   Code   RO         4419    i.prvHeapInit       heap_4.o
    0x08003ce8   0x08003ce8   0x00000028   Code   RO         3899    i.prvIdleTask       tasks.o
    0x08003d10   0x08003d10   0x0000002a   Code   RO         3522    i.prvInitialiseNewQueue  queue.o
    0x08003d3a   0x08003d3a   0x000000c0   Code   RO         3900    i.prvInitialiseNewTask  tasks.o
    0x08003dfa   0x08003dfa   0x00000002   PAD
    0x08003dfc   0x08003dfc   0x00000068   Code   RO         3901    i.prvInitialiseTaskLists  tasks.o
    0x08003e64   0x08003e64   0x00000068   Code   RO         4420    i.prvInsertBlockIntoFreeList  heap_4.o
    0x08003ecc   0x08003ecc   0x00000058   Code   RO         4271    i.prvInsertTimerInActiveList  timers.o
    0x08003f24   0x08003f24   0x0000001a   Code   RO         3523    i.prvIsQueueEmpty   queue.o
    0x08003f3e   0x08003f3e   0x0000001e   Code   RO         3524    i.prvIsQueueFull    queue.o
    0x08003f5c   0x08003f5c   0x00000074   Code   RO         4272    i.prvProcessExpiredTimer  timers.o
    0x08003fd0   0x08003fd0   0x00000138   Code   RO         4273    i.prvProcessReceivedCommands  timers.o
    0x08004108   0x08004108   0x00000074   Code   RO         4274    i.prvProcessTimerOrBlockTask  timers.o
    0x0800417c   0x0800417c   0x00000034   Code   RO         3903    i.prvResetNextTaskUnblockTime  tasks.o
    0x080041b0   0x080041b0   0x0000002c   Code   RO         4275    i.prvSampleTimeNow  timers.o
    0x080041dc   0x080041dc   0x000000a4   Code   RO         4276    i.prvSwitchTimerLists  timers.o
    0x08004280   0x08004280   0x00000040   Code   RO         4470    i.prvTaskExitError  port.o
    0x080042c0   0x080042c0   0x0000001a   Code   RO         4277    i.prvTimerTask      timers.o
    0x080042da   0x080042da   0x0000007e   Code   RO         3525    i.prvUnlockQueue    queue.o
    0x08004358   0x08004358   0x0000013c   Code   RO         4421    i.pvPortMalloc      heap_4.o
    0x08004494   0x08004494   0x0000002c   Code   RO         4471    i.pxPortInitialiseStack  port.o
    0x080044c0   0x080044c0   0x00000028   Code   RO         3478    i.uxListRemove      list.o
    0x080044e8   0x080044e8   0x00000080   Code   RO         4735    i.vInteractionStart  rc.o
    0x08004568   0x08004568   0x0000004c   Code   RO           23    i.vLEDStart         main.o
    0x080045b4   0x080045b4   0x0000001a   Code   RO         3479    i.vListInitialise   list.o
    0x080045ce   0x080045ce   0x00000006   Code   RO         3480    i.vListInitialiseItem  list.o
    0x080045d4   0x080045d4   0x00000034   Code   RO         3481    i.vListInsert       list.o
    0x08004608   0x08004608   0x00000018   Code   RO         3482    i.vListInsertEnd    list.o
    0x08004620   0x08004620   0x00000054   Code   RO         4473    i.vPortEnterCritical  port.o
    0x08004674   0x08004674   0x0000003c   Code   RO         4474    i.vPortExitCritical  port.o
    0x080046b0   0x080046b0   0x00000094   Code   RO         4422    i.vPortFree         heap_4.o
    0x08004744   0x08004744   0x00000028   Code   RO         4475    i.vPortSetupTimerInterrupt  port.o
    0x0800476c   0x0800476c   0x00000078   Code   RO         4476    i.vPortValidateInterruptPriority  port.o
    0x080047e4   0x080047e4   0x0000002c   Code   RO         3531    i.vQueueAddToRegistry  queue.o
    0x08004810   0x08004810   0x0000004a   Code   RO         3535    i.vQueueWaitForMessageRestricted  queue.o
    0x0800485a   0x0800485a   0x00000002   PAD
    0x0800485c   0x0800485c   0x00000020   Code   RO         4736    i.vRCStart          rc.o
    0x0800487c   0x0800487c   0x0000002c   Code   RO         4684    i.vSystemDebugStart  freertos_debug.o
    0x080048a8   0x080048a8   0x0000005c   Code   RO         3915    i.vTaskDelay        tasks.o
    0x08004904   0x08004904   0x00000018   Code   RO         3921    i.vTaskInternalSetTimeOutState  tasks.o
    0x0800491c   0x0800491c   0x0000000c   Code   RO         3923    i.vTaskMissedYield  tasks.o
    0x08004928   0x08004928   0x00000038   Code   RO         3925    i.vTaskPlaceOnEventList  tasks.o
    0x08004960   0x08004960   0x00000040   Code   RO         3926    i.vTaskPlaceOnEventListRestricted  tasks.o
    0x080049a0   0x080049a0   0x0000009c   Code   RO         3934    i.vTaskStartScheduler  tasks.o
    0x08004a3c   0x08004a3c   0x00000010   Code   RO         3936    i.vTaskSuspendAll   tasks.o
    0x08004a4c   0x08004a4c   0x000000cc   Code   RO         3937    i.vTaskSwitchContext  tasks.o
    0x08004b18   0x08004b18   0x00000168   Code   RO         4477    i.xPortStartScheduler  port.o
    0x08004c80   0x08004c80   0x0000005a   Code   RO         3538    i.xQueueGenericCreate  queue.o
    0x08004cda   0x08004cda   0x00000002   PAD
    0x08004cdc   0x08004cdc   0x00000098   Code   RO         3539    i.xQueueGenericReset  queue.o
    0x08004d74   0x08004d74   0x000001a8   Code   RO         3540    i.xQueueGenericSend  queue.o
    0x08004f1c   0x08004f1c   0x000000f8   Code   RO         3541    i.xQueueGenericSendFromISR  queue.o
    0x08005014   0x08005014   0x00000168   Code   RO         3548    i.xQueueReceive     queue.o
    0x0800517c   0x0800517c   0x0000008c   Code   RO         3938    i.xTaskCheckForTimeOut  tasks.o
    0x08005208   0x08005208   0x00000060   Code   RO         3939    i.xTaskCreate       tasks.o
    0x08005268   0x08005268   0x00000020   Code   RO         3943    i.xTaskGetSchedulerState  tasks.o
    0x08005288   0x08005288   0x0000000c   Code   RO         3944    i.xTaskGetTickCount  tasks.o
    0x08005294   0x08005294   0x00000148   Code   RO         3946    i.xTaskIncrementTick  tasks.o
    0x080053dc   0x080053dc   0x000000c8   Code   RO         3949    i.xTaskPriorityDisinherit  tasks.o
    0x080054a4   0x080054a4   0x00000098   Code   RO         3951    i.xTaskRemoveFromEventList  tasks.o
    0x0800553c   0x0800553c   0x00000104   Code   RO         3952    i.xTaskResumeAll    tasks.o
    0x08005640   0x08005640   0x00000058   Code   RO         4284    i.xTimerCreateTimerTask  timers.o
    0x08005698   0x08005698   0x00000084   Code   RO         4285    i.xTimerGenericCommand  timers.o
    0x0800571c   0x0800571c   0x00000018   Data   RO         3332    .constdata          system_stm32f4xx.o
    0x08005734   0x08005734   0x000017c0   Data   RO         4568    .constdata          tftlcd.o
    0x08006ef4   0x08006ef4   0x00000020   Data   RO         5199    Region$$Table       anon$$obj.o


    Execution Region RW_IRAM1 (Exec base: 0x20000000, Load base: 0x08006f14, Size: 0x00013cb0, Max: 0x00020000, ABSOLUTE)

    Exec Addr    Load Addr    Size         Type   Attr      Idx    E Section Name        Object

    0x20000000   0x08006f14   0x00000004   Data   RW           25    .data               main.o
    0x20000004   0x08006f18   0x00000009   Data   RW         3102    .data               stm32f4xx_hal.o
    0x2000000d   0x08006f21   0x00000003   PAD
    0x20000010   0x08006f24   0x00000004   Data   RW         3333    .data               system_stm32f4xx.o
    0x20000014   0x08006f28   0x00000044   Data   RW         3955    .data               tasks.o
    0x20000058   0x08006f6c   0x00000014   Data   RW         4291    .data               timers.o
    0x2000006c   0x08006f80   0x00000018   Data   RW         4427    .data               heap_4.o
    0x20000084   0x08006f98   0x0000000c   Data   RW         4478    .data               port.o
    0x20000090   0x08006fa4   0x00000030   Data   RW         4569    .data               tftlcd.o
    0x200000c0   0x08006fd4   0x00000008   Data   RW         4686    .data               freertos_debug.o
    0x200000c8   0x08006fdc   0x00000004   Data   RW         4738    .data               rc.o
    0x200000cc   0x08006fe0   0x00000001   Data   RW         4856    .data               key.o
    0x200000cd   0x08006fe1   0x00000003   PAD
    0x200000d0   0x08006fe4   0x00000004   Data   RW         5175    .data               mc_w.l(stdout.o)
    0x200000d4        -       0x00000384   Zero   RW           24    .bss                main.o
    0x20000458        -       0x00000040   Zero   RW         3552    .bss                queue.o
    0x20000498        -       0x000002e4   Zero   RW         3954    .bss                tasks.o
    0x2000077c        -       0x00000028   Zero   RW         4290    .bss                timers.o
    0x200007a4        -       0x00012c00   Zero   RW         4426    .bss                heap_4.o
    0x200133a4        -       0x00000040   Zero   RW         4685    .bss                freertos_debug.o
    0x200133e4        -       0x0000001c   Zero   RW         4737    .bss                rc.o
    0x20013400        -       0x000000b0   Zero   RW         4803    .bss                pwm.o
    0x200134b0        -       0x00000800   Zero   RW            1    STACK               startup_stm32f407xx.o


==============================================================================

Image component sizes


      Code (inc. data)   RO Data    RW Data    ZI Data      Debug   Object Name

         0          0          0          0          0       9700   event_groups.o
        20          6          0          0          0        472   exceptionhandler.o
       208         44          0          8         64       2483   freertos_debug.o
       692         62          0         24      76800       4563   heap_4.o
       464         26          0          1          0       2006   key.o
       148          0          0          0          0       3362   list.o
       904        166          0          4        900     714279   main.o
      1014         92          0         12          0      11709   port.o
       756        104          0          0        176       3775   pwm.o
      1784         20          0          0         64      16146   queue.o
       568        158          0          4         28       3063   rc.o
        36          8        392          0       2048        820   startup_stm32f407xx.o
       148         24          0          9          0       3323   stm32f4xx_hal.o
       304         22          0          0          0      34339   stm32f4xx_hal_cortex.o
       540         46          0          0          0       2919   stm32f4xx_hal_gpio.o
       444         30          0          0          0       1785   stm32f4xx_hal_msp.o
      1732         84          0          0          0       5416   stm32f4xx_hal_rcc.o
      2222        120          0          0          0      18575   stm32f4xx_hal_tim.o
        88          0          0          0          0       2373   stm32f4xx_hal_tim_ex.o
      1308          8          0          0          0       3616   stm32f4xx_hal_uart.o
        46          4          0          0          0       4090   stm32f4xx_it.o
       100         18         24          4          0       1127   system_stm32f4xx.o
      2658        364          0         68        740      24858   tasks.o
      2930        186       6080         48          0      15252   tftlcd.o
      1226        116          0         20         40      20623   timers.o

    ----------------------------------------------------------------------
     20364       1708       6528        208      80860     910674   Object Totals
         0          0         32          0          0          0   (incl. Generated)
        24          0          0          6          0          0   (incl. Padding)

    ----------------------------------------------------------------------

      Code (inc. data)   RO Data    RW Data    ZI Data      Debug   Library Member Name

         0          0          0          0          0          0   entry.o
         0          0          0          0          0          0   entry10a.o
         0          0          0          0          0          0   entry11a.o
         8          4          0          0          0          0   entry2.o
         4          0          0          0          0          0   entry5.o
         0          0          0          0          0          0   entry7b.o
         0          0          0          0          0          0   entry8b.o
         8          4          0          0          0          0   entry9a.o
        30          0          0          0          0          0   handlers.o
        36          8          0          0          0         68   init.o
        30          0          0          0          0         68   llshl.o
        32          0          0          0          0         68   llushr.o
        36          0          0          0          0         68   memcpya.o
        36          0          0          0          0        108   memseta.o
      1224         58          0          0          0        504   printf8.o
         0          0          0          4          0          0   stdout.o
        98          0          0          0          0         92   uldiv.o

    ----------------------------------------------------------------------
      1544         74          0          4          0        976   Library Totals
         2          0          0          0          0          0   (incl. Padding)

    ----------------------------------------------------------------------

      Code (inc. data)   RO Data    RW Data    ZI Data      Debug   Library Name

      1542         74          0          4          0        976   mc_w.l

    ----------------------------------------------------------------------
      1544         74          0          4          0        976   Library Totals

    ----------------------------------------------------------------------

==============================================================================


      Code (inc. data)   RO Data    RW Data    ZI Data      Debug   

     21908       1782       6528        212      80860     894886   Grand Totals
     21908       1782       6528        212      80860     894886   ELF Image Totals
     21908       1782       6528        212          0          0   ROM Totals

==============================================================================

    Total RO  Size (Code + RO Data)                28436 (  27.77kB)
    Total RW  Size (RW Data + ZI Data)             81072 (  79.17kB)
    Total ROM Size (Code + RO Data + RW Data)      28648 (  27.98kB)

==============================================================================

