Component: ARM Compiler 5.06 update 5 (build 528) Tool: armlink [4d35e2]

==============================================================================

Section Cross References

    startup_stm32f407xx.o(RESET) refers to startup_stm32f407xx.o(STACK) for __initial_sp
    startup_stm32f407xx.o(RESET) refers to startup_stm32f407xx.o(.text) for Reset_Handler
    startup_stm32f407xx.o(RESET) refers to stm32f4xx_it.o(i.NMI_Handler) for NMI_Handler
    startup_stm32f407xx.o(RESET) refers to stm32f4xx_it.o(i.HardFault_Handler) for HardFault_Handler
    startup_stm32f407xx.o(RESET) refers to stm32f4xx_it.o(i.MemManage_Handler) for MemManage_Handler
    startup_stm32f407xx.o(RESET) refers to stm32f4xx_it.o(i.BusFault_Handler) for BusFault_Handler
    startup_stm32f407xx.o(RESET) refers to stm32f4xx_it.o(i.UsageFault_Handler) for UsageFault_Handler
    startup_stm32f407xx.o(RESET) refers to port.o(.emb_text) for SVC_Handler
    startup_stm32f407xx.o(RESET) refers to stm32f4xx_it.o(i.DebugMon_Handler) for DebugMon_Handler
    startup_stm32f407xx.o(RESET) refers to port.o(i.SysTick_Handler) for SysTick_Handler
    startup_stm32f407xx.o(RESET) refers to pwm.o(i.TIM3_IRQHandler) for TIM3_IRQHandler
    startup_stm32f407xx.o(RESET) refers to freertos_debug.o(i.TIM6_DAC_IRQHandler) for TIM6_DAC_IRQHandler
    startup_stm32f407xx.o(.text) refers to system_stm32f4xx.o(i.SystemInit) for SystemInit
    startup_stm32f407xx.o(.text) refers to entry.o(.ARM.Collect$$$$00000000) for __main
    main.o(i.AppTaskCreate) refers to tasks.o(i.xTaskCreate) for xTaskCreate
    main.o(i.AppTaskCreate) refers to main.o(.data) for xHandleTaskLED
    main.o(i.AppTaskCreate) refers to main.o(i.vLEDStart) for vLEDStart
    main.o(i.AppTaskCreate) refers to freertos_debug.o(.data) for xHandleTaskSystemDebug
    main.o(i.AppTaskCreate) refers to freertos_debug.o(i.vSystemDebugStart) for vSystemDebugStart
    main.o(i.AppTaskCreate) refers to rc.o(.data) for xHandleTaskRC
    main.o(i.AppTaskCreate) refers to rc.o(i.vRCStart) for vRCStart
    main.o(i.AppTaskCreate) refers to rc.o(i.vInteractionStart) for vInteractionStart
    main.o(i.BSP_Init) refers to main.o(i.MX_USART1_UART_Init) for MX_USART1_UART_Init
    main.o(i.BSP_Init) refers to misc.o(i.NVIC_PriorityGroupConfig) for NVIC_PriorityGroupConfig
    main.o(i.MX_GPIO_Init) refers to stm32f4xx_rcc.o(i.RCC_AHB1PeriphClockCmd) for RCC_AHB1PeriphClockCmd
    main.o(i.MX_GPIO_Init) refers to stm32f4xx_gpio.o(i.GPIO_Init) for GPIO_Init
    main.o(i.MX_USART1_UART_Init) refers to stm32f4xx_rcc.o(i.RCC_APB2PeriphClockCmd) for RCC_APB2PeriphClockCmd
    main.o(i.MX_USART1_UART_Init) refers to stm32f4xx_rcc.o(i.RCC_AHB1PeriphClockCmd) for RCC_AHB1PeriphClockCmd
    main.o(i.MX_USART1_UART_Init) refers to stm32f4xx_gpio.o(i.GPIO_PinAFConfig) for GPIO_PinAFConfig
    main.o(i.MX_USART1_UART_Init) refers to stm32f4xx_gpio.o(i.GPIO_Init) for GPIO_Init
    main.o(i.MX_USART1_UART_Init) refers to stm32f4xx_usart.o(i.USART_DeInit) for USART_DeInit
    main.o(i.MX_USART1_UART_Init) refers to stm32f4xx_usart.o(i.USART_Init) for USART_Init
    main.o(i.MX_USART1_UART_Init) refers to stm32f4xx_usart.o(i.USART_ITConfig) for USART_ITConfig
    main.o(i.MX_USART1_UART_Init) refers to stm32f4xx_usart.o(i.USART_Cmd) for USART_Cmd
    main.o(i.MX_USART1_UART_Init) refers to stm32f4xx_usart.o(i.USART_ClearFlag) for USART_ClearFlag
    main.o(i.MX_USART1_UART_Init) refers to misc.o(i.NVIC_PriorityGroupConfig) for NVIC_PriorityGroupConfig
    main.o(i.MX_USART1_UART_Init) refers to misc.o(i.NVIC_Init) for NVIC_Init
    main.o(i.SystemClock_Config) refers to stm32f4xx_rcc.o(i.RCC_DeInit) for RCC_DeInit
    main.o(i.SystemClock_Config) refers to stm32f4xx_rcc.o(i.RCC_HSEConfig) for RCC_HSEConfig
    main.o(i.SystemClock_Config) refers to stm32f4xx_rcc.o(i.RCC_WaitForHSEStartUp) for RCC_WaitForHSEStartUp
    main.o(i.SystemClock_Config) refers to stm32f4xx_rcc.o(i.RCC_HCLKConfig) for RCC_HCLKConfig
    main.o(i.SystemClock_Config) refers to stm32f4xx_rcc.o(i.RCC_PCLK2Config) for RCC_PCLK2Config
    main.o(i.SystemClock_Config) refers to stm32f4xx_rcc.o(i.RCC_PCLK1Config) for RCC_PCLK1Config
    main.o(i.SystemClock_Config) refers to stm32f4xx_rcc.o(i.RCC_SYSCLKConfig) for RCC_SYSCLKConfig
    main.o(i.SystemClock_Config) refers to stm32f4xx_rcc.o(i.RCC_PLLConfig) for RCC_PLLConfig
    main.o(i.SystemClock_Config) refers to stm32f4xx_rcc.o(i.RCC_PLLCmd) for RCC_PLLCmd
    main.o(i.SystemClock_Config) refers to stm32f4xx_rcc.o(i.RCC_GetFlagStatus) for RCC_GetFlagStatus
    main.o(i.SystemClock_Config) refers to stm32f4xx_rcc.o(i.RCC_GetSYSCLKSource) for RCC_GetSYSCLKSource
    main.o(i.SystemClock_Config) refers to stm32f4xx_rcc.o(i.RCC_APB2PeriphClockCmd) for RCC_APB2PeriphClockCmd
    main.o(i.fputc) refers to stm32f4xx_usart.o(i.USART_SendData) for USART_SendData
    main.o(i.fputc) refers to stm32f4xx_usart.o(i.USART_GetFlagStatus) for USART_GetFlagStatus
[...]
    $v0                                      0x0800025c   Number         0  startup_stm32f407xx.o(.text)
    .text                                    0x08000280   Section        0  memcpya.o(.text)
    .text                                    0x080002a4   Section        0  memseta.o(.text)
    .text                                    0x080002c8   Section        0  uldiv.o(.text)
    .text                                    0x0800032c   Section       36  init.o(.text)
    .text                                    0x08000350   Section        0  llshl.o(.text)
    .text                                    0x0800036e   Section        0  llushr.o(.text)
    i.AppTaskCreate                          0x08000390   Section        0  main.o(i.AppTaskCreate)
    AppTaskCreate                            0x08000391   Thumb Code    92  main.o(i.AppTaskCreate)
    i.BSP_Init                               0x0800044c   Section        0  main.o(i.BSP_Init)
    BSP_Init                                 0x0800044d   Thumb Code    16  main.o(i.BSP_Init)
    i.BusFault_Handler                       0x0800045c   Section        0  stm32f4xx_it.o(i.BusFault_Handler)
    i.DebugMon_Handler                       0x08000460   Section        0  stm32f4xx_it.o(i.DebugMon_Handler)
    i.FreeRTOSDebugInit                      0x08000464   Section        0  freertos_debug.o(i.FreeRTOSDebugInit)
    FreeRTOSDebugInit                        0x08000465   Thumb Code    90  freertos_debug.o(i.FreeRTOSDebugInit)
    i.GPIO_Init                              0x080004c8   Section        0  stm32f4xx_gpio.o(i.GPIO_Init)
    i.GPIO_PinAFConfig                       0x08000680   Section        0  stm32f4xx_gpio.o(i.GPIO_PinAFConfig)
    i.GPIO_ReadInputDataBit                  0x08000834   Section        0  stm32f4xx_gpio.o(i.GPIO_ReadInputDataBit)
    i.GPIO_ResetBits                         0x0800094c   Section        0  stm32f4xx_gpio.o(i.GPIO_ResetBits)
    i.GPIO_SetBits                           0x08000a0c   Section        0  stm32f4xx_gpio.o(i.GPIO_SetBits)
    i.GPIO_WriteBit                          0x08000acc   Section        0  stm32f4xx_gpio.o(i.GPIO_WriteBit)
    i.HardFault_Handler                      0x08000bf0   Section        0  stm32f4xx_it.o(i.HardFault_Handler)
    i.KEYDeal                                0x08000bf4   Section        0  rc.o(i.KEYDeal)
    KEYDeal                                  0x08000bf5   Thumb Code   276  rc.o(i.KEYDeal)
    i.KEY_Init                               0x08000db8   Section        0  key.o(i.KEY_Init)
    i.LCDPWM_INFODISPLAY                     0x08000e14   Section        0  rc.o(i.LCDPWM_INFODISPLAY)
    LCDPWM_INFODISPLAY                       0x08000e15   Thumb Code    28  rc.o(i.LCDPWM_INFODISPLAY)
    i.LCDPWM_INFO_LINE_DISPLAY               0x08000e34   Section        0  rc.o(i.LCDPWM_INFO_LINE_DISPLAY)
    LCDPWM_INFO_LINE_DISPLAY                 0x08000e35   Thumb Code   276  rc.o(i.LCDPWM_INFO_LINE_DISPLAY)
    i.LCD_BlackLight                         0x08000fac   Section        0  tftlcd.o(i.LCD_BlackLight)
    LCD_BlackLight                           0x08000fad   Thumb Code    18  tftlcd.o(i.LCD_BlackLight)
    i.LCD_Clear                              0x08000fc4   Section        0  tftlcd.o(i.LCD_Clear)
    LCD_Clear                                0x08000fc5   Thumb Code    44  tftlcd.o(i.LCD_Clear)
    i.LCD_ClearLine                          0x08000ff0   Section        0  tftlcd.o(i.LCD_ClearLine)
    LCD_ClearLine                            0x08000ff1   Thumb Code    30  tftlcd.o(i.LCD_ClearLine)
    i.LCD_DisplayDir                         0x08001034   Section        0  tftlcd.o(i.LCD_DisplayDir)
    LCD_DisplayDir                           0x08001035   Thumb Code   100  tftlcd.o(i.LCD_DisplayDir)
    i.LCD_Fast_DrawPoint                     0x0800109c   Section        0  tftlcd.o(i.LCD_Fast_DrawPoint)
    i.LCD_HardwareInit                       0x08001130   Section        0  tftlcd.o(i.LCD_HardwareInit)
    LCD_HardwareInit                         0x08001131   Thumb Code   152  tftlcd.o(i.LCD_HardwareInit)
    i.LCD_Init                               0x080011d4   Section        0  tftlcd.o(i.LCD_Init)
    LCD_Init                                 0x080011d5   Thumb Code   688  tftlcd.o(i.LCD_Init)
    i.LCD_RD_DATA                            0x08001498   Section        0  tftlcd.o(i.LCD_RD_DATA)
    LCD_RD_DATA                              0x08001499   Thumb Code   128  tftlcd.o(i.LCD_RD_DATA)
    i.LCD_ReadReg                            0x08001524   Section        0  tftlcd.o(i.LCD_ReadReg)
    LCD_ReadReg                              0x08001525   Thumb Code    16  tftlcd.o(i.LCD_ReadReg)
    i.LCD_Scan_Dir                           0x08001534   Section        0  tftlcd.o(i.LCD_Scan_Dir)
    i.LCD_SetCursor                          0x08001824   Section        0  tftlcd.o(i.LCD_SetCursor)
    LCD_SetCursor                            0x08001825   Thumb Code    60  tftlcd.o(i.LCD_SetCursor)
    i.LCD_ShowChar                           0x08001864   Section        0  tftlcd.o(i.LCD_ShowChar)
    i.LCD_ShowString                         0x0800198c   Section        0  tftlcd.o(i.LCD_ShowString)
    LCD_ShowString                           0x0800198d   Thumb Code   102  tftlcd.o(i.LCD_ShowString)
    i.LCD_ShowStringLine                     0x080019f2   Section        0  tftlcd.o(i.LCD_ShowStringLine)
    LCD_ShowStringLine                       0x080019f3   Thumb Code    36  tftlcd.o(i.LCD_ShowStringLine)
    i.LCD_WRITE_DATA                         0x08001a18   Section        0  tftlcd.o(i.LCD_WRITE_DATA)
    LCD_WRITE_DATA                           0x08001a19   Thumb Code    58  tftlcd.o(i.LCD_WRITE_DATA)
    i.LCD_WRITE_REG                          0x08001a5c   Section        0  tftlcd.o(i.LCD_WRITE_REG)
    LCD_WRITE_REG                            0x08001a5d   Thumb Code    58  tftlcd.o(i.LCD_WRITE_REG)
    i.LCD_WriteRAM_Prepare                   0x08001aa0   Section        0  tftlcd.o(i.LCD_WriteRAM_Prepare)
    i.LCD_WriteReg                           0x08001ab0   Section        0  tftlcd.o(i.LCD_WriteReg)
    LCD_WriteReg                             0x08001ab1   Thumb Code    20  tftlcd.o(i.LCD_WriteReg)
    i.MX_GPIO_Init                           0x08001ac4   Section        0  main.o(i.MX_GPIO_Init)
    MX_GPIO_Init                             0x08001ac5   Thumb Code    54  main.o(i.MX_GPIO_Init)
    i.MX_USART1_UART_Init                    0x08001b00   Section        0  main.o(i.MX_USART1_UART_Init)
    MX_USART1_UART_Init                      0x08001b01   Thumb Code   192  main.o(i.MX_USART1_UART_Init)
    i.MX_USART2_UART_Init                    0x08001bc8   Section        0  main.o(i.MX_USART2_UART_Init)
    MX_USART2_UART_Init                      0x08001bc9   Thumb Code     2  main.o(i.MX_USART2_UART_Init)
    i.MX_USART3_UART_Init                    0x08001bca   Section        0  main.o(i.MX_USART3_UART_Init)
    MX_USART3_UART_Init                      0x08001bcb   Thumb Code     2  main.o(i.MX_USART3_UART_Init)
    i.MemManage_Handler                      0x08001bcc   Section        0  stm32f4xx_it.o(i.MemManage_Handler)
    i.NMI_Handler                            0x08001bd0   Section        0  stm32f4xx_it.o(i.NMI_Handler)
    i.NVIC_Init                              0x08001bd4   Section        0  misc.o(i.NVIC_Init)
    i.NVIC_PriorityGroupConfig               0x08001cb8   Section        0  misc.o(i.NVIC_PriorityGroupConfig)
    i.PWM_INPUT_Init                         0x08001d2c   Section        0  pwm.o(i.PWM_INPUT_Init)
    i.PWM_OUTPUT_Init                        0x08001e3c   Section        0  pwm.o(i.PWM_OUTPUT_Init)
    i.PWM_out                                0x08001f38   Section        0  pwm.o(i.PWM_out)
    i.RCC_AHB1PeriphClockCmd                 0x08001fa8   Section        0  stm32f4xx_rcc.o(i.RCC_AHB1PeriphClockCmd)
    i.RCC_APB1PeriphClockCmd                 0x08002034   Section        0  stm32f4xx_rcc.o(i.RCC_APB1PeriphClockCmd)
    i.RCC_APB1PeriphResetCmd                 0x080020c0   Section        0  stm32f4xx_rcc.o(i.RCC_APB1PeriphResetCmd)
    i.RCC_APB2PeriphClockCmd                 0x0800214c   Section        0  stm32f4xx_rcc.o(i.RCC_APB2PeriphClockCmd)
    i.RCC_APB2PeriphResetCmd                 0x080021d8   Section        0  stm32f4xx_rcc.o(i.RCC_APB2PeriphResetCmd)
    i.RCC_DeInit                             0x08002264   Section        0  stm32f4xx_rcc.o(i.RCC_DeInit)
    i.RCC_GetClocksFreq                      0x080022ac   Section        0  stm32f4xx_rcc.o(i.RCC_GetClocksFreq)
    i.RCC_GetFlagStatus                      0x08002394   Section        0  stm32f4xx_rcc.o(i.RCC_GetFlagStatus)
    i.RCC_GetSYSCLKSource                    0x08002458   Section        0  stm32f4xx_rcc.o(i.RCC_GetSYSCLKSource)
    i.RCC_HCLKConfig                         0x08002468   Section        0  stm32f4xx_rcc.o(i.RCC_HCLKConfig)
    i.RCC_HSEConfig                          0x080024ec   Section        0  stm32f4xx_rcc.o(i.RCC_HSEConfig)
    i.RCC_PCLK1Config                        0x08002550   Section        0  stm32f4xx_rcc.o(i.RCC_PCLK1Config)
    i.RCC_PCLK2Config                        0x080025cc   Section        0  stm32f4xx_rcc.o(i.RCC_PCLK2Config)
    i.RCC_PLLCmd                             0x08002648   Section        0  stm32f4xx_rcc.o(i.RCC_PLLCmd)
    i.RCC_PLLConfig                          0x080026a4   Section        0  stm32f4xx_rcc.o(i.RCC_PLLConfig)
    i.RCC_SYSCLKConfig                       0x08002780   Section        0  stm32f4xx_rcc.o(i.RCC_SYSCLKConfig)
    i.RCC_WaitForHSEStartUp                  0x080027ec   Section        0  stm32f4xx_rcc.o(i.RCC_WaitForHSEStartUp)
    i.SetSysClock                            0x08002824   Section        0  system_stm32f4xx.o(i.SetSysClock)
    SetSysClock                              0x08002825   Thumb Code   220  system_stm32f4xx.o(i.SetSysClock)
    i.SysTick_Handler                        0x08002910   Section        0  port.o(i.SysTick_Handler)
    i.SystemClock_Config                     0x08002944   Section        0  main.o(i.SystemClock_Config)
    i.SystemInit                             0x080029b0   Section        0  system_stm32f4xx.o(i.SystemInit)
    i.TI1_Config                             0x08002a18   Section        0  stm32f4xx_tim.o(i.TI1_Config)
    TI1_Config                               0x08002a19   Thumb Code    58  stm32f4xx_tim.o(i.TI1_Config)
    i.TI2_Config                             0x08002a52   Section        0  stm32f4xx_tim.o(i.TI2_Config)
    TI2_Config                               0x08002a53   Thumb Code    80  stm32f4xx_tim.o(i.TI2_Config)
    i.TI3_Config                             0x08002aa2   Section        0  stm32f4xx_tim.o(i.TI3_Config)
    TI3_Config                               0x08002aa3   Thumb Code    72  stm32f4xx_tim.o(i.TI3_Config)
    i.TI4_Config                             0x08002aea   Section        0  stm32f4xx_tim.o(i.TI4_Config)
    TI4_Config                               0x08002aeb   Thumb Code    80  stm32f4xx_tim.o(i.TI4_Config)
    i.TIM3_IRQHandler                        0x08002b3c   Section        0  pwm.o(i.TIM3_IRQHandler)
    i.TIM6_DAC_IRQHandler                    0x08002d34   Section        0  freertos_debug.o(i.TIM6_DAC_IRQHandler)
    i.TIM_ARRPreloadConfig                   0x08002d54   Section        0  stm32f4xx_tim.o(i.TIM_ARRPreloadConfig)
    i.TIM_ClearITPendingBit                  0x08002e54   Section        0  stm32f4xx_tim.o(i.TIM_ClearITPendingBit)
    i.TIM_Cmd                                0x08002f30   Section        0  stm32f4xx_tim.o(i.TIM_Cmd)
    i.TIM_GetCapture1                        0x08003030   Section        0  stm32f4xx_tim.o(i.TIM_GetCapture1)
    i.TIM_GetCapture2                        0x080030f4   Section        0  stm32f4xx_tim.o(i.TIM_GetCapture2)
    i.TIM_GetCapture3                        0x08003190   Section        0  stm32f4xx_tim.o(i.TIM_GetCapture3)
    i.TIM_GetCapture4                        0x08003218   Section        0  stm32f4xx_tim.o(i.TIM_GetCapture4)
    i.TIM_GetITStatus                        0x080032a0   Section        0  stm32f4xx_tim.o(i.TIM_GetITStatus)
    i.TIM_ICInit                             0x080033cc   Section        0  stm32f4xx_tim.o(i.TIM_ICInit)
    i.TIM_ITConfig                           0x08003600   Section        0  stm32f4xx_tim.o(i.TIM_ITConfig)
    i.TIM_OC1Init                            0x08003710   Section        0  stm32f4xx_tim.o(i.TIM_OC1Init)
    i.TIM_OC1PreloadConfig                   0x08003908   Section        0  stm32f4xx_tim.o(i.TIM_OC1PreloadConfig)
    i.TIM_OC2Init                            0x080039ec   Section        0  stm32f4xx_tim.o(i.TIM_OC2Init)
    i.TIM_OC2PreloadConfig                   0x08003be4   Section        0  stm32f4xx_tim.o(i.TIM_OC2PreloadConfig)
    i.TIM_OC3Init                            0x08003ca8   Section        0  stm32f4xx_tim.o(i.TIM_OC3Init)
    i.TIM_OC3PreloadConfig                   0x08003e88   Section        0  stm32f4xx_tim.o(i.TIM_OC3PreloadConfig)
    i.TIM_OC4Init                            0x08003f30   Section        0  stm32f4xx_tim.o(i.TIM_OC4Init)
    i.TIM_OC4PreloadConfig                   0x080040a4   Section        0  stm32f4xx_tim.o(i.TIM_OC4PreloadConfig)
    i.TIM_SetAutoreload                      0x08004154   Section        0  stm32f4xx_tim.o(i.TIM_SetAutoreload)
    i.TIM_SetIC1Prescaler                    0x08004230   Section        0  stm32f4xx_tim.o(i.TIM_SetIC1Prescaler)
    i.TIM_SetIC2Prescaler                    0x08004320   Section        0  stm32f4xx_tim.o(i.TIM_SetIC2Prescaler)
    i.TIM_SetIC3Prescaler                    0x080043f0   Section        0  stm32f4xx_tim.o(i.TIM_SetIC3Prescaler)
    i.TIM_SetIC4Prescaler                    0x080044a4   Section        0  stm32f4xx_tim.o(i.TIM_SetIC4Prescaler)
    i.TIM_TimeBaseInit                       0x08004560   Section        0  stm32f4xx_tim.o(i.TIM_TimeBaseInit)
    i.USART_ClearFlag                        0x080046e8   Section        0  stm32f4xx_usart.o(i.USART_ClearFlag)
    i.USART_Cmd                              0x080047bc   Section        0  stm32f4xx_usart.o(i.USART_Cmd)
    i.USART_DeInit                           0x08004870   Section        0  stm32f4xx_usart.o(i.USART_DeInit)
    i.USART_GetFlagStatus                    0x08004990   Section        0  stm32f4xx_usart.o(i.USART_GetFlagStatus)
    i.USART_ITConfig                         0x08004a90   Section        0  stm32f4xx_usart.o(i.USART_ITConfig)
    i.USART_Init                             0x08004be8   Section        0  stm32f4xx_usart.o(i.USART_Init)
    i.USART_SendData                         0x08004e08   Section        0  stm32f4xx_usart.o(i.USART_SendData)
    i.UsageFault_Handler                     0x08004eac   Section        0  stm32f4xx_it.o(i.UsageFault_Handler)
    i.__0printf$8                            0x08004eb0   Section        0  printf8.o(i.__0printf$8)
    i.__0snprintf$8                          0x08004ed0   Section        0  printf8.o(i.__0snprintf$8)
    i.__scatterload_copy                     0x08004f00   Section       14  handlers.o(i.__scatterload_copy)
    i.__scatterload_null                     0x08004f0e   Section        2  handlers.o(i.__scatterload_null)
    i.__scatterload_zeroinit                 0x08004f10   Section       14  handlers.o(i.__scatterload_zeroinit)
    i._printf_core                           0x08004f20   Section        0  printf8.o(i._printf_core)
    _printf_core                             0x08004f21   Thumb Code   996  printf8.o(i._printf_core)
    i._printf_post_padding                   0x08005330   Section        0  printf8.o(i._printf_post_padding)
    _printf_post_padding                     0x08005331   Thumb Code    36  printf8.o(i._printf_post_padding)
    i._printf_pre_padding                    0x08005354   Section        0  printf8.o(i._printf_pre_padding)
    _printf_pre_padding                      0x08005355   Thumb Code    46  printf8.o(i._printf_pre_padding)
    i._snputc                                0x08005382   Section        0  printf8.o(i._snputc)
    _snputc                                  0x08005383   Thumb Code    22  printf8.o(i._snputc)
    i.assert_failed                          0x08005398   Section        0  main.o(i.assert_failed)
    i.delay_ms                               0x0800539a   Section        0  tftlcd.o(i.delay_ms)
    i.fputc                                  0x080053a8   Section        0  main.o(i.fputc)
    i.getKeyStatus                           0x080053cc   Section        0  key.o(i.getKeyStatus)
    i.getTIM3ICValue                         0x08005518   Section        0  pwm.o(i.getTIM3ICValue)
    i.main                                   0x08005530   Section        0  main.o(i.main)
    i.prvAddCurrentTaskToDelayedList         0x0800554c   Section        0  tasks.o(i.prvAddCurrentTaskToDelayedList)
    prvAddCurrentTaskToDelayedList           0x0800554d   Thumb Code   124  tasks.o(i.prvAddCurrentTaskToDelayedList)
    i.prvAddNewTaskToReadyList               0x080055e4   Section        0  tasks.o(i.prvAddNewTaskToReadyList)
    prvAddNewTaskToReadyList                 0x080055e5   Thumb Code   156  tasks.o(i.prvAddNewTaskToReadyList)
    i.prvCheckForValidListAndQueue           0x0800569c   Section        0  timers.o(i.prvCheckForValidListAndQueue)
    prvCheckForValidListAndQueue             0x0800569d   Thumb Code    72  timers.o(i.prvCheckForValidListAndQueue)
    i.prvCheckTasksWaitingTermination        0x08005700   Section        0  tasks.o(i.prvCheckTasksWaitingTermination)
    prvCheckTasksWaitingTermination          0x08005701   Thumb Code    60  tasks.o(i.prvCheckTasksWaitingTermination)
    i.prvCopyDataFromQueue                   0x08005748   Section        0  queue.o(i.prvCopyDataFromQueue)
    prvCopyDataFromQueue                     0x08005749   Thumb Code    42  queue.o(i.prvCopyDataFromQueue)
    i.prvCopyDataToQueue                     0x08005772   Section        0  queue.o(i.prvCopyDataToQueue)
    prvCopyDataToQueue                       0x08005773   Thumb Code   126  queue.o(i.prvCopyDataToQueue)
    i.prvDeleteTCB                           0x080057f0   Section        0  tasks.o(i.prvDeleteTCB)
    prvDeleteTCB                             0x080057f1   Thumb Code    18  tasks.o(i.prvDeleteTCB)
    i.prvGetNextExpireTime                   0x08005804   Section        0  timers.o(i.prvGetNextExpireTime)
    prvGetNextExpireTime                     0x08005805   Thumb Code    36  timers.o(i.prvGetNextExpireTime)
    i.prvHeapInit                            0x0800582c   Section        0  heap_4.o(i.prvHeapInit)
    prvHeapInit                              0x0800582d   Thumb Code    98  heap_4.o(i.prvHeapInit)
    i.prvIdleTask                            0x080058a8   Section        0  tasks.o(i.prvIdleTask)
    prvIdleTask                              0x080058a9   Thumb Code    32  tasks.o(i.prvIdleTask)
    i.prvInitialiseNewQueue                  0x080058d0   Section        0  queue.o(i.prvInitialiseNewQueue)
    prvInitialiseNewQueue                    0x080058d1   Thumb Code    42  queue.o(i.prvInitialiseNewQueue)
    i.prvInitialiseNewTask                   0x080058fa   Section        0  tasks.o(i.prvInitialiseNewTask)
    prvInitialiseNewTask                     0x080058fb   Thumb Code   192  tasks.o(i.prvInitialiseNewTask)
    i.prvInitialiseTaskLists                 0x080059bc   Section        0  tasks.o(i.prvInitialiseTaskLists)
    prvInitialiseTaskLists                   0x080059bd   Thumb Code    70  tasks.o(i.prvInitialiseTaskLists)
    i.prvInsertBlockIntoFreeList             0x08005a24   Section        0  heap_4.o(i.prvInsertBlockIntoFreeList)
    prvInsertBlockIntoFreeList               0x08005a25   Thumb Code    96  heap_4.o(i.prvInsertBlockIntoFreeList)
    i.prvInsertTimerInActiveList             0x08005a8c   Section        0  timers.o(i.prvInsertTimerInActiveList)
    prvInsertTimerInActiveList               0x08005a8d   Thumb Code    80  timers.o(i.prvInsertTimerInActiveList)
    i.prvIsQueueEmpty                        0x08005ae4   Section        0  queue.o(i.prvIsQueueEmpty)
    prvIsQueueEmpty                          0x08005ae5   Thumb Code    26  queue.o(i.prvIsQueueEmpty)
    i.prvIsQueueFull                         0x08005afe   Section        0  queue.o(i.prvIsQueueFull)
    prvIsQueueFull                           0x08005aff   Thumb Code    30  queue.o(i.prvIsQueueFull)
    i.prvProcessExpiredTimer                 0x08005b1c   Section        0  timers.o(i.prvProcessExpiredTimer)
    prvProcessExpiredTimer                   0x08005b1d   Thumb Code   110  timers.o(i.prvProcessExpiredTimer)
    i.prvProcessReceivedCommands             0x08005b90   Section        0  timers.o(i.prvProcessReceivedCommands)
    prvProcessReceivedCommands               0x08005b91   Thumb Code   308  timers.o(i.prvProcessReceivedCommands)
    i.prvProcessTimerOrBlockTask             0x08005cc8   Section        0  timers.o(i.prvProcessTimerOrBlockTask)
    prvProcessTimerOrBlockTask               0x08005cc9   Thumb Code   102  timers.o(i.prvProcessTimerOrBlockTask)
    i.prvResetNextTaskUnblockTime            0x08005d3c   Section        0  tasks.o(i.prvResetNextTaskUnblockTime)
    prvResetNextTaskUnblockTime              0x08005d3d   Thumb Code    42  tasks.o(i.prvResetNextTaskUnblockTime)
    i.prvSampleTimeNow                       0x08005d70   Section        0  timers.o(i.prvSampleTimeNow)
    prvSampleTimeNow                         0x08005d71   Thumb Code    40  timers.o(i.prvSampleTimeNow)
    i.prvSwitchTimerLists                    0x08005d9c   Section        0  timers.o(i.prvSwitchTimerLists)
    prvSwitchTimerLists                      0x08005d9d   Thumb Code   154  timers.o(i.prvSwitchTimerLists)
    i.prvTaskExitError                       0x08005e40   Section        0  port.o(i.prvTaskExitError)
    prvTaskExitError                         0x08005e41   Thumb Code    60  port.o(i.prvTaskExitError)
    i.prvTimerTask                           0x08005e80   Section        0  timers.o(i.prvTimerTask)
    prvTimerTask                             0x08005e81   Thumb Code    26  timers.o(i.prvTimerTask)
    i.prvUnlockQueue                         0x08005e9a   Section        0  queue.o(i.prvUnlockQueue)
    prvUnlockQueue                           0x08005e9b   Thumb Code   126  queue.o(i.prvUnlockQueue)
    i.pvPortMalloc                           0x08005f18   Section        0  heap_4.o(i.pvPortMalloc)
    i.pxPortInitialiseStack                  0x08006054   Section        0  port.o(i.pxPortInitialiseStack)
    i.uxListRemove                           0x08006080   Section        0  list.o(i.uxListRemove)
    i.vInteractionStart                      0x080060a8   Section        0  rc.o(i.vInteractionStart)
    i.vLEDStart                              0x08006154   Section        0  main.o(i.vLEDStart)
    vLEDStart                                0x08006155   Thumb Code    54  main.o(i.vLEDStart)
    i.vListInitialise                        0x0800619c   Section        0  list.o(i.vListInitialise)
    i.vListInitialiseItem                    0x080061b6   Section        0  list.o(i.vListInitialiseItem)
    i.vListInsert                            0x080061bc   Section        0  list.o(i.vListInsert)
    i.vListInsertEnd                         0x080061f0   Section        0  list.o(i.vListInsertEnd)
    i.vPortEnterCritical                     0x08006208   Section        0  port.o(i.vPortEnterCritical)
    i.vPortExitCritical                      0x0800625c   Section        0  port.o(i.vPortExitCritical)
    i.vPortFree                              0x08006298   Section        0  heap_4.o(i.vPortFree)
    i.vPortSetupTimerInterrupt               0x0800632c   Section        0  port.o(i.vPortSetupTimerInterrupt)
    i.vPortValidateInterruptPriority         0x08006354   Section        0  port.o(i.vPortValidateInterruptPriority)
    i.vQueueAddToRegistry                    0x080063cc   Section        0  queue.o(i.vQueueAddToRegistry)
    i.vQueueWaitForMessageRestricted         0x080063f8   Section        0  queue.o(i.vQueueWaitForMessageRestricted)
    i.vRCStart                               0x08006444   Section        0  rc.o(i.vRCStart)
    i.vSystemDebugStart                      0x08006470   Section        0  freertos_debug.o(i.vSystemDebugStart)
    i.vTaskDelay                             0x0800649c   Section        0  tasks.o(i.vTaskDelay)
    i.vTaskInternalSetTimeOutState           0x080064f8   Section        0  tasks.o(i.vTaskInternalSetTimeOutState)
    i.vTaskMissedYield                       0x08006510   Section        0  tasks.o(i.vTaskMissedYield)
    i.vTaskPlaceOnEventList                  0x0800651c   Section        0  tasks.o(i.vTaskPlaceOnEventList)
    i.vTaskPlaceOnEventListRestricted        0x08006554   Section        0  tasks.o(i.vTaskPlaceOnEventListRestricted)
    i.vTaskStartScheduler                    0x08006594   Section        0  tasks.o(i.vTaskStartScheduler)
    i.vTaskSuspendAll                        0x08006630   Section        0  tasks.o(i.vTaskSuspendAll)
    i.vTaskSwitchContext                     0x08006640   Section        0  tasks.o(i.vTaskSwitchContext)
    i.xPortStartScheduler                    0x0800670c   Section        0  port.o(i.xPortStartScheduler)
    i.xQueueGenericCreate                    0x08006874   Section        0  queue.o(i.xQueueGenericCreate)
    i.xQueueGenericReset                     0x080068d0   Section        0  queue.o(i.xQueueGenericReset)
    i.xQueueGenericSend                      0x08006968   Section        0  queue.o(i.xQueueGenericSend)
    i.xQueueGenericSendFromISR               0x08006b10   Section        0  queue.o(i.xQueueGenericSendFromISR)
    i.xQueueReceive                          0x08006c08   Section        0  queue.o(i.xQueueReceive)
    i.xTaskCheckForTimeOut                   0x08006d70   Section        0  tasks.o(i.xTaskCheckForTimeOut)
    i.xTaskCreate                            0x08006dfc   Section        0  tasks.o(i.xTaskCreate)
    i.xTaskGetSchedulerState                 0x08006e5c   Section        0  tasks.o(i.xTaskGetSchedulerState)
    i.xTaskGetTickCount                      0x08006e7c   Section        0  tasks.o(i.xTaskGetTickCount)
    i.xTaskIncrementTick                     0x08006e88   Section        0  tasks.o(i.xTaskIncrementTick)
    i.xTaskPriorityDisinherit                0x08006fd0   Section        0  tasks.o(i.xTaskPriorityDisinherit)
    i.xTaskRemoveFromEventList               0x08007098   Section        0  tasks.o(i.xTaskRemoveFromEventList)
    i.xTaskResumeAll                         0x08007130   Section        0  tasks.o(i.xTaskResumeAll)
    i.xTimerCreateTimerTask                  0x08007234   Section        0  timers.o(i.xTimerCreateTimerTask)
    i.xTimerGenericCommand                   0x0800728c   Section        0  timers.o(i.xTimerGenericCommand)
    .constdata                               0x08007310   Section     6080  tftlcd.o(.constdata)
    .data                                    0x20000000   Section        4  main.o(.data)
    xHandleTaskLED                           0x20000000   Data           4  main.o(.data)
    .data                                    0x20000004   Section       16  stm32f4xx_rcc.o(.data)
    APBAHBPrescTable                         0x20000004   Data          16  stm32f4xx_rcc.o(.data)
    .data                                    0x20000014   Section       20  system_stm32f4xx.o(.data)
    .data                                    0x20000028   Section       68  tasks.o(.data)
    pxDelayedTaskList                        0x2000002c   Data           4  tasks.o(.data)
    pxOverflowDelayedTaskList                0x20000030   Data           4  tasks.o(.data)
    uxDeletedTasksWaitingCleanUp             0x20000034   Data           4  tasks.o(.data)
    uxCurrentNumberOfTasks                   0x20000038   Data           4  tasks.o(.data)
    xTickCount                               0x2000003c   Data           4  tasks.o(.data)
    uxTopReadyPriority                       0x20000040   Data           4  tasks.o(.data)
    xSchedulerRunning                        0x20000044   Data           4  tasks.o(.data)
    uxPendedTicks                            0x20000048   Data           4  tasks.o(.data)
    xYieldPending                            0x2000004c   Data           4  tasks.o(.data)
    xNumOfOverflows                          0x20000050   Data           4  tasks.o(.data)
    uxTaskNumber                             0x20000054   Data           4  tasks.o(.data)
    xNextTaskUnblockTime                     0x20000058   Data           4  tasks.o(.data)
    xIdleTaskHandle                          0x2000005c   Data           4  tasks.o(.data)
    uxSchedulerSuspended                     0x20000060   Data           4  tasks.o(.data)
    ulTaskSwitchedInTime                     0x20000064   Data           4  tasks.o(.data)
    ulTotalRunTime                           0x20000068   Data           4  tasks.o(.data)
    .data                                    0x2000006c   Section       20  timers.o(.data)
    pxCurrentTimerList                       0x2000006c   Data           4  timers.o(.data)
    pxOverflowTimerList                      0x20000070   Data           4  timers.o(.data)
    xTimerQueue                              0x20000074   Data           4  timers.o(.data)
    xTimerTaskHandle                         0x20000078   Data           4  timers.o(.data)
    xLastTime                                0x2000007c   Data           4  timers.o(.data)
    .data                                    0x20000080   Section       24  heap_4.o(.data)
    xStart                                   0x20000080   Data           8  heap_4.o(.data)
    pxEnd                                    0x20000088   Data           4  heap_4.o(.data)
    xFreeBytesRemaining                      0x2000008c   Data           4  heap_4.o(.data)
    xMinimumEverFreeBytesRemaining           0x20000090   Data           4  heap_4.o(.data)
    xBlockAllocatedBit                       0x20000094   Data           4  heap_4.o(.data)
    .data                                    0x20000098   Section       12  port.o(.data)
    uxCriticalNesting                        0x20000098   Data           4  port.o(.data)
    ucMaxSysCallPriority                     0x2000009c   Data           1  port.o(.data)
    ulMaxPRIGROUPValue                       0x200000a0   Data           4  port.o(.data)
    .data                                    0x200000a4   Section       48  tftlcd.o(.data)
    .data                                    0x200000d4   Section        8  freertos_debug.o(.data)
    .data                                    0x200000dc   Section        6  rc.o(.data)
    PWMOUTDATA                               0x200000e0   Data           2  rc.o(.data)
    .data                                    0x200000e2   Section        1  key.o(.data)
    KEY_Value                                0x200000e2   Data           1  key.o(.data)
    .data                                    0x200000e4   Section        4  stdout.o(.data)
    .bss                                     0x200000e8   Section       64  queue.o(.bss)
    .bss                                     0x20000128   Section      740  tasks.o(.bss)
    pxReadyTasksLists                        0x20000128   Data         640  tasks.o(.bss)
    xDelayedTaskList1                        0x200003a8   Data          20  tasks.o(.bss)
    xDelayedTaskList2                        0x200003bc   Data          20  tasks.o(.bss)
    xPendingReadyList                        0x200003d0   Data          20  tasks.o(.bss)
    xTasksWaitingTermination                 0x200003e4   Data          20  tasks.o(.bss)
    xSuspendedTaskList                       0x200003f8   Data          20  tasks.o(.bss)
    .bss                                     0x2000040c   Section       40  timers.o(.bss)
    xActiveTimerList1                        0x2000040c   Data          20  timers.o(.bss)
    xActiveTimerList2                        0x20000420   Data          20  timers.o(.bss)
    .bss                                     0x20000434   Section    76800  heap_4.o(.bss)
    ucHeap                                   0x20000434   Data       76800  heap_4.o(.bss)
    .bss                                     0x20013034   Section       28  rc.o(.bss)
    LCD_PWM_INFO                             0x20013034   Data          28  rc.o(.bss)
    .bss                                     0x20013050   Section       48  pwm.o(.bss)
    ICValuePre                               0x20013060   Data          16  pwm.o(.bss)
    ICValueLast                              0x20013070   Data          16  pwm.o(.bss)
    STACK                                    0x20013080   Section     1024  startup_stm32f407xx.o(STACK)

    Global Symbols

    Symbol Name                              Value     Ov Type        Size  Object(Section)

    BuildAttributes$$THM_ISAv4$E$P$D$K$B$S$7EM$VFPi3$EXTD16$VFPS$VFMA$PE$A:L22UL41UL21$X:L11$S22US41US21$IEEE1$IW$USESV6$~STKCKD$USESV7$~SHL$OSPACE$ROPI$EBA8$MICROLIB$REQ8$PRES8$EABIv2 0x00000000   Number         0  anon$$obj.o ABSOLUTE
    __ARM_use_no_argv                        0x00000000   Number         0  main.o ABSOLUTE
    _printf_a                                0x00000000   Number         0  stubs.o ABSOLUTE
    _printf_c                                0x00000000   Number         0  stubs.o ABSOLUTE
    _printf_charcount                        0x00000000   Number         0  stubs.o ABSOLUTE
    _printf_d                                0x00000000   Number         0  stubs.o ABSOLUTE
    _printf_e                                0x00000000   Number         0  stubs.o ABSOLUTE
    _printf_f                                0x00000000   Number         0  stubs.o ABSOLUTE
    _printf_flags                            0x00000000   Number         0  stubs.o ABSOLUTE
    _printf_fp_dec                           0x00000000   Number         0  stubs.o ABSOLUTE
    _printf_fp_hex                           0x00000000   Number         0  stubs.o ABSOLUTE
    _printf_g                                0x00000000   Number         0  stubs.o ABSOLUTE
    _printf_i                                0x00000000   Number         0  stubs.o ABSOLUTE
    _printf_int_dec                          0x00000000   Number         0  stubs.o ABSOLUTE
    _printf_l                                0x00000000   Number         0  stubs.o ABSOLUTE
    _printf_lc                               0x00000000   Number         0  stubs.o ABSOLUTE
    _printf_ll                               0x00000000   Number         0  stubs.o ABSOLUTE
    _printf_lld                              0x00000000   Number         0  stubs.o ABSOLUTE
    _printf_lli                              0x00000000   Number         0  stubs.o ABSOLUTE
    _printf_llo                              0x00000000   Number         0  stubs.o ABSOLUTE
    _printf_llu                              0x00000000   Number         0  stubs.o ABSOLUTE
    _printf_llx                              0x00000000   Number         0  stubs.o ABSOLUTE
    _printf_longlong_dec                     0x00000000   Number         0  stubs.o ABSOLUTE
    _printf_longlong_hex                     0x00000000   Number         0  stubs.o ABSOLUTE
    _printf_longlong_oct                     0x00000000   Number         0  stubs.o ABSOLUTE
    _printf_ls                               0x00000000   Number         0  stubs.o ABSOLUTE
    _printf_mbtowc                           0x00000000   Number         0  stubs.o ABSOLUTE
    _printf_n                                0x00000000   Number         0  stubs.o ABSOLUTE
    _printf_o                                0x00000000   Number         0  stubs.o ABSOLUTE
    _printf_p                                0x00000000   Number         0  stubs.o ABSOLUTE
    _printf_percent                          0x00000000   Number         0  stubs.o ABSOLUTE
    _printf_pre_padding                      0x00000000   Number         0  stubs.o ABSOLUTE
    _printf_return_value                     0x00000000   Number         0  stubs.o ABSOLUTE
    _printf_s                                0x00000000   Number         0  stubs.o ABSOLUTE
    _printf_sizespec                         0x00000000   Number         0  stubs.o ABSOLUTE
    _printf_str                              0x00000000   Number         0  stubs.o ABSOLUTE
    _printf_truncate_signed                  0x00000000   Number         0  stubs.o ABSOLUTE
    _printf_truncate_unsigned                0x00000000   Number         0  stubs.o ABSOLUTE
    _printf_u                                0x00000000   Number         0  stubs.o ABSOLUTE
    _printf_wc                               0x00000000   Number         0  stubs.o ABSOLUTE
    _printf_wctomb                           0x00000000   Number         0  stubs.o ABSOLUTE
    _printf_widthprec                        0x00000000   Number         0  stubs.o ABSOLUTE
    _printf_x                                0x00000000   Number         0  stubs.o ABSOLUTE
    __cpp_initialize__aeabi_                  - Undefined Weak Reference
    __cxa_finalize                            - Undefined Weak Reference
    __decompress                              - Undefined Weak Reference
    _clock_init                               - Undefined Weak Reference
    _microlib_exit                            - Undefined Weak Reference
    __Vectors_Size                           0x00000188   Number         0  startup_stm32f407xx.o ABSOLUTE
    __Vectors                                0x08000000   Data           4  startup_stm32f407xx.o(RESET)
    __Vectors_End                            0x08000188   Data           0  startup_stm32f407xx.o(RESET)
    __main                                   0x08000189   Thumb Code     0  entry.o(.ARM.Collect$$$$00000000)
    _main_stk                                0x08000189   Thumb Code     0  entry2.o(.ARM.Collect$$$$00000001)
    _main_scatterload                        0x0800018d   Thumb Code     0  entry5.o(.ARM.Collect$$$$00000004)
    __main_after_scatterload                 0x08000191   Thumb Code     0  entry5.o(.ARM.Collect$$$$00000004)
    _main_clock                              0x08000191   Thumb Code     0  entry7b.o(.ARM.Collect$$$$00000008)
    _main_cpp_init                           0x08000191   Thumb Code     0  entry8b.o(.ARM.Collect$$$$0000000A)
    _main_init                               0x08000191   Thumb Code     0  entry9a.o(.ARM.Collect$$$$0000000B)
    __rt_final_cpp                           0x08000199   Thumb Code     0  entry10a.o(.ARM.Collect$$$$0000000D)
    __rt_final_exit                          0x08000199   Thumb Code     0  entry11a.o(.ARM.Collect$$$$0000000F)
    SVC_Handler                              0x0800019d   Thumb Code    28  port.o(.emb_text)
    __asm___6_port_c_39a90d8d__prvStartFirstTask 0x080001bd   Thumb Code    36  port.o(.emb_text)
    __asm___6_port_c_39a90d8d__prvEnableVFP  0x080001e5   Thumb Code    16  port.o(.emb_text)
    PendSV_Handler                           0x080001f9   Thumb Code    88  port.o(.emb_text)
    vPortGetIPSR                             0x08000255   Thumb Code     6  port.o(.emb_text)
    Reset_Handler                            0x0800025d   Thumb Code     8  startup_stm32f407xx.o(.text)
    ADC_IRQHandler                           0x08000277   Thumb Code     0  startup_stm32f407xx.o(.text)
    CAN1_RX0_IRQHandler                      0x08000277   Thumb Code     0  startup_stm32f407xx.o(.text)
    CAN1_RX1_IRQHandler                      0x08000277   Thumb Code     0  startup_stm32f407xx.o(.text)
    CAN1_SCE_IRQHandler                      0x08000277   Thumb Code     0  startup_stm32f407xx.o(.text)
    CAN1_TX_IRQHandler                       0x08000277   Thumb Code     0  startup_stm32f407xx.o(.text)
    CAN2_RX0_IRQHandler                      0x08000277   Thumb Code     0  startup_stm32f407xx.o(.text)
    CAN2_RX1_IRQHandler                      0x08000277   Thumb Code     0  startup_stm32f407xx.o(.text)
    CAN2_SCE_IRQHandler                      0x08000277   Thumb Code     0  startup_stm32f407xx.o(.text)
    CAN2_TX_IRQHandler                       0x08000277   Thumb Code     0  startup_stm32f407xx.o(.text)
    DCMI_IRQHandler                          0x08000277   Thumb Code     0  startup_stm32f407xx.o(.text)
    DMA1_Stream0_IRQHandler                  0x08000277   Thumb Code     0  startup_stm32f407xx.o(.text)
    DMA1_Stream1_IRQHandler                  0x08000277   Thumb Code     0  startup_stm32f407xx.o(.text)
    DMA1_Stream2_IRQHandler                  0x08000277   Thumb Code     0  startup_stm32f407xx.o(.text)
    DMA1_Stream3_IRQHandler                  0x08000277   Thumb Code     0  startup_stm32f407xx.o(.text)
    DMA1_Stream4_IRQHandler                  0x08000277   Thumb Code     0  startup_stm32f407xx.o(.text)
    DMA1_Stream5_IRQHandler                  0x08000277   Thumb Code     0  startup_stm32f407xx.o(.text)
    DMA1_Stream6_IRQHandler                  0x08000277   Thumb Code     0  startup_stm32f407xx.o(.text)
    DMA1_Stream7_IRQHandler                  0x08000277   Thumb Code     0  startup_stm32f407xx.o(.text)
    DMA2_Stream0_IRQHandler                  0x08000277   Thumb Code     0  startup_stm32f407xx.o(.text)
    DMA2_Stream1_IRQHandler                  0x08000277   Thumb Code     0  startup_stm32f407xx.o(.text)
    DMA2_Stream2_IRQHandler                  0x08000277   Thumb Code     0  startup_stm32f407xx.o(.text)
    DMA2_Stream3_IRQHandler                  0x08000277   Thumb Code     0  startup_stm32f407xx.o(.text)
    DMA2_Stream4_IRQHandler                  0x08000277   Thumb Code     0  startup_stm32f407xx.o(.text)
    DMA2_Stream5_IRQHandler                  0x08000277   Thumb Code     0  startup_stm32f407xx.o(.text)
    DMA2_Stream6_IRQHandler                  0x08000277   Thumb Code     0  startup_stm32f407xx.o(.text)
    DMA2_Stream7_IRQHandler                  0x08000277   Thumb Code     0  startup_stm32f407xx.o(.text)
    ETH_IRQHandler                           0x08000277   Thumb Code     0  startup_stm32f407xx.o(.text)
    ETH_WKUP_IRQHandler                      0x08000277   Thumb Code     0  startup_stm32f407xx.o(.text)
    EXTI0_IRQHandler                         0x08000277   Thumb Code     0  startup_stm32f407xx.o(.text)
    EXTI15_10_IRQHandler                     0x08000277   Thumb Code     0  startup_stm32f407xx.o(.text)
    EXTI1_IRQHandler                         0x08000277   Thumb Code     0  startup_stm32f407xx.o(.text)
    EXTI2_IRQHandler                         0x08000277   Thumb Code     0  startup_stm32f407xx.o(.text)
    EXTI3_IRQHandler                         0x08000277   Thumb Code     0  startup_stm32f407xx.o(.text)
    EXTI4_IRQHandler                         0x08000277   Thumb Code     0  startup_stm32f407xx.o(.text)
    EXTI9_5_IRQHandler                       0x08000277   Thumb Code     0  startup_stm32f407xx.o(.text)
    FLASH_IRQHandler                         0x08000277   Thumb Code     0  startup_stm32f407xx.o(.text)
    FMC_IRQHandler                           0x08000277   Thumb Code     0  startup_stm32f407xx.o(.text)
    FPU_IRQHandler                           0x08000277   Thumb Code     0  startup_stm32f407xx.o(.text)
    HASH_RNG_IRQHandler                      0x08000277   Thumb Code     0  startup_stm32f407xx.o(.text)
    I2C1_ER_IRQHandler                       0x08000277   Thumb Code     0  startup_stm32f407xx.o(.text)
    I2C1_EV_IRQHandler                       0x08000277   Thumb Code     0  startup_stm32f407xx.o(.text)
    I2C2_ER_IRQHandler                       0x08000277   Thumb Code     0  startup_stm32f407xx.o(.text)
    I2C2_EV_IRQHandler                       0x08000277   Thumb Code     0  startup_stm32f407xx.o(.text)
    I2C3_ER_IRQHandler                       0x08000277   Thumb Code     0  startup_stm32f407xx.o(.text)
    I2C3_EV_IRQHandler                       0x08000277   Thumb Code     0  startup_stm32f407xx.o(.text)
    OTG_FS_IRQHandler                        0x08000277   Thumb Code     0  startup_stm32f407xx.o(.text)
    OTG_FS_WKUP_IRQHandler                   0x08000277   Thumb Code     0  startup_stm32f407xx.o(.text)
    OTG_HS_EP1_IN_IRQHandler                 0x08000277   Thumb Code     0  startup_stm32f407xx.o(.text)
    OTG_HS_EP1_OUT_IRQHandler                0x08000277   Thumb Code     0  startup_stm32f407xx.o(.text)
    OTG_HS_IRQHandler                        0x08000277   Thumb Code     0  startup_stm32f407xx.o(.text)
    OTG_HS_WKUP_IRQHandler                   0x08000277   Thumb Code     0  startup_stm32f407xx.o(.text)
    PVD_IRQHandler                           0x08000277   Thumb Code     0  startup_stm32f407xx.o(.text)
    RCC_IRQHandler                           0x08000277   Thumb Code     0  startup_stm32f407xx.o(.text)
    RTC_Alarm_IRQHandler                     0x08000277   Thumb Code     0  startup_stm32f407xx.o(.text)
    RTC_WKUP_IRQHandler                      0x08000277   Thumb Code     0  startup_stm32f407xx.o(.text)
    SDIO_IRQHandler                          0x08000277   Thumb Code     0  startup_stm32f407xx.o(.text)
    SPI1_IRQHandler                          0x08000277   Thumb Code     0  startup_stm32f407xx.o(.text)
    SPI2_IRQHandler                          0x08000277   Thumb Code     0  startup_stm32f407xx.o(.text)
    SPI3_IRQHandler                          0x08000277   Thumb Code     0  startup_stm32f407xx.o(.text)
    TAMP_STAMP_IRQHandler                    0x08000277   Thumb Code     0  startup_stm32f407xx.o(.text)
    TIM1_BRK_TIM9_IRQHandler                 0x08000277   Thumb Code     0  startup_stm32f407xx.o(.text)
    TIM1_CC_IRQHandler                       0x08000277   Thumb Code     0  startup_stm32f407xx.o(.text)
    TIM1_TRG_COM_TIM11_IRQHandler            0x08000277   Thumb Code     0  startup_stm32f407xx.o(.text)
    TIM1_UP_TIM10_IRQHandler                 0x08000277   Thumb Code     0  startup_stm32f407xx.o(.text)
    TIM2_IRQHandler                          0x08000277   Thumb Code     0  startup_stm32f407xx.o(.text)
    TIM4_IRQHandler                          0x08000277   Thumb Code     0  startup_stm32f407xx.o(.text)
    TIM5_IRQHandler                          0x08000277   Thumb Code     0  startup_stm32f407xx.o(.text)
    TIM7_IRQHandler                          0x08000277   Thumb Code     0  startup_stm32f407xx.o(.text)
    TIM8_BRK_TIM12_IRQHandler                0x08000277   Thumb Code     0  startup_stm32f407xx.o(.text)
    TIM8_CC_IRQHandler                       0x08000277   Thumb Code     0  startup_stm32f407xx.o(.text)
    TIM8_TRG_COM_TIM14_IRQHandler            0x08000277   Thumb Code     0  startup_stm32f407xx.o(.text)
    TIM8_UP_TIM13_IRQHandler                 0x08000277   Thumb Code     0  startup_stm32f407xx.o(.text)
    UART4_IRQHandler                         0x08000277   Thumb Code     0  startup_stm32f407xx.o(.text)
    UART5_IRQHandler                         0x08000277   Thumb Code     0  startup_stm32f407xx.o(.text)
    USART1_IRQHandler                        0x08000277   Thumb Code     0  startup_stm32f407xx.o(.text)
    USART2_IRQHandler                        0x08000277   Thumb Code     0  startup_stm32f407xx.o(.text)
    USART3_IRQHandler                        0x08000277   Thumb Code     0  startup_stm32f407xx.o(.text)
    USART6_IRQHandler                        0x08000277   Thumb Code     0  startup_stm32f407xx.o(.text)
    WWDG_IRQHandler                          0x08000277   Thumb Code     0  startup_stm32f407xx.o(.text)
    __aeabi_memcpy                           0x08000281   Thumb Code    36  memcpya.o(.text)
    __aeabi_memcpy4                          0x08000281   Thumb Code     0  memcpya.o(.text)
    __aeabi_memcpy8                          0x08000281   Thumb Code     0  memcpya.o(.text)
    __aeabi_memset                           0x080002a5   Thumb Code    14  memseta.o(.text)
    __aeabi_memset4                          0x080002a5   Thumb Code     0  memseta.o(.text)
    __aeabi_memset8                          0x080002a5   Thumb Code     0  memseta.o(.text)
    __aeabi_memclr                           0x080002b3   Thumb Code     4  memseta.o(.text)
    __aeabi_memclr4                          0x080002b3   Thumb Code     0  memseta.o(.text)
    __aeabi_memclr8                          0x080002b3   Thumb Code     0  memseta.o(.text)
    memset                                   0x080002b7   Thumb Code    18  memseta.o(.text)
    __aeabi_uldivmod                         0x080002c9   Thumb Code    98  uldiv.o(.text)
    __scatterload                            0x0800032d   Thumb Code    28  init.o(.text)
    __scatterload_rt2                        0x0800032d   Thumb Code     0  init.o(.text)
    __aeabi_llsl                             0x08000351   Thumb Code    30  llshl.o(.text)
    _ll_shift_l                              0x08000351   Thumb Code     0  llshl.o(.text)
    __aeabi_llsr                             0x0800036f   Thumb Code    32  llushr.o(.text)
    _ll_ushift_r                             0x0800036f   Thumb Code     0  llushr.o(.text)
    BusFault_Handler                         0x0800045d   Thumb Code     4  stm32f4xx_it.o(i.BusFault_Handler)
    DebugMon_Handler                         0x08000461   Thumb Code     2  stm32f4xx_it.o(i.DebugMon_Handler)
    GPIO_Init                                0x080004c9   Thumb Code   342  stm32f4xx_gpio.o(i.GPIO_Init)
    GPIO_PinAFConfig                         0x08000681   Thumb Code   338  stm32f4xx_gpio.o(i.GPIO_PinAFConfig)
    GPIO_ReadInputDataBit                    0x08000835   Thumb Code   182  stm32f4xx_gpio.o(i.GPIO_ReadInputDataBit)
    GPIO_ResetBits                           0x0800094d   Thumb Code    94  stm32f4xx_gpio.o(i.GPIO_ResetBits)
    GPIO_SetBits                             0x08000a0d   Thumb Code    94  stm32f4xx_gpio.o(i.GPIO_SetBits)
    GPIO_WriteBit                            0x08000acd   Thumb Code   194  stm32f4xx_gpio.o(i.GPIO_WriteBit)
    HardFault_Handler                        0x08000bf1   Thumb Code     4  stm32f4xx_it.o(i.HardFault_Handler)
    KEY_Init                                 0x08000db9   Thumb Code    82  key.o(i.KEY_Init)
    LCD_Fast_DrawPoint                       0x0800109d   Thumb Code   136  tftlcd.o(i.LCD_Fast_DrawPoint)
    LCD_Scan_Dir                             0x08001535   Thumb Code   748  tftlcd.o(i.LCD_Scan_Dir)
    LCD_ShowChar                             0x08001865   Thumb Code   272  tftlcd.o(i.LCD_ShowChar)
    LCD_WriteRAM_Prepare                     0x08001aa1   Thumb Code    12  tftlcd.o(i.LCD_WriteRAM_Prepare)
    MemManage_Handler                        0x08001bcd   Thumb Code     4  stm32f4xx_it.o(i.MemManage_Handler)
    NMI_Handler                              0x08001bd1   Thumb Code     2  stm32f4xx_it.o(i.NMI_Handler)
    NVIC_Init                                0x08001bd5   Thumb Code   164  misc.o(i.NVIC_Init)
    NVIC_PriorityGroupConfig                 0x08001cb9   Thumb Code    54  misc.o(i.NVIC_PriorityGroupConfig)
    PWM_INPUT_Init                           0x08001d2d   Thumb Code   264  pwm.o(i.PWM_INPUT_Init)
    PWM_OUTPUT_Init                          0x08001e3d   Thumb Code   242  pwm.o(i.PWM_OUTPUT_Init)
    PWM_out                                  0x08001f39   Thumb Code   108  pwm.o(i.PWM_out)
    RCC_AHB1PeriphClockCmd                   0x08001fa9   Thumb Code    70  stm32f4xx_rcc.o(i.RCC_AHB1PeriphClockCmd)
    RCC_APB1PeriphClockCmd                   0x08002035   Thumb Code    70  stm32f4xx_rcc.o(i.RCC_APB1PeriphClockCmd)
    RCC_APB1PeriphResetCmd                   0x080020c1   Thumb Code    70  stm32f4xx_rcc.o(i.RCC_APB1PeriphResetCmd)
    RCC_APB2PeriphClockCmd                   0x0800214d   Thumb Code    70  stm32f4xx_rcc.o(i.RCC_APB2PeriphClockCmd)
    RCC_APB2PeriphResetCmd                   0x080021d9   Thumb Code    70  stm32f4xx_rcc.o(i.RCC_APB2PeriphResetCmd)
    RCC_DeInit                               0x08002265   Thumb Code    60  stm32f4xx_rcc.o(i.RCC_DeInit)
    RCC_GetClocksFreq                        0x080022ad   Thumb Code   214  stm32f4xx_rcc.o(i.RCC_GetClocksFreq)
    RCC_GetFlagStatus                        0x08002395   Thumb Code   130  stm32f4xx_rcc.o(i.RCC_GetFlagStatus)
    RCC_GetSYSCLKSource                      0x08002459   Thumb Code    10  stm32f4xx_rcc.o(i.RCC_GetSYSCLKSource)
    RCC_HCLKConfig                           0x08002469   Thumb Code    66  stm32f4xx_rcc.o(i.RCC_HCLKConfig)
    RCC_HSEConfig                            0x080024ed   Thumb Code    36  stm32f4xx_rcc.o(i.RCC_HSEConfig)
    RCC_PCLK1Config                          0x08002551   Thumb Code    58  stm32f4xx_rcc.o(i.RCC_PCLK1Config)
    RCC_PCLK2Config                          0x080025cd   Thumb Code    60  stm32f4xx_rcc.o(i.RCC_PCLK2Config)
    RCC_PLLCmd                               0x08002649   Thumb Code    28  stm32f4xx_rcc.o(i.RCC_PLLCmd)
    RCC_PLLConfig                            0x080026a5   Thumb Code   154  stm32f4xx_rcc.o(i.RCC_PLLConfig)
    RCC_SYSCLKConfig                         0x08002781   Thumb Code    42  stm32f4xx_rcc.o(i.RCC_SYSCLKConfig)
    RCC_WaitForHSEStartUp                    0x080027ed   Thumb Code    56  stm32f4xx_rcc.o(i.RCC_WaitForHSEStartUp)
    SysTick_Handler                          0x08002911   Thumb Code    46  port.o(i.SysTick_Handler)
    SystemClock_Config                       0x08002945   Thumb Code   108  main.o(i.SystemClock_Config)
    SystemInit                               0x080029b1   Thumb Code    88  system_stm32f4xx.o(i.SystemInit)
    TIM3_IRQHandler                          0x08002b3d   Thumb Code   484  pwm.o(i.TIM3_IRQHandler)
    TIM6_DAC_IRQHandler                      0x08002d35   Thumb Code    22  freertos_debug.o(i.TIM6_DAC_IRQHandler)
    TIM_ARRPreloadConfig                     0x08002d55   Thumb Code   144  stm32f4xx_tim.o(i.TIM_ARRPreloadConfig)
    TIM_ClearITPendingBit                    0x08002e55   Thumb Code   108  stm32f4xx_tim.o(i.TIM_ClearITPendingBit)
    TIM_Cmd                                  0x08002f31   Thumb Code   144  stm32f4xx_tim.o(i.TIM_Cmd)
    TIM_GetCapture1                          0x08003031   Thumb Code    92  stm32f4xx_tim.o(i.TIM_GetCapture1)
    TIM_GetCapture2                          0x080030f5   Thumb Code    68  stm32f4xx_tim.o(i.TIM_GetCapture2)
    TIM_GetCapture3                          0x08003191   Thumb Code    56  stm32f4xx_tim.o(i.TIM_GetCapture3)
    TIM_GetCapture4                          0x08003219   Thumb Code    56  stm32f4xx_tim.o(i.TIM_GetCapture4)
    TIM_GetITStatus                          0x080032a1   Thumb Code   186  stm32f4xx_tim.o(i.TIM_GetITStatus)
    TIM_ICInit                               0x080033cd   Thumb Code   460  stm32f4xx_tim.o(i.TIM_ICInit)
    TIM_ITConfig                             0x08003601   Thumb Code   160  stm32f4xx_tim.o(i.TIM_ITConfig)
    TIM_OC1Init                              0x08003711   Thumb Code   400  stm32f4xx_tim.o(i.TIM_OC1Init)
    TIM_OC1PreloadConfig                     0x08003909   Thumb Code   124  stm32f4xx_tim.o(i.TIM_OC1PreloadConfig)
    TIM_OC2Init                              0x080039ed   Thumb Code   416  stm32f4xx_tim.o(i.TIM_OC2Init)
    TIM_OC2PreloadConfig                     0x08003be5   Thumb Code   108  stm32f4xx_tim.o(i.TIM_OC2PreloadConfig)
    TIM_OC3Init                              0x08003ca9   Thumb Code   400  stm32f4xx_tim.o(i.TIM_OC3Init)
    TIM_OC3PreloadConfig                     0x08003e89   Thumb Code    88  stm32f4xx_tim.o(i.TIM_OC3PreloadConfig)
    TIM_OC4Init                              0x08003f31   Thumb Code   290  stm32f4xx_tim.o(i.TIM_OC4Init)
    TIM_OC4PreloadConfig                     0x080040a5   Thumb Code    96  stm32f4xx_tim.o(i.TIM_OC4PreloadConfig)
    TIM_SetAutoreload                        0x08004155   Thumb Code   106  stm32f4xx_tim.o(i.TIM_SetAutoreload)
    TIM_SetIC1Prescaler                      0x08004231   Thumb Code   134  stm32f4xx_tim.o(i.TIM_SetIC1Prescaler)
    TIM_SetIC2Prescaler                      0x08004321   Thumb Code   118  stm32f4xx_tim.o(i.TIM_SetIC2Prescaler)
    TIM_SetIC3Prescaler                      0x080043f1   Thumb Code    98  stm32f4xx_tim.o(i.TIM_SetIC3Prescaler)
    TIM_SetIC4Prescaler                      0x080044a5   Thumb Code   106  stm32f4xx_tim.o(i.TIM_SetIC4Prescaler)
    TIM_TimeBaseInit                         0x08004561   Thumb Code   278  stm32f4xx_tim.o(i.TIM_TimeBaseInit)
    USART_ClearFlag                          0x080046e9   Thumb Code   128  stm32f4xx_usart.o(i.USART_ClearFlag)
    USART_Cmd                                0x080047bd   Thumb Code    96  stm32f4xx_usart.o(i.USART_Cmd)
    USART_DeInit                             0x08004871   Thumb Code   202  stm32f4xx_usart.o(i.USART_DeInit)
    USART_GetFlagStatus                      0x08004991   Thumb Code   170  stm32f4xx_usart.o(i.USART_GetFlagStatus)
    USART_ITConfig                           0x08004a91   Thumb Code   260  stm32f4xx_usart.o(i.USART_ITConfig)
    USART_Init                               0x08004be9   Thumb Code   456  stm32f4xx_usart.o(i.USART_Init)
    USART_SendData                           0x08004e09   Thumb Code    80  stm32f4xx_usart.o(i.USART_SendData)
    UsageFault_Handler                       0x08004ead   Thumb Code     4  stm32f4xx_it.o(i.UsageFault_Handler)
    __0printf$8                              0x08004eb1   Thumb Code    22  printf8.o(i.__0printf$8)
    __1printf$8                              0x08004eb1   Thumb Code     0  printf8.o(i.__0printf$8)
    __2printf                                0x08004eb1   Thumb Code     0  printf8.o(i.__0printf$8)
    __0snprintf$8                            0x08004ed1   Thumb Code    44  printf8.o(i.__0snprintf$8)
    __1snprintf$8                            0x08004ed1   Thumb Code     0  printf8.o(i.__0snprintf$8)
    __2snprintf                              0x08004ed1   Thumb Code     0  printf8.o(i.__0snprintf$8)
    __scatterload_copy                       0x08004f01   Thumb Code    14  handlers.o(i.__scatterload_copy)
    __scatterload_null                       0x08004f0f   Thumb Code     2  handlers.o(i.__scatterload_null)
    __scatterload_zeroinit                   0x08004f11   Thumb Code    14  handlers.o(i.__scatterload_zeroinit)
    assert_failed                            0x08005399   Thumb Code     2  main.o(i.assert_failed)
    delay_ms                                 0x0800539b   Thumb Code    12  tftlcd.o(i.delay_ms)
    fputc                                    0x080053a9   Thumb Code    32  main.o(i.fputc)
    getKeyStatus                             0x080053cd   Thumb Code   320  key.o(i.getKeyStatus)
    getTIM3ICValue                           0x08005519   Thumb Code    18  pwm.o(i.getTIM3ICValue)
    main                                     0x08005531   Thumb Code    28  main.o(i.main)
    pvPortMalloc                             0x08005f19   Thumb Code   296  heap_4.o(i.pvPortMalloc)
    pxPortInitialiseStack                    0x08006055   Thumb Code    38  port.o(i.pxPortInitialiseStack)
    uxListRemove                             0x08006081   Thumb Code    40  list.o(i.uxListRemove)
    vInteractionStart                        0x080060a9   Thumb Code   134  rc.o(i.vInteractionStart)
    vListInitialise                          0x0800619d   Thumb Code    26  list.o(i.vListInitialise)
    vListInitialiseItem                      0x080061b7   Thumb Code     6  list.o(i.vListInitialiseItem)
    vListInsert                              0x080061bd   Thumb Code    52  list.o(i.vListInsert)
    vListInsertEnd                           0x080061f1   Thumb Code    24  list.o(i.vListInsertEnd)
    vPortEnterCritical                       0x08006209   Thumb Code    76  port.o(i.vPortEnterCritical)
    vPortExitCritical                        0x0800625d   Thumb Code    56  port.o(i.vPortExitCritical)
    vPortFree                                0x08006299   Thumb Code   140  heap_4.o(i.vPortFree)
    vPortSetupTimerInterrupt                 0x0800632d   Thumb Code    36  port.o(i.vPortSetupTimerInterrupt)
    vPortValidateInterruptPriority           0x08006355   Thumb Code   106  port.o(i.vPortValidateInterruptPriority)
    vQueueAddToRegistry                      0x080063cd   Thumb Code    38  queue.o(i.vQueueAddToRegistry)
    vQueueWaitForMessageRestricted           0x080063f9   Thumb Code    74  queue.o(i.vQueueWaitForMessageRestricted)
    vRCStart                                 0x08006445   Thumb Code    28  rc.o(i.vRCStart)
    vSystemDebugStart                        0x08006471   Thumb Code    22  freertos_debug.o(i.vSystemDebugStart)
    vTaskDelay                               0x0800649d   Thumb Code    82  tasks.o(i.vTaskDelay)
    vTaskInternalSetTimeOutState             0x080064f9   Thumb Code    14  tasks.o(i.vTaskInternalSetTimeOutState)
    vTaskMissedYield                         0x08006511   Thumb Code     8  tasks.o(i.vTaskMissedYield)
    vTaskPlaceOnEventList                    0x0800651d   Thumb Code    52  tasks.o(i.vTaskPlaceOnEventList)
    vTaskPlaceOnEventListRestricted          0x08006555   Thumb Code    60  tasks.o(i.vTaskPlaceOnEventListRestricted)
    vTaskStartScheduler                      0x08006595   Thumb Code   122  tasks.o(i.vTaskStartScheduler)
    vTaskSuspendAll                          0x08006631   Thumb Code    12  tasks.o(i.vTaskSuspendAll)
    vTaskSwitchContext                       0x08006641   Thumb Code   170  tasks.o(i.vTaskSwitchContext)
    xPortStartScheduler                      0x0800670d   Thumb Code   330  port.o(i.xPortStartScheduler)
    xQueueGenericCreate                      0x08006875   Thumb Code    90  queue.o(i.xQueueGenericCreate)
    xQueueGenericReset                       0x080068d1   Thumb Code   146  queue.o(i.xQueueGenericReset)
    xQueueGenericSend                        0x08006969   Thumb Code   420  queue.o(i.xQueueGenericSend)
    xQueueGenericSendFromISR                 0x08006b11   Thumb Code   248  queue.o(i.xQueueGenericSendFromISR)
    xQueueReceive                            0x08006c09   Thumb Code   356  queue.o(i.xQueueReceive)
    xTaskCheckForTimeOut                     0x08006d71   Thumb Code   132  tasks.o(i.xTaskCheckForTimeOut)
    xTaskCreate                              0x08006dfd   Thumb Code    96  tasks.o(i.xTaskCreate)
    xTaskGetSchedulerState                   0x08006e5d   Thumb Code    24  tasks.o(i.xTaskGetSchedulerState)
    xTaskGetTickCount                        0x08006e7d   Thumb Code     6  tasks.o(i.xTaskGetTickCount)
    xTaskIncrementTick                       0x08006e89   Thumb Code   282  tasks.o(i.xTaskIncrementTick)
    xTaskPriorityDisinherit                  0x08006fd1   Thumb Code   188  tasks.o(i.xTaskPriorityDisinherit)
    xTaskRemoveFromEventList                 0x08007099   Thumb Code   128  tasks.o(i.xTaskRemoveFromEventList)
    xTaskResumeAll                           0x08007131   Thumb Code   224  tasks.o(i.xTaskResumeAll)
    xTimerCreateTimerTask                    0x08007235   Thumb Code    66  timers.o(i.xTimerCreateTimerTask)
    xTimerGenericCommand                     0x0800728d   Thumb Code   126  timers.o(i.xTimerGenericCommand)
    asc2_1206                                0x08007310   Data        1140  tftlcd.o(.constdata)
    asc2_1608                                0x08007784   Data        1520  tftlcd.o(.constdata)
    asc2_2412                                0x08007d74   Data        3420  tftlcd.o(.constdata)
    Region$$Table$$Base                      0x08008ad0   Number         0  anon$$obj.o(Region$$Table)
    Region$$Table$$Limit                     0x08008af0   Number         0  anon$$obj.o(Region$$Table)
    SystemCoreClock                          0x20000014   Data           4  system_stm32f4xx.o(.data)
    AHBPrescTable                            0x20000018   Data          16  system_stm32f4xx.o(.data)
    pxCurrentTCB                             0x20000028   Data           4  tasks.o(.data)
    POINT_COLOR                              0x200000a4   Data           2  tftlcd.o(.data)
    BACK_COLOR                               0x200000a6   Data           2  tftlcd.o(.data)
    LCD                                      0x200000a8   Data          44  tftlcd.o(.data)
    xHandleTaskSystemDebug                   0x200000d4   Data           4  freertos_debug.o(.data)
    ulHighFrequencyTimerTicks                0x200000d8   Data           4  freertos_debug.o(.data)
    xHandleTaskRC                            0x200000dc   Data           4  rc.o(.data)
    __stdout                                 0x200000e4   Data           4  stdout.o(.data)
    xQueueRegistry                           0x200000e8   Data          64  queue.o(.bss)
    TIM3_IC_Value                            0x20013050   Data          16  pwm.o(.bss)
    __initial_sp                             0x20013480   Data           0  startup_stm32f407xx.o(STACK)



==============================================================================

Memory Map of the image

  Image Entry point : 0x08000189

  Load Region LR_IROM1 (Base: 0x08000000, Size: 0x00008bd8, Max: 0x00080000, ABSOLUTE)

    Execution Region ER_IROM1 (Exec base: 0x08000000, Load base: 0x08000000, Size: 0x00008af0, Max: 0x00080000, ABSOLUTE)

    Exec Addr    Load Addr    Size         Type   Attr      Idx    E Section Name        Object

    0x08000000   0x08000000   0x00000188   Data   RO            3    RESET               startup_stm32f407xx.o
    0x08000188   0x08000188   0x00000000   Code   RO         6028  * .ARM.Collect$$$$00000000  mc_w.l(entry.o)
    0x08000188   0x08000188   0x00000004   Code   RO         6304    .ARM.Collect$$$$00000001  mc_w.l(entry2.o)
    0x0800018c   0x0800018c   0x00000004   Code   RO         6307    .ARM.Collect$$$$00000004  mc_w.l(entry5.o)
    0x08000190   0x08000190   0x00000000   Code   RO         6309    .ARM.Collect$$$$00000008  mc_w.l(entry7b.o)
    0x08000190   0x08000190   0x00000000   Code   RO         6311    .ARM.Collect$$$$0000000A  mc_w.l(entry8b.o)
    0x08000190   0x08000190   0x00000008   Code   RO         6312    .ARM.Collect$$$$0000000B  mc_w.l(entry9a.o)
    0x08000198   0x08000198   0x00000000   Code   RO         6314    .ARM.Collect$$$$0000000D  mc_w.l(entry10a.o)
    0x08000198   0x08000198   0x00000000   Code   RO         6316    .ARM.Collect$$$$0000000F  mc_w.l(entry11a.o)
    0x08000198   0x08000198   0x00000004   Code   RO         6305    .ARM.Collect$$$$00002712  mc_w.l(entry2.o)
    0x0800019c   0x0800019c   0x000000be   Code   RO         5619    .emb_text           port.o
    0x0800025a   0x0800025a   0x00000002   PAD
    0x0800025c   0x0800025c   0x00000024   Code   RO            4    .text               startup_stm32f407xx.o
    0x08000280   0x08000280   0x00000024   Code   RO         6031    .text               mc_w.l(memcpya.o)
    0x080002a4   0x080002a4   0x00000024   Code   RO         6035    .text               mc_w.l(memseta.o)
    0x080002c8   0x080002c8   0x00000062   Code   RO         6321    .text               mc_w.l(uldiv.o)
    0x0800032a   0x0800032a   0x00000002   PAD
    0x0800032c   0x0800032c   0x00000024   Code   RO         6334    .text               mc_w.l(init.o)
    0x08000350   0x08000350   0x0000001e   Code   RO         6336    .text               mc_w.l(llshl.o)
    0x0800036e   0x0800036e   0x00000020   Code   RO         6338    .text               mc_w.l(llushr.o)
    0x0800038e   0x0800038e   0x00000002   PAD
    0x08000390   0x08000390   0x000000bc   Code   RO           13    i.AppTaskCreate     main.o
    0x0800044c   0x0800044c   0x00000010   Code   RO           14    i.BSP_Init          main.o
    0x0800045c   0x0800045c   0x00000004   Code   RO          255    i.BusFault_Handler  stm32f4xx_it.o
    0x08000460   0x08000460   0x00000002   Code   RO          256    i.DebugMon_Handler  stm32f4xx_it.o
    0x08000462   0x08000462   0x00000002   PAD
    0x08000464   0x08000464   0x00000064   Code   RO         5833    i.FreeRTOSDebugInit  freertos_debug.o
    0x080004c8   0x080004c8   0x000001b8   Code   RO         1875    i.GPIO_Init         stm32f4xx_gpio.o
    0x08000680   0x08000680   0x000001b4   Code   RO         1876    i.GPIO_PinAFConfig  stm32f4xx_gpio.o
    0x08000834   0x08000834   0x00000118   Code   RO         1879    i.GPIO_ReadInputDataBit  stm32f4xx_gpio.o
    0x0800094c   0x0800094c   0x000000c0   Code   RO         1882    i.GPIO_ResetBits    stm32f4xx_gpio.o
    0x08000a0c   0x08000a0c   0x000000c0   Code   RO         1883    i.GPIO_SetBits      stm32f4xx_gpio.o
    0x08000acc   0x08000acc   0x00000124   Code   RO         1887    i.GPIO_WriteBit     stm32f4xx_gpio.o
    0x08000bf0   0x08000bf0   0x00000004   Code   RO          257    i.HardFault_Handler  stm32f4xx_it.o
    0x08000bf4   0x08000bf4   0x000001c4   Code   RO         5882    i.KEYDeal           rc.o
    0x08000db8   0x08000db8   0x0000005c   Code   RO         5999    i.KEY_Init          key.o
    0x08000e14   0x08000e14   0x00000020   Code   RO         5883    i.LCDPWM_INFODISPLAY  rc.o
    0x08000e34   0x08000e34   0x00000178   Code   RO         5884    i.LCDPWM_INFO_LINE_DISPLAY  rc.o
    0x08000fac   0x08000fac   0x00000018   Code   RO         5699    i.LCD_BlackLight    tftlcd.o
    0x08000fc4   0x08000fc4   0x0000002c   Code   RO         5700    i.LCD_Clear         tftlcd.o
    0x08000ff0   0x08000ff0   0x00000044   Code   RO         5701    i.LCD_ClearLine     tftlcd.o
    0x08001034   0x08001034   0x00000068   Code   RO         5702    i.LCD_DisplayDir    tftlcd.o
    0x0800109c   0x0800109c   0x00000094   Code   RO         5704    i.LCD_Fast_DrawPoint  tftlcd.o
    0x08001130   0x08001130   0x000000a4   Code   RO         5705    i.LCD_HardwareInit  tftlcd.o
    0x080011d4   0x080011d4   0x000002c4   Code   RO         5706    i.LCD_Init          tftlcd.o
    0x08001498   0x08001498   0x0000008c   Code   RO         5707    i.LCD_RD_DATA       tftlcd.o
    0x08001524   0x08001524   0x00000010   Code   RO         5708    i.LCD_ReadReg       tftlcd.o
    0x08001534   0x08001534   0x000002f0   Code   RO         5709    i.LCD_Scan_Dir      tftlcd.o
    0x08001824   0x08001824   0x00000040   Code   RO         5710    i.LCD_SetCursor     tftlcd.o
    0x08001864   0x08001864   0x00000128   Code   RO         5711    i.LCD_ShowChar      tftlcd.o
    0x0800198c   0x0800198c   0x00000066   Code   RO         5712    i.LCD_ShowString    tftlcd.o
    0x080019f2   0x080019f2   0x00000024   Code   RO         5713    i.LCD_ShowStringLine  tftlcd.o
    0x08001a16   0x08001a16   0x00000002   PAD
    0x08001a18   0x08001a18   0x00000044   Code   RO         5714    i.LCD_WRITE_DATA    tftlcd.o
    0x08001a5c   0x08001a5c   0x00000044   Code   RO         5715    i.LCD_WRITE_REG     tftlcd.o
    0x08001aa0   0x08001aa0   0x00000010   Code   RO         5716    i.LCD_WriteRAM_Prepare  tftlcd.o
    0x08001ab0   0x08001ab0   0x00000014   Code   RO         5717    i.LCD_WriteReg      tftlcd.o
    0x08001ac4   0x08001ac4   0x0000003c   Code   RO           15    i.MX_GPIO_Init      main.o
    0x08001b00   0x08001b00   0x000000c8   Code   RO           16    i.MX_USART1_UART_Init  main.o
    0x08001bc8   0x08001bc8   0x00000002   Code   RO           17    i.MX_USART2_UART_Init  main.o
    0x08001bca   0x08001bca   0x00000002   Code   RO           18    i.MX_USART3_UART_Init  main.o
    0x08001bcc   0x08001bcc   0x00000004   Code   RO          258    i.MemManage_Handler  stm32f4xx_it.o
    0x08001bd0   0x08001bd0   0x00000002   Code   RO          259    i.NMI_Handler       stm32f4xx_it.o
    0x08001bd2   0x08001bd2   0x00000002   PAD
    0x08001bd4   0x08001bd4   0x000000e4   Code   RO          339    i.NVIC_Init         misc.o
    0x08001cb8   0x08001cb8   0x00000074   Code   RO          340    i.NVIC_PriorityGroupConfig  misc.o
    0x08001d2c   0x08001d2c   0x00000110   Code   RO         5947    i.PWM_INPUT_Init    pwm.o
    0x08001e3c   0x08001e3c   0x000000fc   Code   RO         5948    i.PWM_OUTPUT_Init   pwm.o
    0x08001f38   0x08001f38   0x00000070   Code   RO         5949    i.PWM_out           pwm.o
    0x08001fa8   0x08001fa8   0x0000008c   Code   RO         2516    i.RCC_AHB1PeriphClockCmd  stm32f4xx_rcc.o
    0x08002034   0x08002034   0x0000008c   Code   RO         2525    i.RCC_APB1PeriphClockCmd  stm32f4xx_rcc.o
    0x080020c0   0x080020c0   0x0000008c   Code   RO         2527    i.RCC_APB1PeriphResetCmd  stm32f4xx_rcc.o
    0x0800214c   0x0800214c   0x0000008c   Code   RO         2528    i.RCC_APB2PeriphClockCmd  stm32f4xx_rcc.o
    0x080021d8   0x080021d8   0x0000008c   Code   RO         2530    i.RCC_APB2PeriphResetCmd  stm32f4xx_rcc.o
    0x08002264   0x08002264   0x00000048   Code   RO         2536    i.RCC_DeInit        stm32f4xx_rcc.o
    0x080022ac   0x080022ac   0x000000e8   Code   RO         2537    i.RCC_GetClocksFreq  stm32f4xx_rcc.o
    0x08002394   0x08002394   0x000000c4   Code   RO         2538    i.RCC_GetFlagStatus  stm32f4xx_rcc.o
    0x08002458   0x08002458   0x00000010   Code   RO         2540    i.RCC_GetSYSCLKSource  stm32f4xx_rcc.o
    0x08002468   0x08002468   0x00000084   Code   RO         2541    i.RCC_HCLKConfig    stm32f4xx_rcc.o
    0x080024ec   0x080024ec   0x00000064   Code   RO         2542    i.RCC_HSEConfig     stm32f4xx_rcc.o
    0x08002550   0x08002550   0x0000007c   Code   RO         2550    i.RCC_PCLK1Config   stm32f4xx_rcc.o
    0x080025cc   0x080025cc   0x0000007c   Code   RO         2551    i.RCC_PCLK2Config   stm32f4xx_rcc.o
    0x08002648   0x08002648   0x0000005c   Code   RO         2552    i.RCC_PLLCmd        stm32f4xx_rcc.o
    0x080026a4   0x080026a4   0x000000dc   Code   RO         2553    i.RCC_PLLConfig     stm32f4xx_rcc.o
    0x08002780   0x08002780   0x0000006c   Code   RO         2558    i.RCC_SYSCLKConfig  stm32f4xx_rcc.o
    0x080027ec   0x080027ec   0x00000038   Code   RO         2559    i.RCC_WaitForHSEStartUp  stm32f4xx_rcc.o
    0x08002824   0x08002824   0x000000ec   Code   RO         4468    i.SetSysClock       system_stm32f4xx.o
    0x08002910   0x08002910   0x00000034   Code   RO         5620    i.SysTick_Handler   port.o
    0x08002944   0x08002944   0x0000006c   Code   RO           19    i.SystemClock_Config  main.o
    0x080029b0   0x080029b0   0x00000068   Code   RO         4470    i.SystemInit        system_stm32f4xx.o
    0x08002a18   0x08002a18   0x0000003a   Code   RO         3644    i.TI1_Config        stm32f4xx_tim.o
    0x08002a52   0x08002a52   0x00000050   Code   RO         3645    i.TI2_Config        stm32f4xx_tim.o
    0x08002aa2   0x08002aa2   0x00000048   Code   RO         3646    i.TI3_Config        stm32f4xx_tim.o
    0x08002aea   0x08002aea   0x00000050   Code   RO         3647    i.TI4_Config        stm32f4xx_tim.o
    0x08002b3a   0x08002b3a   0x00000002   PAD
    0x08002b3c   0x08002b3c   0x000001f8   Code   RO         5950    i.TIM3_IRQHandler   pwm.o
    0x08002d34   0x08002d34   0x00000020   Code   RO         5834    i.TIM6_DAC_IRQHandler  freertos_debug.o
    0x08002d54   0x08002d54   0x00000100   Code   RO         3648    i.TIM_ARRPreloadConfig  stm32f4xx_tim.o
    0x08002e54   0x08002e54   0x000000dc   Code   RO         3655    i.TIM_ClearITPendingBit  stm32f4xx_tim.o
    0x08002f30   0x08002f30   0x00000100   Code   RO         3660    i.TIM_Cmd           stm32f4xx_tim.o
    0x08003030   0x08003030   0x000000c4   Code   RO         3675    i.TIM_GetCapture1   stm32f4xx_tim.o
    0x080030f4   0x080030f4   0x0000009c   Code   RO         3676    i.TIM_GetCapture2   stm32f4xx_tim.o
    0x08003190   0x08003190   0x00000088   Code   RO         3677    i.TIM_GetCapture3   stm32f4xx_tim.o
    0x08003218   0x08003218   0x00000088   Code   RO         3678    i.TIM_GetCapture4   stm32f4xx_tim.o
    0x080032a0   0x080032a0   0x0000012c   Code   RO         3681    i.TIM_GetITStatus   stm32f4xx_tim.o
    0x080033cc   0x080033cc   0x00000234   Code   RO         3683    i.TIM_ICInit        stm32f4xx_tim.o
    0x08003600   0x08003600   0x00000110   Code   RO         3685    i.TIM_ITConfig      stm32f4xx_tim.o
    0x08003710   0x08003710   0x000001f8   Code   RO         3689    i.TIM_OC1Init       stm32f4xx_tim.o
    0x08003908   0x08003908   0x000000e4   Code   RO         3692    i.TIM_OC1PreloadConfig  stm32f4xx_tim.o
    0x080039ec   0x080039ec   0x000001f8   Code   RO         3694    i.TIM_OC2Init       stm32f4xx_tim.o
    0x08003be4   0x08003be4   0x000000c4   Code   RO         3697    i.TIM_OC2PreloadConfig  stm32f4xx_tim.o
    0x08003ca8   0x08003ca8   0x000001e0   Code   RO         3699    i.TIM_OC3Init       stm32f4xx_tim.o
    0x08003e88   0x08003e88   0x000000a8   Code   RO         3702    i.TIM_OC3PreloadConfig  stm32f4xx_tim.o
    0x08003f30   0x08003f30   0x00000174   Code   RO         3704    i.TIM_OC4Init       stm32f4xx_tim.o
    0x080040a4   0x080040a4   0x000000b0   Code   RO         3706    i.TIM_OC4PreloadConfig  stm32f4xx_tim.o
    0x08004154   0x08004154   0x000000dc   Code   RO         3720    i.TIM_SetAutoreload  stm32f4xx_tim.o
    0x08004230   0x08004230   0x000000f0   Code   RO         3727    i.TIM_SetIC1Prescaler  stm32f4xx_tim.o
    0x08004320   0x08004320   0x000000d0   Code   RO         3728    i.TIM_SetIC2Prescaler  stm32f4xx_tim.o
    0x080043f0   0x080043f0   0x000000b4   Code   RO         3729    i.TIM_SetIC3Prescaler  stm32f4xx_tim.o
    0x080044a4   0x080044a4   0x000000bc   Code   RO         3730    i.TIM_SetIC4Prescaler  stm32f4xx_tim.o
    0x08004560   0x08004560   0x00000188   Code   RO         3732    i.TIM_TimeBaseInit  stm32f4xx_tim.o
    0x080046e8   0x080046e8   0x000000d4   Code   RO         4210    i.USART_ClearFlag   stm32f4xx_usart.o
    0x080047bc   0x080047bc   0x000000b4   Code   RO         4214    i.USART_Cmd         stm32f4xx_usart.o
    0x08004870   0x08004870   0x00000120   Code   RO         4216    i.USART_DeInit      stm32f4xx_usart.o
    0x08004990   0x08004990   0x00000100   Code   RO         4217    i.USART_GetFlagStatus  stm32f4xx_usart.o
    0x08004a90   0x08004a90   0x00000158   Code   RO         4220    i.USART_ITConfig    stm32f4xx_usart.o
    0x08004be8   0x08004be8   0x00000220   Code   RO         4221    i.USART_Init        stm32f4xx_usart.o
    0x08004e08   0x08004e08   0x000000a4   Code   RO         4231    i.USART_SendData    stm32f4xx_usart.o
    0x08004eac   0x08004eac   0x00000004   Code   RO          260    i.UsageFault_Handler  stm32f4xx_it.o
    0x08004eb0   0x08004eb0   0x00000020   Code   RO         6250    i.__0printf$8       mc_w.l(printf8.o)
    0x08004ed0   0x08004ed0   0x00000030   Code   RO         6251    i.__0snprintf$8     mc_w.l(printf8.o)
    0x08004f00   0x08004f00   0x0000000e   Code   RO         6346    i.__scatterload_copy  mc_w.l(handlers.o)
    0x08004f0e   0x08004f0e   0x00000002   Code   RO         6347    i.__scatterload_null  mc_w.l(handlers.o)
    0x08004f10   0x08004f10   0x0000000e   Code   RO         6348    i.__scatterload_zeroinit  mc_w.l(handlers.o)
    0x08004f1e   0x08004f1e   0x00000002   PAD
    0x08004f20   0x08004f20   0x00000410   Code   RO         6257    i._printf_core      mc_w.l(printf8.o)
    0x08005330   0x08005330   0x00000024   Code   RO         6258    i._printf_post_padding  mc_w.l(printf8.o)
    0x08005354   0x08005354   0x0000002e   Code   RO         6259    i._printf_pre_padding  mc_w.l(printf8.o)
    0x08005382   0x08005382   0x00000016   Code   RO         6260    i._snputc           mc_w.l(printf8.o)
    0x08005398   0x08005398   0x00000002   Code   RO           20    i.assert_failed     main.o
    0x0800539a   0x0800539a   0x0000000c   Code   RO         5718    i.delay_ms          tftlcd.o
    0x080053a6   0x080053a6   0x00000002   PAD
    0x080053a8   0x080053a8   0x00000024   Code   RO           21    i.fputc             main.o
    0x080053cc   0x080053cc   0x0000014c   Code   RO         6000    i.getKeyStatus      key.o
    0x08005518   0x08005518   0x00000018   Code   RO         5951    i.getTIM3ICValue    pwm.o
    0x08005530   0x08005530   0x0000001c   Code   RO           22    i.main              main.o
    0x0800554c   0x0800554c   0x00000098   Code   RO         5046    i.prvAddCurrentTaskToDelayedList  tasks.o
    0x080055e4   0x080055e4   0x000000b8   Code   RO         5047    i.prvAddNewTaskToReadyList  tasks.o
    0x0800569c   0x0800569c   0x00000064   Code   RO         5419    i.prvCheckForValidListAndQueue  timers.o
    0x08005700   0x08005700   0x00000048   Code   RO         5048    i.prvCheckTasksWaitingTermination  tasks.o
    0x08005748   0x08005748   0x0000002a   Code   RO         4669    i.prvCopyDataFromQueue  queue.o
    0x08005772   0x08005772   0x0000007e   Code   RO         4670    i.prvCopyDataToQueue  queue.o
    0x080057f0   0x080057f0   0x00000012   Code   RO         5049    i.prvDeleteTCB      tasks.o
    0x08005802   0x08005802   0x00000002   PAD
    0x08005804   0x08005804   0x00000028   Code   RO         5420    i.prvGetNextExpireTime  timers.o
    0x0800582c   0x0800582c   0x0000007c   Code   RO         5570    i.prvHeapInit       heap_4.o
    0x080058a8   0x080058a8   0x00000028   Code   RO         5050    i.prvIdleTask       tasks.o
    0x080058d0   0x080058d0   0x0000002a   Code   RO         4673    i.prvInitialiseNewQueue  queue.o
    0x080058fa   0x080058fa   0x000000c0   Code   RO         5051    i.prvInitialiseNewTask  tasks.o
    0x080059ba   0x080059ba   0x00000002   PAD
    0x080059bc   0x080059bc   0x00000068   Code   RO         5052    i.prvInitialiseTaskLists  tasks.o
    0x08005a24   0x08005a24   0x00000068   Code   RO         5571    i.prvInsertBlockIntoFreeList  heap_4.o
    0x08005a8c   0x08005a8c   0x00000058   Code   RO         5422    i.prvInsertTimerInActiveList  timers.o
    0x08005ae4   0x08005ae4   0x0000001a   Code   RO         4674    i.prvIsQueueEmpty   queue.o
    0x08005afe   0x08005afe   0x0000001e   Code   RO         4675    i.prvIsQueueFull    queue.o
    0x08005b1c   0x08005b1c   0x00000074   Code   RO         5423    i.prvProcessExpiredTimer  timers.o
    0x08005b90   0x08005b90   0x00000138   Code   RO         5424    i.prvProcessReceivedCommands  timers.o
    0x08005cc8   0x08005cc8   0x00000074   Code   RO         5425    i.prvProcessTimerOrBlockTask  timers.o
    0x08005d3c   0x08005d3c   0x00000034   Code   RO         5054    i.prvResetNextTaskUnblockTime  tasks.o
    0x08005d70   0x08005d70   0x0000002c   Code   RO         5426    i.prvSampleTimeNow  timers.o
    0x08005d9c   0x08005d9c   0x000000a4   Code   RO         5427    i.prvSwitchTimerLists  timers.o
    0x08005e40   0x08005e40   0x00000040   Code   RO         5621    i.prvTaskExitError  port.o
    0x08005e80   0x08005e80   0x0000001a   Code   RO         5428    i.prvTimerTask      timers.o
    0x08005e9a   0x08005e9a   0x0000007e   Code   RO         4676    i.prvUnlockQueue    queue.o
    0x08005f18   0x08005f18   0x0000013c   Code   RO         5572    i.pvPortMalloc      heap_4.o
    0x08006054   0x08006054   0x0000002c   Code   RO         5622    i.pxPortInitialiseStack  port.o
    0x08006080   0x08006080   0x00000028   Code   RO         4629    i.uxListRemove      list.o
    0x080060a8   0x080060a8   0x000000ac   Code   RO         5885    i.vInteractionStart  rc.o
    0x08006154   0x08006154   0x00000048   Code   RO           23    i.vLEDStart         main.o
    0x0800619c   0x0800619c   0x0000001a   Code   RO         4630    i.vListInitialise   list.o
    0x080061b6   0x080061b6   0x00000006   Code   RO         4631    i.vListInitialiseItem  list.o
    0x080061bc   0x080061bc   0x00000034   Code   RO         4632    i.vListInsert       list.o
    0x080061f0   0x080061f0   0x00000018   Code   RO         4633    i.vListInsertEnd    list.o
    0x08006208   0x08006208   0x00000054   Code   RO         5624    i.vPortEnterCritical  port.o
    0x0800625c   0x0800625c   0x0000003c   Code   RO         5625    i.vPortExitCritical  port.o
    0x08006298   0x08006298   0x00000094   Code   RO         5573    i.vPortFree         heap_4.o
    0x0800632c   0x0800632c   0x00000028   Code   RO         5626    i.vPortSetupTimerInterrupt  port.o
    0x08006354   0x08006354   0x00000078   Code   RO         5627    i.vPortValidateInterruptPriority  port.o
    0x080063cc   0x080063cc   0x0000002c   Code   RO         4682    i.vQueueAddToRegistry  queue.o
    0x080063f8   0x080063f8   0x0000004a   Code   RO         4686    i.vQueueWaitForMessageRestricted  queue.o
    0x08006442   0x08006442   0x00000002   PAD
    0x08006444   0x08006444   0x0000002c   Code   RO         5886    i.vRCStart          rc.o
    0x08006470   0x08006470   0x0000002c   Code   RO         5835    i.vSystemDebugStart  freertos_debug.o
    0x0800649c   0x0800649c   0x0000005c   Code   RO         5066    i.vTaskDelay        tasks.o
    0x080064f8   0x080064f8   0x00000018   Code   RO         5072    i.vTaskInternalSetTimeOutState  tasks.o
    0x08006510   0x08006510   0x0000000c   Code   RO         5074    i.vTaskMissedYield  tasks.o
    0x0800651c   0x0800651c   0x00000038   Code   RO         5076    i.vTaskPlaceOnEventList  tasks.o
    0x08006554   0x08006554   0x00000040   Code   RO         5077    i.vTaskPlaceOnEventListRestricted  tasks.o
    0x08006594   0x08006594   0x0000009c   Code   RO         5085    i.vTaskStartScheduler  tasks.o
    0x08006630   0x08006630   0x00000010   Code   RO         5087    i.vTaskSuspendAll   tasks.o
    0x08006640   0x08006640   0x000000cc   Code   RO         5088    i.vTaskSwitchContext  tasks.o
    0x0800670c   0x0800670c   0x00000168   Code   RO         5628    i.xPortStartScheduler  port.o
    0x08006874   0x08006874   0x0000005a   Code   RO         4689    i.xQueueGenericCreate  queue.o
    0x080068ce   0x080068ce   0x00000002   PAD
    0x080068d0   0x080068d0   0x00000098   Code   RO         4690    i.xQueueGenericReset  queue.o
    0x08006968   0x08006968   0x000001a8   Code   RO         4691    i.xQueueGenericSend  queue.o
    0x08006b10   0x08006b10   0x000000f8   Code   RO         4692    i.xQueueGenericSendFromISR  queue.o
    0x08006c08   0x08006c08   0x00000168   Code   RO         4699    i.xQueueReceive     queue.o
    0x08006d70   0x08006d70   0x0000008c   Code   RO         5089    i.xTaskCheckForTimeOut  tasks.o
    0x08006dfc   0x08006dfc   0x00000060   Code   RO         5090    i.xTaskCreate       tasks.o
    0x08006e5c   0x08006e5c   0x00000020   Code   RO         5094    i.xTaskGetSchedulerState  tasks.o
    0x08006e7c   0x08006e7c   0x0000000c   Code   RO         5095    i.xTaskGetTickCount  tasks.o
    0x08006e88   0x08006e88   0x00000148   Code   RO         5097    i.xTaskIncrementTick  tasks.o
    0x08006fd0   0x08006fd0   0x000000c8   Code   RO         5100    i.xTaskPriorityDisinherit  tasks.o
    0x08007098   0x08007098   0x00000098   Code   RO         5102    i.xTaskRemoveFromEventList  tasks.o
    0x08007130   0x08007130   0x00000104   Code   RO         5103    i.xTaskResumeAll    tasks.o
    0x08007234   0x08007234   0x00000058   Code   RO         5435    i.xTimerCreateTimerTask  timers.o
    0x0800728c   0x0800728c   0x00000084   Code   RO         5436    i.xTimerGenericCommand  timers.o
    0x08007310   0x08007310   0x000017c0   Data   RO         5719    .constdata          tftlcd.o
    0x08008ad0   0x08008ad0   0x00000020   Data   RO         6344    Region$$Table       anon$$obj.o


    Execution Region RW_IRAM1 (Exec base: 0x20000000, Load base: 0x08008af0, Size: 0x00013480, Max: 0x00020000, ABSOLUTE)

    Exec Addr    Load Addr    Size         Type   Attr      Idx    E Section Name        Object

    0x20000000   0x08008af0   0x00000004   Data   RW           24    .data               main.o
    0x20000004   0x08008af4   0x00000010   Data   RW         2560    .data               stm32f4xx_rcc.o
    0x20000014   0x08008b04   0x00000014   Data   RW         4471    .data               system_stm32f4xx.o
    0x20000028   0x08008b18   0x00000044   Data   RW         5106    .data               tasks.o
    0x2000006c   0x08008b5c   0x00000014   Data   RW         5442    .data               timers.o
    0x20000080   0x08008b70   0x00000018   Data   RW         5578    .data               heap_4.o
    0x20000098   0x08008b88   0x0000000c   Data   RW         5629    .data               port.o
    0x200000a4   0x08008b94   0x00000030   Data   RW         5720    .data               tftlcd.o
    0x200000d4   0x08008bc4   0x00000008   Data   RW         5836    .data               freertos_debug.o
    0x200000dc   0x08008bcc   0x00000006   Data   RW         5888    .data               rc.o
    0x200000e2   0x08008bd2   0x00000001   Data   RW         6001    .data               key.o
    0x200000e3   0x08008bd3   0x00000001   PAD
    0x200000e4   0x08008bd4   0x00000004   Data   RW         6318    .data               mc_w.l(stdout.o)
    0x200000e8        -       0x00000040   Zero   RW         4703    .bss                queue.o
    0x20000128        -       0x000002e4   Zero   RW         5105    .bss                tasks.o
    0x2000040c        -       0x00000028   Zero   RW         5441    .bss                timers.o
    0x20000434        -       0x00012c00   Zero   RW         5577    .bss                heap_4.o
    0x20013034        -       0x0000001c   Zero   RW         5887    .bss                rc.o
    0x20013050        -       0x00000030   Zero   RW         5952    .bss                pwm.o
    0x20013080        -       0x00000400   Zero   RW            1    STACK               startup_stm32f407xx.o


==============================================================================

Image component sizes


      Code (inc. data)   RO Data    RW Data    ZI Data      Debug   Object Name

         0          0          0          0          0       9696   event_groups.o
       176         42          0          8          0       2413   freertos_debug.o
       692         62          0         24      76800       4551   heap_4.o
       424         22          0          1          0       1290   key.o
       148          0          0          0          0       3354   list.o
       714        132          0          4          0     283812   main.o
       344        126          0          0          0       1759   misc.o
      1014         92          0         12          0      11681   port.o
      1164         48          0          0         48       3948   pwm.o
      1784         20          0          0         64      16114   queue.o
      1076        342          0          6         28       3743   rc.o
        36          8        392          0       1024        936   startup_stm32f407xx.o
      1832        588          0          0          0       5187   stm32f4xx_gpio.o
        20          0          0          0          0       2697   stm32f4xx_it.o
      2172        908          0         16          0      13217   stm32f4xx_rcc.o
      6838       2312          0          0          0      21794   stm32f4xx_tim.o
      1988        596          0          0          0       6294   stm32f4xx_usart.o
       340         32          0         20          0       1781   system_stm32f4xx.o
      2658        364          0         68        740      24806   tasks.o
      2850        184       6080         48          0      14924   tftlcd.o
      1226        116          0         20         40      20595   timers.o

    ----------------------------------------------------------------------
     27516       5994       6504        228      78744     454592   Object Totals
         0          0         32          0          0          0   (incl. Generated)
        20          0          0          1          0          0   (incl. Padding)

    ----------------------------------------------------------------------

      Code (inc. data)   RO Data    RW Data    ZI Data      Debug   Library Member Name

         0          0          0          0          0          0   entry.o
         0          0          0          0          0          0   entry10a.o
         0          0          0          0          0          0   entry11a.o
         8          4          0          0          0          0   entry2.o
         4          0          0          0          0          0   entry5.o
         0          0          0          0          0          0   entry7b.o
         0          0          0          0          0          0   entry8b.o
         8          4          0          0          0          0   entry9a.o
        30          0          0          0          0          0   handlers.o
        36          8          0          0          0         68   init.o
        30          0          0          0          0         68   llshl.o
        32          0          0          0          0         68   llushr.o
        36          0          0          0          0         68   memcpya.o
        36          0          0          0          0        108   memseta.o
      1224         58          0          0          0        504   printf8.o
         0          0          0          4          0          0   stdout.o
        98          0          0          0          0         92   uldiv.o

    ----------------------------------------------------------------------
      1548         74          0          4          0        976   Library Totals
         6          0          0          0          0          0   (incl. Padding)

    ----------------------------------------------------------------------

      Code (inc. data)   RO Data    RW Data    ZI Data      Debug   Library Name

      1542         74          0          4          0        976   mc_w.l

    ----------------------------------------------------------------------
      1548         74          0          4          0        976   Library Totals

    ----------------------------------------------------------------------

==============================================================================


      Code (inc. data)   RO Data    RW Data    ZI Data      Debug   

     29064       6068       6504        232      78744     438004   Grand Totals
     29064       6068       6504        232      78744     438004   ELF Image Totals
     29064       6068       6504        232          0          0   ROM Totals

==============================================================================

    Total RO  Size (Code + RO Data)                35568 (  34.73kB)
    Total RW  Size (RW Data + ZI Data)             78976 (  77.13kB)
    Total ROM Size (Code + RO Data + RW Data)      35800 (  34.96kB)

==============================================================================

