Component: ARM Compiler 5.06 update 5 (build 528) Tool: armlink [4d35e2]

==============================================================================

Section Cross References

    startup_stm32f407xx.o(RESET) refers to startup_stm32f407xx.o(STACK) for __initial_sp
    startup_stm32f407xx.o(RESET) refers to startup_stm32f407xx.o(.text) for Reset_Handler
    startup_stm32f407xx.o(RESET) refers to stm32f4xx_it.o(i.NMI_Handler) for NMI_Handler
    startup_stm32f407xx.o(RESET) refers to stm32f4xx_it.o(i.HardFault_Handler) for HardFault_Handler
    startup_stm32f407xx.o(RESET) refers to stm32f4xx_it.o(i.MemManage_Handler) for MemManage_Handler
    startup_stm32f407xx.o(RESET) refers to stm32f4xx_it.o(i.BusFault_Handler) for BusFault_Handler
    startup_stm32f407xx.o(RESET) refers to stm32f4xx_it.o(i.UsageFault_Handler) for UsageFault_Handler
    startup_stm32f407xx.o(RESET) refers to port.o(.emb_text) for SVC_Handler
    startup_stm32f407xx.o(RESET) refers to stm32f4xx_it.o(i.DebugMon_Handler) for DebugMon_Handler
    startup_stm32f407xx.o(RESET) refers to port.o(i.SysTick_Handler) for SysTick_Handler
    startup_stm32f407xx.o(RESET) refers to pwm.o(i.TIM3_IRQHandler) for TIM3_IRQHandler
    startup_stm32f407xx.o(RESET) refers to freertos_debug.o(i.TIM6_DAC_IRQHandler) for TIM6_DAC_IRQHandler
    startup_stm32f407xx.o(.text) refers to system_stm32f4xx.o(i.SystemInit) for SystemInit
    startup_stm32f407xx.o(.text) refers to entry.o(.ARM.Collect$$$$00000000) for __main
    main.o(i.AppTaskCreate) refers to tasks.o(i.xTaskCreate) for xTaskCreate
    main.o(i.AppTaskCreate) refers to main.o(.data) for xHandleTaskLED
    main.o(i.AppTaskCreate) refers to main.o(i.vLEDStart) for vLEDStart
    main.o(i.AppTaskCreate) refers to freertos_debug.o(.data) for xHandleTaskSystemDebug
    main.o(i.AppTaskCreate) refers to freertos_debug.o(i.vSystemDebugStart) for vSystemDebugStart
    main.o(i.AppTaskCreate) refers to rc.o(.data) for xHandleTaskRC
    main.o(i.AppTaskCreate) refers to rc.o(i.vRCStart) for vRCStart
    main.o(i.AppTaskCreate) refers to rc.o(i.vInteractionStart) for vInteractionStart
    main.o(i.BSP_Init) refers to main.o(i.MX_USART1_UART_Init) for MX_USART1_UART_Init
    main.o(i.BSP_Init) refers to misc.o(i.NVIC_PriorityGroupConfig) for NVIC_PriorityGroupConfig
    main.o(i.BSP_Init) refers to stm32f4xx_rcc.o(i.RCC_AHB1PeriphClockCmd) for RCC_AHB1PeriphClockCmd
    main.o(i.MX_GPIO_Init) refers to stm32f4xx_rcc.o(i.RCC_AHB1PeriphClockCmd) for RCC_AHB1PeriphClockCmd
    main.o(i.MX_GPIO_Init) refers to stm32f4xx_gpio.o(i.GPIO_Init) for GPIO_Init
    main.o(i.MX_USART1_UART_Init) refers to stm32f4xx_rcc.o(i.RCC_APB2PeriphClockCmd) for RCC_APB2PeriphClockCmd
    main.o(i.MX_USART1_UART_Init) refers to stm32f4xx_rcc.o(i.RCC_AHB1PeriphClockCmd) for RCC_AHB1PeriphClockCmd
    main.o(i.MX_USART1_UART_Init) refers to stm32f4xx_gpio.o(i.GPIO_PinAFConfig) for GPIO_PinAFConfig
    main.o(i.MX_USART1_UART_Init) refers to stm32f4xx_gpio.o(i.GPIO_Init) for GPIO_Init
    main.o(i.MX_USART1_UART_Init) refers to stm32f4xx_usart.o(i.USART_DeInit) for USART_DeInit
    main.o(i.MX_USART1_UART_Init) refers to stm32f4xx_usart.o(i.USART_Init) for USART_Init
    main.o(i.MX_USART1_UART_Init) refers to stm32f4xx_usart.o(i.USART_ITConfig) for USART_ITConfig
    main.o(i.MX_USART1_UART_Init) refers to stm32f4xx_usart.o(i.USART_Cmd) for USART_Cmd
    main.o(i.MX_USART1_UART_Init) refers to stm32f4xx_usart.o(i.USART_ClearFlag) for USART_ClearFlag
    main.o(i.MX_USART1_UART_Init) refers to misc.o(i.NVIC_PriorityGroupConfig) for NVIC_PriorityGroupConfig
    main.o(i.MX_USART1_UART_Init) refers to misc.o(i.NVIC_Init) for NVIC_Init
    main.o(i.SystemClock_Config) refers to stm32f4xx_rcc.o(i.RCC_DeInit) for RCC_DeInit
    main.o(i.SystemClock_Config) refers to stm32f4xx_rcc.o(i.RCC_HSEConfig) for RCC_HSEConfig
    main.o(i.SystemClock_Config) refers to stm32f4xx_rcc.o(i.RCC_WaitForHSEStartUp) for RCC_WaitForHSEStartUp
    main.o(i.SystemClock_Config) refers to stm32f4xx_rcc.o(i.RCC_HCLKConfig) for RCC_HCLKConfig
    main.o(i.SystemClock_Config) refers to stm32f4xx_rcc.o(i.RCC_PCLK2Config) for RCC_PCLK2Config
    main.o(i.SystemClock_Config) refers to stm32f4xx_rcc.o(i.RCC_PCLK1Config) for RCC_PCLK1Config
    main.o(i.SystemClock_Config) refers to stm32f4xx_rcc.o(i.RCC_SYSCLKConfig) for RCC_SYSCLKConfig
    main.o(i.SystemClock_Config) refers to stm32f4xx_rcc.o(i.RCC_PLLConfig) for RCC_PLLConfig
    main.o(i.SystemClock_Config) refers to stm32f4xx_rcc.o(i.RCC_PLLCmd) for RCC_PLLCmd
    main.o(i.SystemClock_Config) refers to stm32f4xx_rcc.o(i.RCC_GetFlagStatus) for RCC_GetFlagStatus
    main.o(i.SystemClock_Config) refers to stm32f4xx_rcc.o(i.RCC_GetSYSCLKSource) for RCC_GetSYSCLKSource
    main.o(i.SystemClock_Config) refers to stm32f4xx_rcc.o(i.RCC_APB2PeriphClockCmd) for RCC_APB2PeriphClockCmd
    main.o(i.fputc) refers to stm32f4xx_usart.o(i.USART_SendData) for USART_SendData
[...]
    xTimerCreateTimerTask                    0x0800c54d   Thumb Code    66  timers.o(i.xTimerCreateTimerTask)
    xTimerGenericCommand                     0x0800c5a5   Thumb Code   126  timers.o(i.xTimerGenericCommand)
    GUIDRV_Template_API                      0x0800c628   Data          52  guidrv_template.o(.constdata)
    asc2_1206                                0x0800c65c   Data        1140  tftlcd.o(.constdata)
    asc2_1608                                0x0800cad0   Data        1520  tftlcd.o(.constdata)
    asc2_2412                                0x0800d0c0   Data        3420  tftlcd.o(.constdata)
    LCD_API_ColorConv_M565                   0x0800de24   Data          24  guicc_m565.o(.constdata)
    GUI_Font6x8                              0x0800e530   Data          36  f6x8.o(.constdata)
    GUI_Font16ASCIIProp1                     0x0800efc4   Data          12  f16_ascii.o(.constdata)
    GUI_Font16_ASCII                         0x0800efd0   Data          36  f16_ascii.o(.constdata)
    GUI_MEMDEV_DEVICE_16                     0x0800f034   Data          52  guidev_16.o(.constdata)
    GUI__aConvert_31_255                     0x0800f068   Data          32  gui__divtbl_31_255.o(.constdata)
    GUI__aConvert_63_255                     0x0800f088   Data          64  gui__divtbl_63_255.o(.constdata)
    GUI__aConvert_255_31                     0x0800f0c8   Data         256  gui__divtbl_255_31.o(.constdata)
    GUI__aConvert_255_63                     0x0800f1c8   Data         256  gui__divtbl_255_63.o(.constdata)
    GUI_UC_None                              0x0800f2c8   Data          16  gui_uc_encodenone.o(.constdata)
    LCD_aMirror                              0x0800f2e4   Data         256  lcd_mirror.o(.constdata)
    LCD_API_ColorConv_0                      0x0800f3ec   Data          24  guicc_0.o(.constdata)
    Region$$Table$$Base                      0x0800f404   Number         0  anon$$obj.o(Region$$Table)
    Region$$Table$$Limit                     0x0800f424   Number         0  anon$$obj.o(Region$$Table)
    SystemCoreClock                          0x20000014   Data           4  system_stm32f4xx.o(.data)
    AHBPrescTable                            0x20000018   Data          16  system_stm32f4xx.o(.data)
    pxCurrentTCB                             0x20000030   Data           4  tasks.o(.data)
    POINT_COLOR                              0x200000ac   Data           2  tftlcd.o(.data)
    BACK_COLOR                               0x200000ae   Data           2  tftlcd.o(.data)
    LCD                                      0x200000b0   Data          44  tftlcd.o(.data)
    xHandleTaskSystemDebug                   0x200000dc   Data           4  freertos_debug.o(.data)
    ulHighFrequencyTimerTicks                0x200000e0   Data           4  freertos_debug.o(.data)
    xHandleTaskRC                            0x200000e4   Data           4  rc.o(.data)
    GUI_DecChar                              0x200000f4   Data           1  gui_core.o(.data)
    GUI__IsInitialized                       0x200000f5   Data           1  gui_core.o(.data)
    GUI_pfGetpPalConvTable                   0x200000f8   Data           4  gui_core.o(.data)
    GUI__pFontDefault                        0x200000fc   Data           4  gui_core.o(.data)
    GUI_pContext                             0x20000100   Data           4  gui_core.o(.data)
    GUI_pUC_API                              0x20000104   Data           4  gui_core.o(.data)
    GUI__apDevice                            0x20000118   Data           8  gui_core.o(.data)
    GUI_pfDispCharStyle                      0x20000120   Data           4  gui_core.o(.data)
    GUI_pLCD_APIList                         0x20000124   Data           4  gui_core.o(.data)
    GUI_OrgX                                 0x20000128   Data           2  gui_core.o(.data)
    GUI_OrgY                                 0x2000012a   Data           2  gui_core.o(.data)
    GUITASK__EntranceCnt                     0x20000148   Data           4  gui_task.o(.data)
    LCD__pSetColorAPI                        0x20000158   Data           4  lcd.o(.data)
    LCD__aConvTable                          0x20000160   Data           4  lcd_color.o(.data)
    WM__PaintCallbackCnt                     0x2000016c   Data           1  wm.o(.data)
    WM__NumWindows                           0x2000016e   Data           2  wm.o(.data)
    WM__NumInvalidWindows                    0x20000170   Data           2  wm.o(.data)
    WM__TouchedLayer                         0x20000178   Data           4  wm.o(.data)
    WM__FirstWin                             0x2000017c   Data           4  wm.o(.data)
    WM__pFirstCriticalHandle                 0x20000180   Data           4  wm.o(.data)
    WM__CreateFlags                          0x20000184   Data           4  wm.o(.data)
    WM_pfPollPID                             0x20000188   Data           4  wm.o(.data)
    WM_MULTIBUF__pAPI                        0x2000018c   Data           4  wm.o(.data)
    WM__TransWindowCnt                       0x20000190   Data           4  wm.o(.data)
    WM__hATransWindow                        0x20000194   Data           4  wm.o(.data)
    WM__hCreateStatic                        0x20000198   Data           4  wm.o(.data)
    WM__pExecGestures                        0x2000019c   Data           4  wm.o(.data)
    WM__ahDesktopWin                         0x200001b0   Data           8  wm.o(.data)
    WM__aBkColor                             0x200001b8   Data           8  wm.o(.data)
    WM__ahCapture                            0x200001c0   Data           8  wm.o(.data)
    WM__ahWinFocus                           0x200001c8   Data           8  wm.o(.data)
    GUI_CharLine_pfLog2Vis                   0x200001e8   Data           4  gui_charline.o(.data)
    __stdout                                 0x2000020c   Data           4  stdout.o(.data)
    xQueueRegistry                           0x20007a10   Data          64  queue.o(.bss)
    TIM3_IC_Value                            0x2001a95c   Data          16  pwm.o(.bss)
    GUI_ALLOC__Context                       0x2001a98c   Data         192  gui_alloc.o(.bss)
    WM__aCHWinModal                          0x2001ab50   Data          16  wm_touch.o(.bss)
    WM__aCHWinLast                           0x2001ab60   Data          16  wm_touch.o(.bss)
    WM__aCHWinMouseOver                      0x2001ab70   Data          16  wm_touch.o(.bss)
    __initial_sp                             0x2001af80   Data           0  startup_stm32f407xx.o(STACK)



==============================================================================

Memory Map of the image

  Image Entry point : 0x08000189

  Load Region LR_IROM1 (Base: 0x08000000, Size: 0x0000f634, Max: 0x00080000, ABSOLUTE, COMPRESSED[0x0000f490])

    Execution Region ER_IROM1 (Exec base: 0x08000000, Load base: 0x08000000, Size: 0x0000f424, Max: 0x00080000, ABSOLUTE)

    Exec Addr    Load Addr    Size         Type   Attr      Idx    E Section Name        Object

    0x08000000   0x08000000   0x00000188   Data   RO            3    RESET               startup_stm32f407xx.o
    0x08000188   0x08000188   0x00000000   Code   RO         7868  * .ARM.Collect$$$$00000000  mc_w.l(entry.o)
    0x08000188   0x08000188   0x00000004   Code   RO         8148    .ARM.Collect$$$$00000001  mc_w.l(entry2.o)
    0x0800018c   0x0800018c   0x00000004   Code   RO         8151    .ARM.Collect$$$$00000004  mc_w.l(entry5.o)
    0x08000190   0x08000190   0x00000000   Code   RO         8153    .ARM.Collect$$$$00000008  mc_w.l(entry7b.o)
    0x08000190   0x08000190   0x00000000   Code   RO         8155    .ARM.Collect$$$$0000000A  mc_w.l(entry8b.o)
    0x08000190   0x08000190   0x00000008   Code   RO         8156    .ARM.Collect$$$$0000000B  mc_w.l(entry9a.o)
    0x08000198   0x08000198   0x00000000   Code   RO         8158    .ARM.Collect$$$$0000000D  mc_w.l(entry10a.o)
    0x08000198   0x08000198   0x00000000   Code   RO         8160    .ARM.Collect$$$$0000000F  mc_w.l(entry11a.o)
    0x08000198   0x08000198   0x00000004   Code   RO         8149    .ARM.Collect$$$$00002712  mc_w.l(entry2.o)
    0x0800019c   0x0800019c   0x000000be   Code   RO         5969    .emb_text           port.o
    0x0800025a   0x0800025a   0x00000002   PAD
    0x0800025c   0x0800025c   0x00000024   Code   RO            4    .text               startup_stm32f407xx.o
    0x08000280   0x08000280   0x00000040   Code   RO         7873    .text               mc_w.l(memmovea.o)
    0x080002c0   0x080002c0   0x00000024   Code   RO         7877    .text               mc_w.l(memseta.o)
    0x080002e4   0x080002e4   0x00000062   Code   RO         8165    .text               mc_w.l(uldiv.o)
    0x08000346   0x08000346   0x00000002   PAD
    0x08000348   0x08000348   0x00000024   Code   RO         8178    .text               mc_w.l(init.o)
    0x0800036c   0x0800036c   0x0000001e   Code   RO         8180    .text               mc_w.l(llshl.o)
    0x0800038a   0x0800038a   0x00000020   Code   RO         8182    .text               mc_w.l(llushr.o)
    0x080003aa   0x080003aa   0x00000056   Code   RO         8196    .text               mc_w.l(__dczerorl2.o)
    0x08000400   0x08000400   0x000000bc   Code   RO           13    i.AppTaskCreate     main.o
    0x080004bc   0x080004bc   0x00000018   Code   RO           14    i.BSP_Init          main.o
    0x080004d4   0x080004d4   0x00000004   Code   RO          255    i.BusFault_Handler  stm32f4xx_it.o
    0x080004d8   0x080004d8   0x00000002   Code   RO          256    i.DebugMon_Handler  stm32f4xx_it.o
    0x080004da   0x080004da   0x00000002   PAD
    0x080004dc   0x080004dc   0x00000064   Code   RO         6210    i.FreeRTOSDebugInit  freertos_debug.o
    0x08000540   0x08000540   0x000001b8   Code   RO         1875    i.GPIO_Init         stm32f4xx_gpio.o
    0x080006f8   0x080006f8   0x000001b4   Code   RO         1876    i.GPIO_PinAFConfig  stm32f4xx_gpio.o
    0x080008ac   0x080008ac   0x00000118   Code   RO         1879    i.GPIO_ReadInputDataBit  stm32f4xx_gpio.o
    0x080009c4   0x080009c4   0x000000c0   Code   RO         1882    i.GPIO_ResetBits    stm32f4xx_gpio.o
    0x08000a84   0x08000a84   0x000000c0   Code   RO         1883    i.GPIO_SetBits      stm32f4xx_gpio.o
    0x08000b44   0x08000b44   0x00000124   Code   RO         1887    i.GPIO_WriteBit     stm32f4xx_gpio.o
    0x08000c68   0x08000c68   0x00000134   Code   RO         6840    i.GUIMONO_DispChar  STemWin532_CM4_OS_Keil.lib(gui_charm.o)
    0x08000d9c   0x08000d9c   0x00000018   Code   RO         6841    i.GUIMONO_GetCharDistX  STemWin532_CM4_OS_Keil.lib(gui_charm.o)
    0x08000db4   0x08000db4   0x00000006   Code   RO         6842    i.GUIMONO_GetFontInfo  STemWin532_CM4_OS_Keil.lib(gui_charm.o)
    0x08000dba   0x08000dba   0x00000038   Code   RO         6843    i.GUIMONO_IsInFont  STemWin532_CM4_OS_Keil.lib(gui_charm.o)
    0x08000df2   0x08000df2   0x00000002   PAD
    0x08000df4   0x08000df4   0x000000cc   Code   RO         6848    i.GUIPROP_DispChar  STemWin532_CM4_OS_Keil.lib(gui_charp.o)
    0x08000ec0   0x08000ec0   0x00000044   Code   RO         6849    i.GUIPROP_GetCharDistX  STemWin532_CM4_OS_Keil.lib(gui_charp.o)
    0x08000f04   0x08000f04   0x00000006   Code   RO         6850    i.GUIPROP_GetFontInfo  STemWin532_CM4_OS_Keil.lib(gui_charp.o)
    0x08000f0a   0x08000f0a   0x00000010   Code   RO         6851    i.GUIPROP_IsInFont  STemWin532_CM4_OS_Keil.lib(gui_charp.o)
    0x08000f1a   0x08000f1a   0x00000016   Code   RO         6852    i.GUIPROP__FindChar  STemWin532_CM4_OS_Keil.lib(gui_charp.o)
    0x08000f30   0x08000f30   0x00000064   Code   RO         6872    i.GUITASK_CopyContext  STemWin532_CM4_OS_Keil.lib(gui_task.o)
    0x08000f94   0x08000f94   0x00000044   Code   RO         6875    i.GUITASK_Init      STemWin532_CM4_OS_Keil.lib(gui_task.o)
    0x08000fd8   0x08000fd8   0x0000001e   Code   RO         6406    i.GUI_ALLOC_AllocNoInit  STemWin532_CM4_OS_Keil.lib(gui_alloc.o)
    0x08000ff6   0x08000ff6   0x0000002e   Code   RO         7112    i.GUI_ALLOC_AllocZero  STemWin532_CM4_OS_Keil.lib(gui_alloc_alloczero.o)
    0x08001024   0x08001024   0x00000010   Code   RO         6407    i.GUI_ALLOC_AssignMemory  STemWin532_CM4_OS_Keil.lib(gui_alloc.o)
    0x08001034   0x08001034   0x0000003c   Code   RO         6408    i.GUI_ALLOC_Free    STemWin532_CM4_OS_Keil.lib(gui_alloc.o)
    0x08001070   0x08001070   0x00000018   Code   RO         6409    i.GUI_ALLOC_FreeFixedBlock  STemWin532_CM4_OS_Keil.lib(gui_alloc.o)
    0x08001088   0x08001088   0x000000b0   Code   RO         6412    i.GUI_ALLOC_GetFixedBlock  STemWin532_CM4_OS_Keil.lib(gui_alloc.o)
    0x08001138   0x08001138   0x0000001c   Code   RO         6422    i.GUI_ALLOC_LockH   STemWin532_CM4_OS_Keil.lib(gui_alloc.o)
    0x08001154   0x08001154   0x00000030   Code   RO         6428    i.GUI_ALLOC_UnlockH  STemWin532_CM4_OS_Keil.lib(gui_alloc.o)
    0x08001184   0x08001184   0x00000018   Code   RO         6429    i.GUI_ALLOC_h2p     STemWin532_CM4_OS_Keil.lib(gui_alloc.o)
    0x0800119c   0x0800119c   0x0000003c   Code   RO         7368    i.GUI_CalcColorDist  STemWin532_CM4_OS_Keil.lib(gui_calccolordist.o)
    0x080011d8   0x080011d8   0x0000001c   Code   RO         6482    i.GUI_Clear         STemWin532_CM4_OS_Keil.lib(gui_core.o)
    0x080011f4   0x080011f4   0x00000068   Code   RO         6483    i.GUI_ClearRect     STemWin532_CM4_OS_Keil.lib(gui_core.o)
    0x0800125c   0x0800125c   0x00000050   Code   RO         6520    i.GUI_DEVICE_Create  STemWin532_CM4_OS_Keil.lib(gui_device.o)
    0x080012ac   0x080012ac   0x00000028   Code   RO         6521    i.GUI_DEVICE_CreateAndLink  STemWin532_CM4_OS_Keil.lib(gui_device.o)
    0x080012d4   0x080012d4   0x00000004   Code   RO         6522    i.GUI_DEVICE_Delete  STemWin532_CM4_OS_Keil.lib(gui_device.o)
    0x080012d8   0x080012d8   0x00000088   Code   RO         6523    i.GUI_DEVICE_Link   STemWin532_CM4_OS_Keil.lib(gui_device.o)
    0x08001360   0x08001360   0x00000012   Code   RO         6524    i.GUI_DEVICE_LinkDevices  STemWin532_CM4_OS_Keil.lib(gui_device.o)
    0x08001372   0x08001372   0x00000002   PAD
    0x08001374   0x08001374   0x00000030   Code   RO         6525    i.GUI_DEVICE_Unlink  STemWin532_CM4_OS_Keil.lib(gui_device.o)
    0x080013a4   0x080013a4   0x00000004   Code   RO         6526    i.GUI_DEVICE_UnlinkTaskDevices  STemWin532_CM4_OS_Keil.lib(gui_device.o)
    0x080013a8   0x080013a8   0x00000024   Code   RO         6528    i.GUI_DEVICE__GetpDriver  STemWin532_CM4_OS_Keil.lib(gui_device.o)
    0x080013cc   0x080013cc   0x00000108   Code   RO         6858    i.GUI_DispString    STemWin532_CM4_OS_Keil.lib(gui_dispstring.o)
    0x080014d4   0x080014d4   0x00000028   Code   RO         6538    i.GUI_DispStringAt  STemWin532_CM4_OS_Keil.lib(gui_dispstringat.o)
    0x080014fc   0x080014fc   0x00000014   Code   RO         6560    i.GUI_GetBitsPerPixelEx  STemWin532_CM4_OS_Keil.lib(lcd_getex.o)
    0x08001510   0x08001510   0x00000018   Code   RO         7139    i.GUI_GetBkColor    STemWin532_CM4_OS_Keil.lib(gui_getcolor.o)
    0x08001528   0x08001528   0x00000024   Code   RO         7116    i.GUI_GetCharDistX  STemWin532_CM4_OS_Keil.lib(gui_char.o)
    0x0800154c   0x0800154c   0x00000028   Code   RO         7117    i.GUI_GetCharDistXEx  STemWin532_CM4_OS_Keil.lib(gui_char.o)
    0x08001574   0x08001574   0x00000018   Code   RO         7141    i.GUI_GetColor      STemWin532_CM4_OS_Keil.lib(gui_getcolor.o)
    0x0800158c   0x0800158c   0x0000001c   Code   RO         7118    i.GUI_GetFontDistY  STemWin532_CM4_OS_Keil.lib(gui_char.o)
    0x080015a8   0x080015a8   0x0000003c   Code   RO         7119    i.GUI_GetYAdjust    STemWin532_CM4_OS_Keil.lib(gui_char.o)
    0x080015e4   0x080015e4   0x00000010   Code   RO         6561    i.GUI_GetpfColor2IndexEx  STemWin532_CM4_OS_Keil.lib(lcd_getex.o)
    0x080015f4   0x080015f4   0x00000010   Code   RO         6562    i.GUI_GetpfIndex2ColorEx  STemWin532_CM4_OS_Keil.lib(lcd_getex.o)
    0x08001604   0x08001604   0x00000022   Code   RO         6861    i.GUI_GotoXY        STemWin532_CM4_OS_Keil.lib(gui_goto.o)
    0x08001626   0x08001626   0x00000002   PAD
    0x08001628   0x08001628   0x00000084   Code   RO         6485    i.GUI_Init          STemWin532_CM4_OS_Keil.lib(gui_core.o)
    0x080016ac   0x080016ac   0x0000006c   Code   RO         6877    i.GUI_Lock          STemWin532_CM4_OS_Keil.lib(gui_task.o)
    0x08001718   0x08001718   0x00000048   Code   RO         7248    i.GUI_MEMDEV_Delete  STemWin532_CM4_OS_Keil.lib(guidev.o)
    0x08001760   0x08001760   0x00000032   Code   RO         7249    i.GUI_MEMDEV_GetBitsPerPixel  STemWin532_CM4_OS_Keil.lib(guidev.o)
    0x08001792   0x08001792   0x00000028   Code   RO         7271    i.GUI_MEMDEV_GetDataPtr  STemWin532_CM4_OS_Keil.lib(guidev_getdataptr.o)
    0x080017ba   0x080017ba   0x0000003e   Code   RO         6962    i.GUI_MEMDEV__WriteToActiveOpaque  STemWin532_CM4_OS_Keil.lib(guidev_writetoactiveopaque.o)
    0x080017f8   0x080017f8   0x00000058   Code   RO         7147    i.GUI_MergeRect     STemWin532_CM4_OS_Keil.lib(gui_mergerect.o)
    0x08001850   0x08001850   0x0000001e   Code   RO         7149    i.GUI_MoveRect      STemWin532_CM4_OS_Keil.lib(gui_moverect.o)
    0x0800186e   0x0800186e   0x00000038   Code   RO         7173    i.GUI_RectsIntersect  STemWin532_CM4_OS_Keil.lib(gui_rectsintersect.o)
    0x080018a6   0x080018a6   0x0000001a   Code   RO         7436    i.GUI_SelectLCD     STemWin532_CM4_OS_Keil.lib(gui_selectlcd.o)
    0x080018c0   0x080018c0   0x00000038   Code   RO         7183    i.GUI_SelectLayer   STemWin532_CM4_OS_Keil.lib(gui_selectlayer.o)
    0x080018f8   0x080018f8   0x00000016   Code   RO         6540    i.GUI_SetBkColor    STemWin532_CM4_OS_Keil.lib(gui_setcolor.o)
    0x0800190e   0x0800190e   0x00000016   Code   RO         6541    i.GUI_SetColor      STemWin532_CM4_OS_Keil.lib(gui_setcolor.o)
    0x08001924   0x08001924   0x0000000c   Code   RO         6487    i.GUI_SetDefaultFont  STemWin532_CM4_OS_Keil.lib(gui_core.o)
    0x08001930   0x08001930   0x00000020   Code   RO         6544    i.GUI_SetFont       STemWin532_CM4_OS_Keil.lib(gui_setfont.o)
    0x08001950   0x08001950   0x00000040   Code   RO         6870    i.GUI_SetOrg        STemWin532_CM4_OS_Keil.lib(gui_setorg.o)
    0x08001990   0x08001990   0x00000010   Code   RO         7219    i.GUI_SignalEvent   STemWin532_CM4_OS_Keil.lib(gui_waitevent.o)
    0x080019a0   0x080019a0   0x00000010   Code   RO         7157    i.GUI_StoreKey      STemWin532_CM4_OS_Keil.lib(gui_onkey.o)
    0x080019b0   0x080019b0   0x0000002c   Code   RO         7206    i.GUI_UC__GetCharCodeInc  STemWin532_CM4_OS_Keil.lib(gui_uc.o)
    0x080019dc   0x080019dc   0x00000028   Code   RO         7208    i.GUI_UC__NumChars2NumBytes  STemWin532_CM4_OS_Keil.lib(gui_uc.o)
    0x08001a04   0x08001a04   0x00000028   Code   RO         6956    i.GUI_USAGE_AddRect  STemWin532_CM4_OS_Keil.lib(guidev_usage.o)
    0x08001a2c   0x08001a2c   0x0000002c   Code   RO         6957    i.GUI_USAGE_DecUseCnt  STemWin532_CM4_OS_Keil.lib(guidev_usage.o)
    0x08001a58   0x08001a58   0x00000014   Code   RO         6878    i.GUI_Unlock        STemWin532_CM4_OS_Keil.lib(gui_task.o)
    0x08001a6c   0x08001a6c   0x0000001c   Code   RO         4506    i.GUI_X_Config      guiconf.o
    0x08001a88   0x08001a88   0x00000002   Code   RO         4769    i.GUI_X_ExecIdle    gui_x_freertos.o
    0x08001a8a   0x08001a8a   0x00000008   Code   RO         4770    i.GUI_X_GetTaskId   gui_x_freertos.o
    0x08001a92   0x08001a92   0x00000002   Code   RO         4772    i.GUI_X_Init        gui_x_freertos.o
    0x08001a94   0x08001a94   0x00000080   Code   RO         4773    i.GUI_X_InitOS      gui_x_freertos.o
    0x08001b14   0x08001b14   0x00000020   Code   RO         4774    i.GUI_X_Lock        gui_x_freertos.o
    0x08001b34   0x08001b34   0x00000018   Code   RO         4777    i.GUI_X_Unlock      gui_x_freertos.o
    0x08001b4c   0x08001b4c   0x00000124   Code   RO         7089    i.GUI__CompactPixelIndices  STemWin532_CM4_OS_Keil.lib(gui__compactpixelindices.o)
    0x08001c70   0x08001c70   0x00000038   Code   RO         6489    i.GUI__Config       STemWin532_CM4_OS_Keil.lib(gui_core.o)
    0x08001ca8   0x08001ca8   0x000000b0   Code   RO         7126    i.GUI__DispLine     STemWin532_CM4_OS_Keil.lib(gui_charline.o)
    0x08001d58   0x08001d58   0x00000054   Code   RO         7127    i.GUI__GetLineDistX  STemWin532_CM4_OS_Keil.lib(gui_charline.o)
    0x08001dac   0x08001dac   0x00000038   Code   RO         7128    i.GUI__GetLineNumChars  STemWin532_CM4_OS_Keil.lib(gui_charline.o)
    0x08001de4   0x08001de4   0x00000018   Code   RO         7129    i.GUI__GetOverlap   STemWin532_CM4_OS_Keil.lib(gui_charline.o)
    0x08001dfc   0x08001dfc   0x0000003a   Code   RO         7095    i.GUI__IntersectRect  STemWin532_CM4_OS_Keil.lib(gui__intersectrect.o)
    0x08001e36   0x08001e36   0x00000052   Code   RO         7097    i.GUI__IntersectRects  STemWin532_CM4_OS_Keil.lib(gui__intersectrects.o)
    0x08001e88   0x08001e88   0x00000010   Code   RO         7101    i.GUI__ManageCache  STemWin532_CM4_OS_Keil.lib(gui__managecache.o)
    0x08001e98   0x08001e98   0x000000d4   Code   RO         7102    i.GUI__ManageCacheEx  STemWin532_CM4_OS_Keil.lib(gui__managecache.o)
    0x08001f6c   0x08001f6c   0x00000010   Code   RO         6490    i.GUI__RegisterExit  STemWin532_CM4_OS_Keil.lib(gui_core.o)
    0x08001f7c   0x08001f7c   0x0000004c   Code   RO         6836    i.GUI__memset       STemWin532_CM4_OS_Keil.lib(gui__memset.o)
    0x08001fc8   0x08001fc8   0x0000003c   Code   RO         6838    i.GUI__memset16     STemWin532_CM4_OS_Keil.lib(gui__memset16.o)
    0x08002004   0x08002004   0x00000004   Code   RO          257    i.HardFault_Handler  stm32f4xx_it.o
    0x08002008   0x08002008   0x000001b8   Code   RO         6259    i.KEYDeal           rc.o
    0x080021c0   0x080021c0   0x0000005c   Code   RO         6377    i.KEY_Init          key.o
    0x0800221c   0x0800221c   0x00000130   Code   RO         6261    i.LCDPWM_INFO_LINE_DISPLAY  rc.o
    0x0800234c   0x0800234c   0x0000001a   Code   RO         6049    i.LCD_BGR2RGB       tftlcd.o
    0x08002366   0x08002366   0x00000002   PAD
    0x08002368   0x08002368   0x00000018   Code   RO         6050    i.LCD_BlackLight    tftlcd.o
    0x08002380   0x08002380   0x0000002c   Code   RO         6051    i.LCD_Clear         tftlcd.o
    0x080023ac   0x080023ac   0x00000044   Code   RO         6052    i.LCD_ClearLine     tftlcd.o
    0x080023f0   0x080023f0   0x0000001c   Code   RO         6902    i.LCD_Color2Index   STemWin532_CM4_OS_Keil.lib(lcd.o)
    0x0800240c   0x0800240c   0x00000068   Code   RO         6053    i.LCD_DisplayDir    tftlcd.o
    0x08002474   0x08002474   0x00000204   Code   RO         6903    i.LCD_DrawBitmap    STemWin532_CM4_OS_Keil.lib(lcd.o)
    0x08002678   0x08002678   0x00000058   Code   RO         6904    i.LCD_DrawHLine     STemWin532_CM4_OS_Keil.lib(lcd.o)
    0x080026d0   0x080026d0   0x00000068   Code   RO         6905    i.LCD_DrawPixel     STemWin532_CM4_OS_Keil.lib(lcd.o)
    0x08002738   0x08002738   0x00000094   Code   RO         6055    i.LCD_Fast_DrawPoint  tftlcd.o
    0x080027cc   0x080027cc   0x000000b8   Code   RO         6056    i.LCD_Fill          tftlcd.o
    0x08002884   0x08002884   0x00000058   Code   RO         6907    i.LCD_FillRect      STemWin532_CM4_OS_Keil.lib(lcd.o)
    0x080028dc   0x080028dc   0x00000006   Code   RO         6564    i.LCD_GetBitsPerPixelEx  STemWin532_CM4_OS_Keil.lib(lcd_getex.o)
    0x080028e2   0x080028e2   0x00000002   PAD
    0x080028e4   0x080028e4   0x00000010   Code   RO         7564    i.LCD_GetBkColorIndex  STemWin532_CM4_OS_Keil.lib(lcd_getcolorindex.o)
    0x080028f4   0x080028f4   0x00000010   Code   RO         7565    i.LCD_GetColorIndex  STemWin532_CM4_OS_Keil.lib(lcd_getcolorindex.o)
    0x08002904   0x08002904   0x00000010   Code   RO         6571    i.LCD_GetNumColors  STemWin532_CM4_OS_Keil.lib(lcd_getex.o)
    0x08002914   0x08002914   0x00000006   Code   RO         6572    i.LCD_GetNumColorsEx  STemWin532_CM4_OS_Keil.lib(lcd_getex.o)
    0x0800291a   0x0800291a   0x0000001a   Code   RO         7240    i.LCD_GetNumLayers  STemWin532_CM4_OS_Keil.lib(lcd_getnumdisplays.o)
    0x08002934   0x08002934   0x00000010   Code   RO         6573    i.LCD_GetPalette    STemWin532_CM4_OS_Keil.lib(lcd_getex.o)
    0x08002944   0x08002944   0x00000018   Code   RO         6574    i.LCD_GetPaletteEx  STemWin532_CM4_OS_Keil.lib(lcd_getex.o)
    0x0800295c   0x0800295c   0x0000000c   Code   RO         6586    i.LCD_GetXSizeDisplay  STemWin532_CM4_OS_Keil.lib(lcd_getex.o)
    0x08002968   0x08002968   0x00000006   Code   RO         6588    i.LCD_GetXSizeMax   STemWin532_CM4_OS_Keil.lib(lcd_getex.o)
    0x0800296e   0x0800296e   0x00000002   PAD
    0x08002970   0x08002970   0x0000000c   Code   RO         6592    i.LCD_GetYSizeDisplay  STemWin532_CM4_OS_Keil.lib(lcd_getex.o)
    0x0800297c   0x0800297c   0x00000006   Code   RO         6594    i.LCD_GetYSizeMax   STemWin532_CM4_OS_Keil.lib(lcd_getex.o)
    0x08002982   0x08002982   0x00000004   Code   RO         6941    i.LCD_GetpPalConvTableBM  STemWin532_CM4_OS_Keil.lib(lcd_color.o)
    0x08002986   0x08002986   0x00000002   PAD
    0x08002988   0x08002988   0x00000048   Code   RO         6942    i.LCD_GetpPalConvTableUncached  STemWin532_CM4_OS_Keil.lib(lcd_color.o)
    0x080029d0   0x080029d0   0x000000a4   Code   RO         6057    i.LCD_HardwareInit  tftlcd.o
    0x08002a74   0x08002a74   0x0000001c   Code   RO         6908    i.LCD_Index2Color   STemWin532_CM4_OS_Keil.lib(lcd.o)
    0x08002a90   0x08002a90   0x0000002c   Code   RO         6547    i.LCD_Index2Color_M565  STemWin532_CM4_OS_Keil.lib(guicc_m565.o)
    0x08002abc   0x08002abc   0x000002bc   Code   RO         6058    i.LCD_Init          tftlcd.o
    0x08002d78   0x08002d78   0x00000034   Code   RO         6943    i.LCD_InitColors    STemWin532_CM4_OS_Keil.lib(lcd_color.o)
    0x08002dac   0x08002dac   0x0000007c   Code   RO         6944    i.LCD_InitLUT       STemWin532_CM4_OS_Keil.lib(lcd_color.o)
    0x08002e28   0x08002e28   0x0000008c   Code   RO         6059    i.LCD_RD_DATA       tftlcd.o
    0x08002eb4   0x08002eb4   0x00000174   Code   RO         6060    i.LCD_ReadPoint     tftlcd.o
    0x08003028   0x08003028   0x00000010   Code   RO         6061    i.LCD_ReadReg       tftlcd.o
    0x08003038   0x08003038   0x000002f0   Code   RO         6062    i.LCD_Scan_Dir      tftlcd.o
    0x08003328   0x08003328   0x00000040   Code   RO         7833    i.LCD_SelectLCD     STemWin532_CM4_OS_Keil.lib(lcd_selectlcd.o)
    0x08003368   0x08003368   0x0000000c   Code   RO         6909    i.LCD_SetBkColor    STemWin532_CM4_OS_Keil.lib(lcd.o)
    0x08003374   0x08003374   0x00000018   Code   RO         6910    i.LCD_SetBkColorIndex  STemWin532_CM4_OS_Keil.lib(lcd.o)
    0x0800338c   0x0800338c   0x00000030   Code   RO         7242    i.LCD_SetClipRectEx  STemWin532_CM4_OS_Keil.lib(lcd_setcliprectex.o)
    0x080033bc   0x080033bc   0x0000001c   Code   RO         6911    i.LCD_SetClipRectMax  STemWin532_CM4_OS_Keil.lib(lcd.o)
    0x080033d8   0x080033d8   0x0000000c   Code   RO         6912    i.LCD_SetColor      STemWin532_CM4_OS_Keil.lib(lcd.o)
    0x080033e4   0x080033e4   0x00000018   Code   RO         6913    i.LCD_SetColorIndex  STemWin532_CM4_OS_Keil.lib(lcd.o)
    0x080033fc   0x080033fc   0x00000040   Code   RO         6063    i.LCD_SetCursor     tftlcd.o
    0x0800343c   0x0800343c   0x0000000c   Code   RO         6597    i.LCD_SetDisplaySize  STemWin532_CM4_OS_Keil.lib(lcd_getex.o)
    0x08003448   0x08003448   0x0000000c   Code   RO         6914    i.LCD_SetDrawMode   STemWin532_CM4_OS_Keil.lib(lcd.o)
    0x08003454   0x08003454   0x0000002c   Code   RO         6659    i.LCD_SetLUTEntryEx  STemWin532_CM4_OS_Keil.lib(lcd_set.o)
    0x08003480   0x08003480   0x0000002c   Code   RO         6663    i.LCD_SetSizeEx     STemWin532_CM4_OS_Keil.lib(lcd_set.o)
    0x080034ac   0x080034ac   0x0000002c   Code   RO         6667    i.LCD_SetVSizeEx    STemWin532_CM4_OS_Keil.lib(lcd_set.o)
    0x080034d8   0x080034d8   0x00000128   Code   RO         6064    i.LCD_ShowChar      tftlcd.o
    0x08003600   0x08003600   0x00000066   Code   RO         6065    i.LCD_ShowString    tftlcd.o
    0x08003666   0x08003666   0x00000024   Code   RO         6066    i.LCD_ShowStringLine  tftlcd.o
    0x0800368a   0x0800368a   0x00000002   PAD
    0x0800368c   0x0800368c   0x00000050   Code   RO         6262    i.LCD_ShowStringLine  rc.o
    0x080036dc   0x080036dc   0x00000024   Code   RO         7568    i.LCD_UpdateColorIndices  STemWin532_CM4_OS_Keil.lib(lcd_updatecolorindices.o)
    0x08003700   0x08003700   0x00000044   Code   RO         6067    i.LCD_WRITE_DATA    tftlcd.o
    0x08003744   0x08003744   0x00000044   Code   RO         6068    i.LCD_WRITE_REG     tftlcd.o
    0x08003788   0x08003788   0x00000010   Code   RO         6069    i.LCD_WriteRAM_Prepare  tftlcd.o
    0x08003798   0x08003798   0x00000014   Code   RO         6070    i.LCD_WriteReg      tftlcd.o
    0x080037ac   0x080037ac   0x00000048   Code   RO         4725    i.LCD_X_Config      lcdconf_flexcolor_template.o
    0x080037f4   0x080037f4   0x0000001a   Code   RO         4726    i.LCD_X_DisplayDriver  lcdconf_flexcolor_template.o
    0x0800380e   0x0800380e   0x00000002   PAD
    0x08003810   0x08003810   0x000001b4   Code   RO         6915    i.LCD__DrawBitmap_1bpp  STemWin532_CM4_OS_Keil.lib(lcd.o)
    0x080039c4   0x080039c4   0x0000005c   Code   RO         6598    i.LCD__GetBPP       STemWin532_CM4_OS_Keil.lib(lcd_getex.o)
    0x08003a20   0x08003a20   0x00000032   Code   RO         6599    i.LCD__GetBPPDevice  STemWin532_CM4_OS_Keil.lib(lcd_getex.o)
    0x08003a52   0x08003a52   0x00000002   PAD
    0x08003a54   0x08003a54   0x0000003c   Code   RO           15    i.MX_GPIO_Init      main.o
    0x08003a90   0x08003a90   0x000000c8   Code   RO           16    i.MX_USART1_UART_Init  main.o
    0x08003b58   0x08003b58   0x00000002   Code   RO           17    i.MX_USART2_UART_Init  main.o
    0x08003b5a   0x08003b5a   0x00000002   Code   RO           18    i.MX_USART3_UART_Init  main.o
    0x08003b5c   0x08003b5c   0x00000004   Code   RO          258    i.MemManage_Handler  stm32f4xx_it.o
    0x08003b60   0x08003b60   0x00000002   Code   RO          259    i.NMI_Handler       stm32f4xx_it.o
    0x08003b62   0x08003b62   0x00000002   PAD
    0x08003b64   0x08003b64   0x000000e4   Code   RO          339    i.NVIC_Init         misc.o
    0x08003c48   0x08003c48   0x00000074   Code   RO          340    i.NVIC_PriorityGroupConfig  misc.o
    0x08003cbc   0x08003cbc   0x00000110   Code   RO         6325    i.PWM_INPUT_Init    pwm.o
    0x08003dcc   0x08003dcc   0x000000fc   Code   RO         6326    i.PWM_OUTPUT_Init   pwm.o
    0x08003ec8   0x08003ec8   0x00000070   Code   RO         6327    i.PWM_out           pwm.o
    0x08003f38   0x08003f38   0x0000008c   Code   RO         2516    i.RCC_AHB1PeriphClockCmd  stm32f4xx_rcc.o
    0x08003fc4   0x08003fc4   0x0000008c   Code   RO         2525    i.RCC_APB1PeriphClockCmd  stm32f4xx_rcc.o
    0x08004050   0x08004050   0x0000008c   Code   RO         2527    i.RCC_APB1PeriphResetCmd  stm32f4xx_rcc.o
    0x080040dc   0x080040dc   0x0000008c   Code   RO         2528    i.RCC_APB2PeriphClockCmd  stm32f4xx_rcc.o
    0x08004168   0x08004168   0x0000008c   Code   RO         2530    i.RCC_APB2PeriphResetCmd  stm32f4xx_rcc.o
    0x080041f4   0x080041f4   0x00000048   Code   RO         2536    i.RCC_DeInit        stm32f4xx_rcc.o
    0x0800423c   0x0800423c   0x000000e8   Code   RO         2537    i.RCC_GetClocksFreq  stm32f4xx_rcc.o
    0x08004324   0x08004324   0x000000c4   Code   RO         2538    i.RCC_GetFlagStatus  stm32f4xx_rcc.o
    0x080043e8   0x080043e8   0x00000010   Code   RO         2540    i.RCC_GetSYSCLKSource  stm32f4xx_rcc.o
    0x080043f8   0x080043f8   0x00000084   Code   RO         2541    i.RCC_HCLKConfig    stm32f4xx_rcc.o
    0x0800447c   0x0800447c   0x00000064   Code   RO         2542    i.RCC_HSEConfig     stm32f4xx_rcc.o
    0x080044e0   0x080044e0   0x0000007c   Code   RO         2550    i.RCC_PCLK1Config   stm32f4xx_rcc.o
    0x0800455c   0x0800455c   0x0000007c   Code   RO         2551    i.RCC_PCLK2Config   stm32f4xx_rcc.o
    0x080045d8   0x080045d8   0x0000005c   Code   RO         2552    i.RCC_PLLCmd        stm32f4xx_rcc.o
    0x08004634   0x08004634   0x000000dc   Code   RO         2553    i.RCC_PLLConfig     stm32f4xx_rcc.o
    0x08004710   0x08004710   0x0000006c   Code   RO         2558    i.RCC_SYSCLKConfig  stm32f4xx_rcc.o
    0x0800477c   0x0800477c   0x00000038   Code   RO         2559    i.RCC_WaitForHSEStartUp  stm32f4xx_rcc.o
    0x080047b4   0x080047b4   0x000000ec   Code   RO         4468    i.SetSysClock       system_stm32f4xx.o
    0x080048a0   0x080048a0   0x00000034   Code   RO         5970    i.SysTick_Handler   port.o
    0x080048d4   0x080048d4   0x0000006c   Code   RO           19    i.SystemClock_Config  main.o
    0x08004940   0x08004940   0x00000068   Code   RO         4470    i.SystemInit        system_stm32f4xx.o
    0x080049a8   0x080049a8   0x0000003a   Code   RO         3644    i.TI1_Config        stm32f4xx_tim.o
    0x080049e2   0x080049e2   0x00000050   Code   RO         3645    i.TI2_Config        stm32f4xx_tim.o
    0x08004a32   0x08004a32   0x00000048   Code   RO         3646    i.TI3_Config        stm32f4xx_tim.o
    0x08004a7a   0x08004a7a   0x00000050   Code   RO         3647    i.TI4_Config        stm32f4xx_tim.o
    0x08004aca   0x08004aca   0x00000002   PAD
    0x08004acc   0x08004acc   0x000001f8   Code   RO         6328    i.TIM3_IRQHandler   pwm.o
    0x08004cc4   0x08004cc4   0x00000020   Code   RO         6211    i.TIM6_DAC_IRQHandler  freertos_debug.o
    0x08004ce4   0x08004ce4   0x00000100   Code   RO         3648    i.TIM_ARRPreloadConfig  stm32f4xx_tim.o
    0x08004de4   0x08004de4   0x000000dc   Code   RO         3655    i.TIM_ClearITPendingBit  stm32f4xx_tim.o
    0x08004ec0   0x08004ec0   0x00000100   Code   RO         3660    i.TIM_Cmd           stm32f4xx_tim.o
    0x08004fc0   0x08004fc0   0x000000c4   Code   RO         3675    i.TIM_GetCapture1   stm32f4xx_tim.o
    0x08005084   0x08005084   0x0000009c   Code   RO         3676    i.TIM_GetCapture2   stm32f4xx_tim.o
    0x08005120   0x08005120   0x00000088   Code   RO         3677    i.TIM_GetCapture3   stm32f4xx_tim.o
    0x080051a8   0x080051a8   0x00000088   Code   RO         3678    i.TIM_GetCapture4   stm32f4xx_tim.o
    0x08005230   0x08005230   0x0000012c   Code   RO         3681    i.TIM_GetITStatus   stm32f4xx_tim.o
    0x0800535c   0x0800535c   0x00000234   Code   RO         3683    i.TIM_ICInit        stm32f4xx_tim.o
    0x08005590   0x08005590   0x00000110   Code   RO         3685    i.TIM_ITConfig      stm32f4xx_tim.o
    0x080056a0   0x080056a0   0x000001f8   Code   RO         3689    i.TIM_OC1Init       stm32f4xx_tim.o
    0x08005898   0x08005898   0x000000e4   Code   RO         3692    i.TIM_OC1PreloadConfig  stm32f4xx_tim.o
    0x0800597c   0x0800597c   0x000001f8   Code   RO         3694    i.TIM_OC2Init       stm32f4xx_tim.o
    0x08005b74   0x08005b74   0x000000c4   Code   RO         3697    i.TIM_OC2PreloadConfig  stm32f4xx_tim.o
    0x08005c38   0x08005c38   0x000001e0   Code   RO         3699    i.TIM_OC3Init       stm32f4xx_tim.o
    0x08005e18   0x08005e18   0x000000a8   Code   RO         3702    i.TIM_OC3PreloadConfig  stm32f4xx_tim.o
    0x08005ec0   0x08005ec0   0x00000174   Code   RO         3704    i.TIM_OC4Init       stm32f4xx_tim.o
    0x08006034   0x08006034   0x000000b0   Code   RO         3706    i.TIM_OC4PreloadConfig  stm32f4xx_tim.o
    0x080060e4   0x080060e4   0x000000dc   Code   RO         3720    i.TIM_SetAutoreload  stm32f4xx_tim.o
    0x080061c0   0x080061c0   0x000000f0   Code   RO         3727    i.TIM_SetIC1Prescaler  stm32f4xx_tim.o
    0x080062b0   0x080062b0   0x000000d0   Code   RO         3728    i.TIM_SetIC2Prescaler  stm32f4xx_tim.o
    0x08006380   0x08006380   0x000000b4   Code   RO         3729    i.TIM_SetIC3Prescaler  stm32f4xx_tim.o
    0x08006434   0x08006434   0x000000bc   Code   RO         3730    i.TIM_SetIC4Prescaler  stm32f4xx_tim.o
    0x080064f0   0x080064f0   0x00000188   Code   RO         3732    i.TIM_TimeBaseInit  stm32f4xx_tim.o
    0x08006678   0x08006678   0x000000d4   Code   RO         4210    i.USART_ClearFlag   stm32f4xx_usart.o
    0x0800674c   0x0800674c   0x000000b4   Code   RO         4214    i.USART_Cmd         stm32f4xx_usart.o
    0x08006800   0x08006800   0x00000120   Code   RO         4216    i.USART_DeInit      stm32f4xx_usart.o
    0x08006920   0x08006920   0x00000100   Code   RO         4217    i.USART_GetFlagStatus  stm32f4xx_usart.o
    0x08006a20   0x08006a20   0x00000158   Code   RO         4220    i.USART_ITConfig    stm32f4xx_usart.o
    0x08006b78   0x08006b78   0x00000220   Code   RO         4221    i.USART_Init        stm32f4xx_usart.o
    0x08006d98   0x08006d98   0x000000a4   Code   RO         4231    i.USART_SendData    stm32f4xx_usart.o
    0x08006e3c   0x08006e3c   0x00000004   Code   RO          260    i.UsageFault_Handler  stm32f4xx_it.o
    0x08006e40   0x08006e40   0x00000010   Code   RO         6973    i.WM_Activate       STemWin532_CM4_OS_Keil.lib(wm.o)
    0x08006e50   0x08006e50   0x00000088   Code   RO         7299    i.WM_BringToBottom  STemWin532_CM4_OS_Keil.lib(wm_bringtobottom.o)
    0x08006ed8   0x08006ed8   0x00000150   Code   RO         6975    i.WM_CreateWindowAsChild  STemWin532_CM4_OS_Keil.lib(wm.o)
    0x08007028   0x08007028   0x00000046   Code   RO         6977    i.WM_DefaultProc    STemWin532_CM4_OS_Keil.lib(wm.o)
    0x0800706e   0x0800706e   0x00000002   PAD
    0x08007070   0x08007070   0x00000018   Code   RO         7087    i.WM_GetDesktopWindow  STemWin532_CM4_OS_Keil.lib(wm_getdesktopwindow.o)
    0x08007088   0x08007088   0x0000001a   Code   RO         7311    i.WM_GetFirstChild  STemWin532_CM4_OS_Keil.lib(wm_getfirstchild.o)
    0x080070a2   0x080070a2   0x0000001a   Code   RO         7664    i.WM_GetParent      STemWin532_CM4_OS_Keil.lib(wm_getparent.o)
    0x080070bc   0x080070bc   0x000000d4   Code   RO         6982    i.WM_Init           STemWin532_CM4_OS_Keil.lib(wm.o)
    0x08007190   0x08007190   0x00000080   Code   RO         6983    i.WM_InvalidateRect  STemWin532_CM4_OS_Keil.lib(wm.o)
    0x08007210   0x08007210   0x00000006   Code   RO         6984    i.WM_InvalidateWindow  STemWin532_CM4_OS_Keil.lib(wm.o)
    0x08007216   0x08007216   0x0000005e   Code   RO         6985    i.WM_InvalidateWindowAndDescsEx  STemWin532_CM4_OS_Keil.lib(wm.o)
    0x08007274   0x08007274   0x00000044   Code   RO         6986    i.WM_SelectWindow   STemWin532_CM4_OS_Keil.lib(wm.o)
    0x080072b8   0x080072b8   0x00000026   Code   RO         7317    i.WM_SendToParent   STemWin532_CM4_OS_Keil.lib(wm_sendtoparent.o)
    0x080072de   0x080072de   0x00000002   PAD
    0x080072e0   0x080072e0   0x00000048   Code   RO         6989    i.WM__ActivateClipRect  STemWin532_CM4_OS_Keil.lib(wm.o)
    0x08007328   0x08007328   0x00000010   Code   RO         7301    i.WM__AddCriticalHandle  STemWin532_CM4_OS_Keil.lib(wm_criticalhandle.o)
    0x08007338   0x08007338   0x00000010   Code   RO         6990    i.WM__Client2Screen  STemWin532_CM4_OS_Keil.lib(wm.o)
    0x08007348   0x08007348   0x0000004e   Code   RO         6991    i.WM__ClipAtParentBorders  STemWin532_CM4_OS_Keil.lib(wm.o)
    0x08007396   0x08007396   0x00000020   Code   RO         7307    i.WM__GetClientRectEx  STemWin532_CM4_OS_Keil.lib(wm_getclientrect.o)
    0x080073b6   0x080073b6   0x00000018   Code   RO         6994    i.WM__GetClientRectWin  STemWin532_CM4_OS_Keil.lib(wm.o)
    0x080073ce   0x080073ce   0x00000012   Code   RO         7837    i.WM__GetFirstSibling  STemWin532_CM4_OS_Keil.lib(wm__getfirstsibling.o)
    0x080073e0   0x080073e0   0x00000040   Code   RO         6995    i.WM__GetNextIVR    STemWin532_CM4_OS_Keil.lib(wm.o)
    0x08007420   0x08007420   0x00000024   Code   RO         7644    i.WM__GetPrevSibling  STemWin532_CM4_OS_Keil.lib(wm__getprevsibling.o)
    0x08007444   0x08007444   0x00000018   Code   RO         6996    i.WM__GetTopLevelLayer  STemWin532_CM4_OS_Keil.lib(wm.o)
    0x0800745c   0x0800745c   0x000000f0   Code   RO         6997    i.WM__InitIVRSearch  STemWin532_CM4_OS_Keil.lib(wm.o)
    0x0800754c   0x0800754c   0x000000a4   Code   RO         6998    i.WM__InsertWindowIntoList  STemWin532_CM4_OS_Keil.lib(wm.o)
    0x080075f0   0x080075f0   0x00000006   Code   RO         6999    i.WM__Invalidate1Abs  STemWin532_CM4_OS_Keil.lib(wm.o)
    0x080075f6   0x080075f6   0x00000002   PAD
    0x080075f8   0x080075f8   0x00000054   Code   RO         7000    i.WM__InvalidateDrawAndDescs  STemWin532_CM4_OS_Keil.lib(wm.o)
    0x0800764c   0x0800764c   0x00000076   Code   RO         7002    i.WM__InvalidateRect  STemWin532_CM4_OS_Keil.lib(wm.o)
    0x080076c2   0x080076c2   0x00000006   Code   RO         7003    i.WM__InvalidateRectEx  STemWin532_CM4_OS_Keil.lib(wm.o)
    0x080076c8   0x080076c8   0x00000020   Code   RO         7008    i.WM__RectIsNZ      STemWin532_CM4_OS_Keil.lib(wm.o)
    0x080076e8   0x080076e8   0x00000014   Code   RO         7010    i.WM__SelectTopLevelLayer  STemWin532_CM4_OS_Keil.lib(wm.o)
    0x080076fc   0x080076fc   0x0000003c   Code   RO         7296    i.WM__SendMessage   STemWin532_CM4_OS_Keil.lib(wm__sendmessage.o)
    0x08007738   0x08007738   0x0000000e   Code   RO         7011    i.WM__SendMsgNoData  STemWin532_CM4_OS_Keil.lib(wm.o)
    0x08007746   0x08007746   0x00000002   PAD
    0x08007748   0x08007748   0x00000090   Code   RO         6431    i._AddFreeMemory    STemWin532_CM4_OS_Keil.lib(gui_alloc.o)
    0x080077d8   0x080077d8   0x000000b8   Code   RO         6432    i._Alloc            STemWin532_CM4_OS_Keil.lib(gui_alloc.o)
    0x08007890   0x08007890   0x00000004   Code   RO         6892    i._CalcSizeOfChar   STemWin532_CM4_OS_Keil.lib(gui_uc_encodenone.o)
    0x08007894   0x08007894   0x0000004c   Code   RO         6548    i._Color2IndexBulk  STemWin532_CM4_OS_Keil.lib(guicc_m565.o)
    0x080078e0   0x080078e0   0x00000054   Code   RO         7231    i._Color2Index_0    STemWin532_CM4_OS_Keil.lib(guicc_0.o)
    0x08007934   0x08007934   0x0000002c   Code   RO         6549    i._Color2Index_M565  STemWin532_CM4_OS_Keil.lib(guicc_m565.o)
    0x08007960   0x08007960   0x0000003e   Code   RO         6963    i._Convert16        STemWin532_CM4_OS_Keil.lib(guidev_writetoactiveopaque.o)
    0x0800799e   0x0800799e   0x0000003e   Code   RO         6964    i._Convert8         STemWin532_CM4_OS_Keil.lib(guidev_writetoactiveopaque.o)
    0x080079dc   0x080079dc   0x00000020   Code   RO         7013    i._DesktopHandle2Index  STemWin532_CM4_OS_Keil.lib(wm.o)
    0x080079fc   0x080079fc   0x00000074   Code   RO         7130    i._DispLine         STemWin532_CM4_OS_Keil.lib(gui_charline.o)
    0x08007a70   0x08007a70   0x0000002a   Code   RO         4543    i._DrawBitLine16BPP  guidrv_template.o
    0x08007a9a   0x08007a9a   0x00000002   PAD
    0x08007a9c   0x08007a9c   0x000000f0   Code   RO         4544    i._DrawBitLine1BPP  guidrv_template.o
    0x08007b8c   0x08007b8c   0x00000148   Code   RO         6799    i._DrawBitLine1BPP  STemWin532_CM4_OS_Keil.lib(guidev_16.o)
    0x08007cd4   0x08007cd4   0x0000016c   Code   RO         4545    i._DrawBitLine2BPP  guidrv_template.o
    0x08007e40   0x08007e40   0x000000e0   Code   RO         6800    i._DrawBitLine2BPP  STemWin532_CM4_OS_Keil.lib(guidev_16.o)
    0x08007f20   0x08007f20   0x0000002a   Code   RO         4546    i._DrawBitLine32BPP  guidrv_template.o
    0x08007f4a   0x08007f4a   0x00000002   PAD
    0x08007f4c   0x08007f4c   0x0000016c   Code   RO         4547    i._DrawBitLine4BPP  guidrv_template.o
    0x080080b8   0x080080b8   0x00000160   Code   RO         6801    i._DrawBitLine4BPP  STemWin532_CM4_OS_Keil.lib(guidev_16.o)
    0x08008218   0x08008218   0x000000b0   Code   RO         4548    i._DrawBitLine8BPP  guidrv_template.o
    0x080082c8   0x080082c8   0x000000fa   Code   RO         4549    i._DrawBitmap       guidrv_template.o
    0x080083c2   0x080083c2   0x00000002   PAD
    0x080083c4   0x080083c4   0x000002a0   Code   RO         6802    i._DrawBitmap       STemWin532_CM4_OS_Keil.lib(guidev_16.o)
    0x08008664   0x08008664   0x0000001a   Code   RO         4550    i._DrawHLine        guidrv_template.o
    0x0800867e   0x0800867e   0x0000000a   Code   RO         6803    i._DrawHLine        STemWin532_CM4_OS_Keil.lib(guidev_16.o)
    0x08008688   0x08008688   0x0000001a   Code   RO         4551    i._DrawVLine        guidrv_template.o
    0x080086a2   0x080086a2   0x00000002   PAD
    0x080086a4   0x080086a4   0x000000b8   Code   RO         6804    i._DrawVLine        STemWin532_CM4_OS_Keil.lib(guidev_16.o)
    0x0800875c   0x0800875c   0x00000006   Code   RO         6893    i._Encode           STemWin532_CM4_OS_Keil.lib(gui_uc_encodenone.o)
    0x08008762   0x08008762   0x00000002   PAD
    0x08008764   0x08008764   0x00000098   Code   RO         6433    i._EnlargeBlocks    STemWin532_CM4_OS_Keil.lib(gui_alloc.o)
    0x080087fc   0x080087fc   0x00000030   Code   RO         4552    i._FillRect         guidrv_template.o
    0x0800882c   0x0800882c   0x000000ac   Code   RO         6805    i._FillRect         STemWin532_CM4_OS_Keil.lib(guidev_16.o)
    0x080088d8   0x080088d8   0x00000148   Code   RO         7016    i._FindNext_IVR     STemWin532_CM4_OS_Keil.lib(wm.o)
    0x08008a20   0x08008a20   0x0000007c   Code   RO         7017    i._Findx0           STemWin532_CM4_OS_Keil.lib(wm.o)
    0x08008a9c   0x08008a9c   0x00000072   Code   RO         7018    i._Findx1           STemWin532_CM4_OS_Keil.lib(wm.o)
    0x08008b0e   0x08008b0e   0x000000a6   Code   RO         7019    i._Findy1           STemWin532_CM4_OS_Keil.lib(wm.o)
    0x08008bb4   0x08008bb4   0x00000004   Code   RO         6894    i._GetCharCode      STemWin532_CM4_OS_Keil.lib(gui_uc_encodenone.o)
    0x08008bb8   0x08008bb8   0x00000004   Code   RO         6895    i._GetCharSize      STemWin532_CM4_OS_Keil.lib(gui_uc_encodenone.o)
    0x08008bbc   0x08008bbc   0x00000014   Code   RO         4553    i._GetDevData       guidrv_template.o
    0x08008bd0   0x08008bd0   0x00000010   Code   RO         6806    i._GetDevData       STemWin532_CM4_OS_Keil.lib(guidev_16.o)
    0x08008be0   0x08008be0   0x00000054   Code   RO         4554    i._GetDevFunc       guidrv_template.o
    0x08008c34   0x08008c34   0x00000010   Code   RO         6807    i._GetDevFunc       STemWin532_CM4_OS_Keil.lib(guidev_16.o)
    0x08008c44   0x08008c44   0x00000050   Code   RO         4555    i._GetDevProp       guidrv_template.o
    0x08008c94   0x08008c94   0x0000001e   Code   RO         6600    i._GetDevProp       STemWin532_CM4_OS_Keil.lib(lcd_getex.o)
    0x08008cb2   0x08008cb2   0x00000010   Code   RO         6808    i._GetDevProp       STemWin532_CM4_OS_Keil.lib(guidev_16.o)
    0x08008cc2   0x08008cc2   0x00000052   Code   RO         7232    i._GetIndexMask_0   STemWin532_CM4_OS_Keil.lib(guicc_0.o)
    0x08008d14   0x08008d14   0x00000006   Code   RO         6550    i._GetIndexMask_M565  STemWin532_CM4_OS_Keil.lib(guicc_m565.o)
    0x08008d1a   0x08008d1a   0x0000001e   Code   RO         6601    i._GetMaxValue      STemWin532_CM4_OS_Keil.lib(lcd_getex.o)
    0x08008d38   0x08008d38   0x0000001c   Code   RO         6434    i._GetMinIndex      STemWin532_CM4_OS_Keil.lib(gui_alloc.o)
    0x08008d54   0x08008d54   0x0000001a   Code   RO         4556    i._GetPixelIndex    guidrv_template.o
    0x08008d6e   0x08008d6e   0x0000000e   Code   RO         6809    i._GetPixelIndex    STemWin532_CM4_OS_Keil.lib(guidev_16.o)
    0x08008d7c   0x08008d7c   0x0000001a   Code   RO         4557    i._GetRect          guidrv_template.o
    0x08008d96   0x08008d96   0x00000030   Code   RO         6810    i._GetRect          STemWin532_CM4_OS_Keil.lib(guidev_16.o)
    0x08008dc6   0x08008dc6   0x00000002   PAD
    0x08008dc8   0x08008dc8   0x0000003c   Code   RO         6879    i._GetTaskNo        STemWin532_CM4_OS_Keil.lib(gui_task.o)
    0x08008e04   0x08008e04   0x00000010   Code   RO         6863    i._GotoX            STemWin532_CM4_OS_Keil.lib(gui_goto.o)
    0x08008e14   0x08008e14   0x00000010   Code   RO         6864    i._GotoY            STemWin532_CM4_OS_Keil.lib(gui_goto.o)
    0x08008e24   0x08008e24   0x00000058   Code   RO         6551    i._Index2ColorBulk  STemWin532_CM4_OS_Keil.lib(guicc_m565.o)
    0x08008e7c   0x08008e7c   0x00000020   Code   RO         7233    i._Index2Color_0    STemWin532_CM4_OS_Keil.lib(guicc_0.o)
    0x08008e9c   0x08008e9c   0x0000001c   Code   RO         4558    i._Init             guidrv_template.o
    0x08008eb8   0x08008eb8   0x00000074   Code   RO         6491    i._InitContext      STemWin532_CM4_OS_Keil.lib(gui_core.o)
    0x08008f2c   0x08008f2c   0x0000002c   Code   RO         4559    i._InitOnce         guidrv_template.o
    0x08008f58   0x08008f58   0x000000a8   Code   RO         6435    i._InitOnce         STemWin532_CM4_OS_Keil.lib(gui_alloc.o)
    0x08009000   0x08009000   0x00000080   Code   RO         7020    i._Invalidate1Abs   STemWin532_CM4_OS_Keil.lib(wm.o)
    0x08009080   0x08009080   0x00000002   Code   RO         7131    i._Log2VisBuffered  STemWin532_CM4_OS_Keil.lib(gui_charline.o)
    0x08009082   0x08009082   0x00000010   Code   RO         4560    i._Off              guidrv_template.o
    0x08009092   0x08009092   0x00000010   Code   RO         4561    i._On               guidrv_template.o
    0x080090a2   0x080090a2   0x00000002   PAD
    0x080090a4   0x080090a4   0x00000034   Code   RO         6436    i._OnExit           STemWin532_CM4_OS_Keil.lib(gui_alloc.o)
    0x080090d8   0x080090d8   0x0000002c   Code   RO         6492    i._OnExit           STemWin532_CM4_OS_Keil.lib(gui_core.o)
    0x08009104   0x08009104   0x00000014   Code   RO         6880    i._OnExit           STemWin532_CM4_OS_Keil.lib(gui_task.o)
    0x08009118   0x08009118   0x00000014   Code   RO         6946    i._OnExit           STemWin532_CM4_OS_Keil.lib(lcd_color.o)
    0x0800912c   0x0800912c   0x00000034   Code   RO         7021    i._OnExit           STemWin532_CM4_OS_Keil.lib(wm.o)
    0x08009160   0x08009160   0x00000040   Code   RO         6437    i._PopFreeBlock     STemWin532_CM4_OS_Keil.lib(gui_alloc.o)
    0x080091a0   0x080091a0   0x00000028   Code   RO         6438    i._PushFreeBlock    STemWin532_CM4_OS_Keil.lib(gui_alloc.o)
    0x080091c8   0x080091c8   0x00000034   Code   RO         6439    i._RemoveFreeBlock  STemWin532_CM4_OS_Keil.lib(gui_alloc.o)
    0x080091fc   0x080091fc   0x000000a0   Code   RO         6440    i._RemoveHoles      STemWin532_CM4_OS_Keil.lib(gui_alloc.o)
    0x0800929c   0x0800929c   0x00000020   Code   RO         6916    i._SetBkColor       STemWin532_CM4_OS_Keil.lib(lcd.o)
    0x080092bc   0x080092bc   0x0000004c   Code   RO         7025    i._SetClipRectUserIntersect  STemWin532_CM4_OS_Keil.lib(wm.o)
    0x08009308   0x08009308   0x00000020   Code   RO         6917    i._SetColor         STemWin532_CM4_OS_Keil.lib(lcd.o)
    0x08009328   0x08009328   0x0000002c   Code   RO         6918    i._SetDrawMode      STemWin532_CM4_OS_Keil.lib(lcd.o)
    0x08009354   0x08009354   0x00000020   Code   RO         4562    i._SetLUTEntry      guidrv_template.o
    0x08009374   0x08009374   0x0000001e   Code   RO         4563    i._SetOrg           guidrv_template.o
    0x08009392   0x08009392   0x0000000e   Code   RO         6811    i._SetOrg           STemWin532_CM4_OS_Keil.lib(guidev_16.o)
    0x080093a0   0x080093a0   0x0000001a   Code   RO         4564    i._SetPixelIndex    guidrv_template.o
    0x080093ba   0x080093ba   0x00000002   PAD
    0x080093bc   0x080093bc   0x00000048   Code   RO         6812    i._SetPixelIndex    STemWin532_CM4_OS_Keil.lib(guidev_16.o)
    0x08009404   0x08009404   0x0000003e   Code   RO         4565    i._SetSize          guidrv_template.o
    0x08009442   0x08009442   0x00000026   Code   RO         4566    i._SetVRAMAddr      guidrv_template.o
    0x08009468   0x08009468   0x00000020   Code   RO         4567    i._SetVSize         guidrv_template.o
    0x08009488   0x08009488   0x000000ea   Code   RO         6441    i._TestRAM          STemWin532_CM4_OS_Keil.lib(gui_alloc.o)
    0x08009572   0x08009572   0x0000000e   Code   RO         6442    i._WriteTagData     STemWin532_CM4_OS_Keil.lib(gui_alloc.o)
    0x08009580   0x08009580   0x00000340   Code   RO         6965    i._WriteToActiveOpaque_8  STemWin532_CM4_OS_Keil.lib(guidev_writetoactiveopaque.o)
    0x080098c0   0x080098c0   0x00000344   Code   RO         6966    i._WriteToActiveOpaque_HT  STemWin532_CM4_OS_Keil.lib(guidev_writetoactiveopaque.o)
    0x08009c04   0x08009c04   0x0000003c   Code   RO         6813    i._XY2PTR           STemWin532_CM4_OS_Keil.lib(guidev_16.o)
    0x08009c40   0x08009c40   0x00000030   Code   RO         4568    i._XorPixel         guidrv_template.o
    0x08009c70   0x08009c70   0x00000054   Code   RO         6814    i._XorPixel         STemWin532_CM4_OS_Keil.lib(guidev_16.o)
    0x08009cc4   0x08009cc4   0x00000020   Code   RO         8094    i.__0printf$8       mc_w.l(printf8.o)
    0x08009ce4   0x08009ce4   0x00000030   Code   RO         8095    i.__0snprintf$8     mc_w.l(printf8.o)
    0x08009d14   0x08009d14   0x0000000e   Code   RO         8190    i.__scatterload_copy  mc_w.l(handlers.o)
    0x08009d22   0x08009d22   0x00000002   Code   RO         8191    i.__scatterload_null  mc_w.l(handlers.o)
    0x08009d24   0x08009d24   0x0000000e   Code   RO         8192    i.__scatterload_zeroinit  mc_w.l(handlers.o)
    0x08009d32   0x08009d32   0x00000002   PAD
    0x08009d34   0x08009d34   0x00000050   Code   RO         7026    i._cbBackWin        STemWin532_CM4_OS_Keil.lib(wm.o)
    0x08009d84   0x08009d84   0x00000410   Code   RO         8101    i._printf_core      mc_w.l(printf8.o)
    0x0800a194   0x0800a194   0x00000024   Code   RO         8102    i._printf_post_padding  mc_w.l(printf8.o)
    0x0800a1b8   0x0800a1b8   0x0000002e   Code   RO         8103    i._printf_pre_padding  mc_w.l(printf8.o)
    0x0800a1e6   0x0800a1e6   0x00000016   Code   RO         8104    i._snputc           mc_w.l(printf8.o)
    0x0800a1fc   0x0800a1fc   0x00000002   Code   RO           20    i.assert_failed     main.o
    0x0800a1fe   0x0800a1fe   0x0000000c   Code   RO         6071    i.delay_ms          tftlcd.o
    0x0800a20a   0x0800a20a   0x0000008a   Code   RO         6919    i.emWin_LCD_Init    STemWin532_CM4_OS_Keil.lib(lcd.o)
    0x0800a294   0x0800a294   0x00000024   Code   RO           21    i.fputc             main.o
    0x0800a2b8   0x0800a2b8   0x0000014c   Code   RO         6378    i.getKeyStatus      key.o
    0x0800a404   0x0800a404   0x00000018   Code   RO         6329    i.getTIM3ICValue    pwm.o
    0x0800a41c   0x0800a41c   0x0000001c   Code   RO           22    i.main              main.o
    0x0800a438   0x0800a438   0x0000000e   Code   RO         6072    i.opt_delay         tftlcd.o
    0x0800a446   0x0800a446   0x00000002   PAD
    0x0800a448   0x0800a448   0x00000098   Code   RO         5405    i.prvAddCurrentTaskToDelayedList  tasks.o
    0x0800a4e0   0x0800a4e0   0x000000b8   Code   RO         5406    i.prvAddNewTaskToReadyList  tasks.o
    0x0800a598   0x0800a598   0x00000064   Code   RO         5778    i.prvCheckForValidListAndQueue  timers.o
    0x0800a5fc   0x0800a5fc   0x00000048   Code   RO         5407    i.prvCheckTasksWaitingTermination  tasks.o
    0x0800a644   0x0800a644   0x0000002a   Code   RO         5028    i.prvCopyDataFromQueue  queue.o
    0x0800a66e   0x0800a66e   0x0000007e   Code   RO         5029    i.prvCopyDataToQueue  queue.o
    0x0800a6ec   0x0800a6ec   0x00000012   Code   RO         5408    i.prvDeleteTCB      tasks.o
    0x0800a6fe   0x0800a6fe   0x00000014   Code   RO         5030    i.prvGetDisinheritPriorityAfterTimeout  queue.o
    0x0800a712   0x0800a712   0x00000002   PAD
    0x0800a714   0x0800a714   0x00000028   Code   RO         5779    i.prvGetNextExpireTime  timers.o
    0x0800a73c   0x0800a73c   0x0000007c   Code   RO         5920    i.prvHeapInit       heap_4.o
    0x0800a7b8   0x0800a7b8   0x00000028   Code   RO         5409    i.prvIdleTask       tasks.o
    0x0800a7e0   0x0800a7e0   0x0000001e   Code   RO         5031    i.prvInitialiseMutex  queue.o
    0x0800a7fe   0x0800a7fe   0x0000002a   Code   RO         5032    i.prvInitialiseNewQueue  queue.o
    0x0800a828   0x0800a828   0x000000c0   Code   RO         5410    i.prvInitialiseNewTask  tasks.o
    0x0800a8e8   0x0800a8e8   0x00000068   Code   RO         5411    i.prvInitialiseTaskLists  tasks.o
    0x0800a950   0x0800a950   0x00000068   Code   RO         5921    i.prvInsertBlockIntoFreeList  heap_4.o
    0x0800a9b8   0x0800a9b8   0x00000058   Code   RO         5781    i.prvInsertTimerInActiveList  timers.o
    0x0800aa10   0x0800aa10   0x0000001a   Code   RO         5033    i.prvIsQueueEmpty   queue.o
    0x0800aa2a   0x0800aa2a   0x0000001e   Code   RO         5034    i.prvIsQueueFull    queue.o
    0x0800aa48   0x0800aa48   0x00000074   Code   RO         5782    i.prvProcessExpiredTimer  timers.o
    0x0800aabc   0x0800aabc   0x00000138   Code   RO         5783    i.prvProcessReceivedCommands  timers.o
    0x0800abf4   0x0800abf4   0x00000074   Code   RO         5784    i.prvProcessTimerOrBlockTask  timers.o
    0x0800ac68   0x0800ac68   0x00000034   Code   RO         5413    i.prvResetNextTaskUnblockTime  tasks.o
    0x0800ac9c   0x0800ac9c   0x0000002c   Code   RO         5785    i.prvSampleTimeNow  timers.o
    0x0800acc8   0x0800acc8   0x000000a4   Code   RO         5786    i.prvSwitchTimerLists  timers.o
    0x0800ad6c   0x0800ad6c   0x00000040   Code   RO         5971    i.prvTaskExitError  port.o
    0x0800adac   0x0800adac   0x0000001a   Code   RO         5787    i.prvTimerTask      timers.o
    0x0800adc6   0x0800adc6   0x0000007e   Code   RO         5035    i.prvUnlockQueue    queue.o
    0x0800ae44   0x0800ae44   0x0000013c   Code   RO         5922    i.pvPortMalloc      heap_4.o
    0x0800af80   0x0800af80   0x00000020   Code   RO         5417    i.pvTaskIncrementMutexHeldCount  tasks.o
    0x0800afa0   0x0800afa0   0x0000002c   Code   RO         5972    i.pxPortInitialiseStack  port.o
    0x0800afcc   0x0800afcc   0x00000028   Code   RO         4988    i.uxListRemove      list.o
    0x0800aff4   0x0800aff4   0x000000d8   Code   RO         6263    i.vInteractionStart  rc.o
    0x0800b0cc   0x0800b0cc   0x00000048   Code   RO           23    i.vLEDStart         main.o
    0x0800b114   0x0800b114   0x0000001a   Code   RO         4989    i.vListInitialise   list.o
    0x0800b12e   0x0800b12e   0x00000006   Code   RO         4990    i.vListInitialiseItem  list.o
    0x0800b134   0x0800b134   0x00000034   Code   RO         4991    i.vListInsert       list.o
    0x0800b168   0x0800b168   0x00000018   Code   RO         4992    i.vListInsertEnd    list.o
    0x0800b180   0x0800b180   0x00000054   Code   RO         5974    i.vPortEnterCritical  port.o
    0x0800b1d4   0x0800b1d4   0x0000003c   Code   RO         5975    i.vPortExitCritical  port.o
    0x0800b210   0x0800b210   0x00000094   Code   RO         5923    i.vPortFree         heap_4.o
    0x0800b2a4   0x0800b2a4   0x00000028   Code   RO         5976    i.vPortSetupTimerInterrupt  port.o
    0x0800b2cc   0x0800b2cc   0x00000078   Code   RO         5977    i.vPortValidateInterruptPriority  port.o
    0x0800b344   0x0800b344   0x0000002c   Code   RO         5041    i.vQueueAddToRegistry  queue.o
    0x0800b370   0x0800b370   0x0000004a   Code   RO         5045    i.vQueueWaitForMessageRestricted  queue.o
    0x0800b3ba   0x0800b3ba   0x00000002   PAD
    0x0800b3bc   0x0800b3bc   0x0000002c   Code   RO         6264    i.vRCStart          rc.o
    0x0800b3e8   0x0800b3e8   0x0000002c   Code   RO         6212    i.vSystemDebugStart  freertos_debug.o
    0x0800b414   0x0800b414   0x0000005c   Code   RO         5425    i.vTaskDelay        tasks.o
    0x0800b470   0x0800b470   0x00000018   Code   RO         5431    i.vTaskInternalSetTimeOutState  tasks.o
    0x0800b488   0x0800b488   0x0000000c   Code   RO         5433    i.vTaskMissedYield  tasks.o
    0x0800b494   0x0800b494   0x00000038   Code   RO         5435    i.vTaskPlaceOnEventList  tasks.o
    0x0800b4cc   0x0800b4cc   0x00000040   Code   RO         5436    i.vTaskPlaceOnEventListRestricted  tasks.o
    0x0800b50c   0x0800b50c   0x000000f4   Code   RO         5438    i.vTaskPriorityDisinheritAfterTimeout  tasks.o
    0x0800b600   0x0800b600   0x0000009c   Code   RO         5444    i.vTaskStartScheduler  tasks.o
    0x0800b69c   0x0800b69c   0x00000010   Code   RO         5446    i.vTaskSuspendAll   tasks.o
    0x0800b6ac   0x0800b6ac   0x000000cc   Code   RO         5447    i.vTaskSwitchContext  tasks.o
    0x0800b778   0x0800b778   0x00000168   Code   RO         5978    i.xPortStartScheduler  port.o
    0x0800b8e0   0x0800b8e0   0x00000022   Code   RO         5047    i.xQueueCreateMutex  queue.o
    0x0800b902   0x0800b902   0x0000005a   Code   RO         5048    i.xQueueGenericCreate  queue.o
    0x0800b95c   0x0800b95c   0x00000098   Code   RO         5049    i.xQueueGenericReset  queue.o
    0x0800b9f4   0x0800b9f4   0x000001a8   Code   RO         5050    i.xQueueGenericSend  queue.o
    0x0800bb9c   0x0800bb9c   0x000000f8   Code   RO         5051    i.xQueueGenericSendFromISR  queue.o
    0x0800bc94   0x0800bc94   0x00000168   Code   RO         5058    i.xQueueReceive     queue.o
    0x0800bdfc   0x0800bdfc   0x000001b8   Code   RO         5060    i.xQueueSemaphoreTake  queue.o
    0x0800bfb4   0x0800bfb4   0x0000008c   Code   RO         5448    i.xTaskCheckForTimeOut  tasks.o
    0x0800c040   0x0800c040   0x00000060   Code   RO         5449    i.xTaskCreate       tasks.o
    0x0800c0a0   0x0800c0a0   0x0000000c   Code   RO         5452    i.xTaskGetCurrentTaskHandle  tasks.o
    0x0800c0ac   0x0800c0ac   0x00000020   Code   RO         5453    i.xTaskGetSchedulerState  tasks.o
    0x0800c0cc   0x0800c0cc   0x0000000c   Code   RO         5454    i.xTaskGetTickCount  tasks.o
    0x0800c0d8   0x0800c0d8   0x00000148   Code   RO         5456    i.xTaskIncrementTick  tasks.o
    0x0800c220   0x0800c220   0x000000c8   Code   RO         5459    i.xTaskPriorityDisinherit  tasks.o
    0x0800c2e8   0x0800c2e8   0x000000c8   Code   RO         5460    i.xTaskPriorityInherit  tasks.o
    0x0800c3b0   0x0800c3b0   0x00000098   Code   RO         5461    i.xTaskRemoveFromEventList  tasks.o
    0x0800c448   0x0800c448   0x00000104   Code   RO         5462    i.xTaskResumeAll    tasks.o
    0x0800c54c   0x0800c54c   0x00000058   Code   RO         5794    i.xTimerCreateTimerTask  timers.o
    0x0800c5a4   0x0800c5a4   0x00000084   Code   RO         5795    i.xTimerGenericCommand  timers.o
    0x0800c628   0x0800c628   0x00000034   Data   RO         4569    .constdata          guidrv_template.o
    0x0800c65c   0x0800c65c   0x000017c0   Data   RO         6073    .constdata          tftlcd.o
    0x0800de1c   0x0800de1c   0x00000008   Data   RO         6494    .constdata          STemWin532_CM4_OS_Keil.lib(gui_core.o)
    0x0800de24   0x0800de24   0x00000018   Data   RO         6552    .constdata          STemWin532_CM4_OS_Keil.lib(guicc_m565.o)
    0x0800de3c   0x0800de3c   0x00000518   Data   RO         6695    .constdata          STemWin532_CM4_OS_Keil.lib(f6x8.o)
    0x0800e354   0x0800e354   0x000001c0   Data   RO         6696    .constdata          STemWin532_CM4_OS_Keil.lib(f6x8.o)
    0x0800e514   0x0800e514   0x00000008   Data   RO         6697    .constdata          STemWin532_CM4_OS_Keil.lib(f6x8.o)
    0x0800e51c   0x0800e51c   0x00000014   Data   RO         6698    .constdata          STemWin532_CM4_OS_Keil.lib(f6x8.o)
    0x0800e530   0x0800e530   0x00000024   Data   RO         6699    .constdata          STemWin532_CM4_OS_Keil.lib(f6x8.o)
    0x0800e554   0x0800e554   0x00000010   Data   RO         6701    .constdata          STemWin532_CM4_OS_Keil.lib(f16_ascii.o)
    0x0800e564   0x0800e564   0x00000010   Data   RO         6702    .constdata          STemWin532_CM4_OS_Keil.lib(f16_ascii.o)
    0x0800e574   0x0800e574   0x00000010   Data   RO         6703    .constdata          STemWin532_CM4_OS_Keil.lib(f16_ascii.o)
    0x0800e584   0x0800e584   0x00000010   Data   RO         6704    .constdata          STemWin532_CM4_OS_Keil.lib(f16_ascii.o)
    0x0800e594   0x0800e594   0x00000010   Data   RO         6705    .constdata          STemWin532_CM4_OS_Keil.lib(f16_ascii.o)
    0x0800e5a4   0x0800e5a4   0x00000020   Data   RO         6706    .constdata          STemWin532_CM4_OS_Keil.lib(f16_ascii.o)
    0x0800e5c4   0x0800e5c4   0x00000020   Data   RO         6707    .constdata          STemWin532_CM4_OS_Keil.lib(f16_ascii.o)
    0x0800e5e4   0x0800e5e4   0x00000010   Data   RO         6708    .constdata          STemWin532_CM4_OS_Keil.lib(f16_ascii.o)
    0x0800e5f4   0x0800e5f4   0x00000010   Data   RO         6709    .constdata          STemWin532_CM4_OS_Keil.lib(f16_ascii.o)
    0x0800e604   0x0800e604   0x00000010   Data   RO         6710    .constdata          STemWin532_CM4_OS_Keil.lib(f16_ascii.o)
    0x0800e614   0x0800e614   0x00000010   Data   RO         6711    .constdata          STemWin532_CM4_OS_Keil.lib(f16_ascii.o)
    0x0800e624   0x0800e624   0x00000010   Data   RO         6712    .constdata          STemWin532_CM4_OS_Keil.lib(f16_ascii.o)
    0x0800e634   0x0800e634   0x00000010   Data   RO         6713    .constdata          STemWin532_CM4_OS_Keil.lib(f16_ascii.o)
    0x0800e644   0x0800e644   0x00000010   Data   RO         6714    .constdata          STemWin532_CM4_OS_Keil.lib(f16_ascii.o)
    0x0800e654   0x0800e654   0x00000010   Data   RO         6715    .constdata          STemWin532_CM4_OS_Keil.lib(f16_ascii.o)
    0x0800e664   0x0800e664   0x00000010   Data   RO         6716    .constdata          STemWin532_CM4_OS_Keil.lib(f16_ascii.o)
    0x0800e674   0x0800e674   0x00000010   Data   RO         6717    .constdata          STemWin532_CM4_OS_Keil.lib(f16_ascii.o)
    0x0800e684   0x0800e684   0x00000010   Data   RO         6718    .constdata          STemWin532_CM4_OS_Keil.lib(f16_ascii.o)
    0x0800e694   0x0800e694   0x00000010   Data   RO         6719    .constdata          STemWin532_CM4_OS_Keil.lib(f16_ascii.o)
    0x0800e6a4   0x0800e6a4   0x00000010   Data   RO         6720    .constdata          STemWin532_CM4_OS_Keil.lib(f16_ascii.o)
    0x0800e6b4   0x0800e6b4   0x00000010   Data   RO         6721    .constdata          STemWin532_CM4_OS_Keil.lib(f16_ascii.o)
    0x0800e6c4   0x0800e6c4   0x00000010   Data   RO         6722    .constdata          STemWin532_CM4_OS_Keil.lib(f16_ascii.o)
    0x0800e6d4   0x0800e6d4   0x00000010   Data   RO         6723    .constdata          STemWin532_CM4_OS_Keil.lib(f16_ascii.o)
    0x0800e6e4   0x0800e6e4   0x00000010   Data   RO         6724    .constdata          STemWin532_CM4_OS_Keil.lib(f16_ascii.o)
    0x0800e6f4   0x0800e6f4   0x00000010   Data   RO         6725    .constdata          STemWin532_CM4_OS_Keil.lib(f16_ascii.o)
    0x0800e704   0x0800e704   0x00000010   Data   RO         6726    .constdata          STemWin532_CM4_OS_Keil.lib(f16_ascii.o)
    0x0800e714   0x0800e714   0x00000010   Data   RO         6727    .constdata          STemWin532_CM4_OS_Keil.lib(f16_ascii.o)
    0x0800e724   0x0800e724   0x00000010   Data   RO         6728    .constdata          STemWin532_CM4_OS_Keil.lib(f16_ascii.o)
    0x0800e734   0x0800e734   0x00000010   Data   RO         6729    .constdata          STemWin532_CM4_OS_Keil.lib(f16_ascii.o)
    0x0800e744   0x0800e744   0x00000010   Data   RO         6730    .constdata          STemWin532_CM4_OS_Keil.lib(f16_ascii.o)
    0x0800e754   0x0800e754   0x00000010   Data   RO         6731    .constdata          STemWin532_CM4_OS_Keil.lib(f16_ascii.o)
    0x0800e764   0x0800e764   0x00000010   Data   RO         6732    .constdata          STemWin532_CM4_OS_Keil.lib(f16_ascii.o)
    0x0800e774   0x0800e774   0x00000020   Data   RO         6733    .constdata          STemWin532_CM4_OS_Keil.lib(f16_ascii.o)
    0x0800e794   0x0800e794   0x00000020   Data   RO         6734    .constdata          STemWin532_CM4_OS_Keil.lib(f16_ascii.o)
    0x0800e7b4   0x0800e7b4   0x00000020   Data   RO         6735    .constdata          STemWin532_CM4_OS_Keil.lib(f16_ascii.o)
    0x0800e7d4   0x0800e7d4   0x00000020   Data   RO         6736    .constdata          STemWin532_CM4_OS_Keil.lib(f16_ascii.o)
    0x0800e7f4   0x0800e7f4   0x00000020   Data   RO         6737    .constdata          STemWin532_CM4_OS_Keil.lib(f16_ascii.o)
    0x0800e814   0x0800e814   0x00000020   Data   RO         6738    .constdata          STemWin532_CM4_OS_Keil.lib(f16_ascii.o)
    0x0800e834   0x0800e834   0x00000010   Data   RO         6739    .constdata          STemWin532_CM4_OS_Keil.lib(f16_ascii.o)
    0x0800e844   0x0800e844   0x00000020   Data   RO         6740    .constdata          STemWin532_CM4_OS_Keil.lib(f16_ascii.o)
    0x0800e864   0x0800e864   0x00000020   Data   RO         6741    .constdata          STemWin532_CM4_OS_Keil.lib(f16_ascii.o)
    0x0800e884   0x0800e884   0x00000010   Data   RO         6742    .constdata          STemWin532_CM4_OS_Keil.lib(f16_ascii.o)
    0x0800e894   0x0800e894   0x00000010   Data   RO         6743    .constdata          STemWin532_CM4_OS_Keil.lib(f16_ascii.o)
    0x0800e8a4   0x0800e8a4   0x00000020   Data   RO         6744    .constdata          STemWin532_CM4_OS_Keil.lib(f16_ascii.o)
    0x0800e8c4   0x0800e8c4   0x00000010   Data   RO         6745    .constdata          STemWin532_CM4_OS_Keil.lib(f16_ascii.o)
    0x0800e8d4   0x0800e8d4   0x00000020   Data   RO         6746    .constdata          STemWin532_CM4_OS_Keil.lib(f16_ascii.o)
    0x0800e8f4   0x0800e8f4   0x00000020   Data   RO         6747    .constdata          STemWin532_CM4_OS_Keil.lib(f16_ascii.o)
    0x0800e914   0x0800e914   0x00000020   Data   RO         6748    .constdata          STemWin532_CM4_OS_Keil.lib(f16_ascii.o)
    0x0800e934   0x0800e934   0x00000020   Data   RO         6749    .constdata          STemWin532_CM4_OS_Keil.lib(f16_ascii.o)
    0x0800e954   0x0800e954   0x00000020   Data   RO         6750    .constdata          STemWin532_CM4_OS_Keil.lib(f16_ascii.o)
    0x0800e974   0x0800e974   0x00000020   Data   RO         6751    .constdata          STemWin532_CM4_OS_Keil.lib(f16_ascii.o)
    0x0800e994   0x0800e994   0x00000020   Data   RO         6752    .constdata          STemWin532_CM4_OS_Keil.lib(f16_ascii.o)
    0x0800e9b4   0x0800e9b4   0x00000010   Data   RO         6753    .constdata          STemWin532_CM4_OS_Keil.lib(f16_ascii.o)
    0x0800e9c4   0x0800e9c4   0x00000020   Data   RO         6754    .constdata          STemWin532_CM4_OS_Keil.lib(f16_ascii.o)
    0x0800e9e4   0x0800e9e4   0x00000020   Data   RO         6755    .constdata          STemWin532_CM4_OS_Keil.lib(f16_ascii.o)
    0x0800ea04   0x0800ea04   0x00000020   Data   RO         6756    .constdata          STemWin532_CM4_OS_Keil.lib(f16_ascii.o)
    0x0800ea24   0x0800ea24   0x00000010   Data   RO         6757    .constdata          STemWin532_CM4_OS_Keil.lib(f16_ascii.o)
    0x0800ea34   0x0800ea34   0x00000020   Data   RO         6758    .constdata          STemWin532_CM4_OS_Keil.lib(f16_ascii.o)
    0x0800ea54   0x0800ea54   0x00000010   Data   RO         6759    .constdata          STemWin532_CM4_OS_Keil.lib(f16_ascii.o)
    0x0800ea64   0x0800ea64   0x00000010   Data   RO         6760    .constdata          STemWin532_CM4_OS_Keil.lib(f16_ascii.o)
    0x0800ea74   0x0800ea74   0x00000010   Data   RO         6761    .constdata          STemWin532_CM4_OS_Keil.lib(f16_ascii.o)
    0x0800ea84   0x0800ea84   0x00000010   Data   RO         6762    .constdata          STemWin532_CM4_OS_Keil.lib(f16_ascii.o)
    0x0800ea94   0x0800ea94   0x00000010   Data   RO         6763    .constdata          STemWin532_CM4_OS_Keil.lib(f16_ascii.o)
    0x0800eaa4   0x0800eaa4   0x00000010   Data   RO         6764    .constdata          STemWin532_CM4_OS_Keil.lib(f16_ascii.o)
    0x0800eab4   0x0800eab4   0x00000010   Data   RO         6765    .constdata          STemWin532_CM4_OS_Keil.lib(f16_ascii.o)
    0x0800eac4   0x0800eac4   0x00000010   Data   RO         6766    .constdata          STemWin532_CM4_OS_Keil.lib(f16_ascii.o)
    0x0800ead4   0x0800ead4   0x00000010   Data   RO         6767    .constdata          STemWin532_CM4_OS_Keil.lib(f16_ascii.o)
    0x0800eae4   0x0800eae4   0x00000010   Data   RO         6768    .constdata          STemWin532_CM4_OS_Keil.lib(f16_ascii.o)
    0x0800eaf4   0x0800eaf4   0x00000010   Data   RO         6769    .constdata          STemWin532_CM4_OS_Keil.lib(f16_ascii.o)
    0x0800eb04   0x0800eb04   0x00000010   Data   RO         6770    .constdata          STemWin532_CM4_OS_Keil.lib(f16_ascii.o)
    0x0800eb14   0x0800eb14   0x00000010   Data   RO         6771    .constdata          STemWin532_CM4_OS_Keil.lib(f16_ascii.o)
    0x0800eb24   0x0800eb24   0x00000010   Data   RO         6772    .constdata          STemWin532_CM4_OS_Keil.lib(f16_ascii.o)
    0x0800eb34   0x0800eb34   0x00000010   Data   RO         6773    .constdata          STemWin532_CM4_OS_Keil.lib(f16_ascii.o)
    0x0800eb44   0x0800eb44   0x00000010   Data   RO         6774    .constdata          STemWin532_CM4_OS_Keil.lib(f16_ascii.o)
    0x0800eb54   0x0800eb54   0x00000010   Data   RO         6775    .constdata          STemWin532_CM4_OS_Keil.lib(f16_ascii.o)
    0x0800eb64   0x0800eb64   0x00000010   Data   RO         6776    .constdata          STemWin532_CM4_OS_Keil.lib(f16_ascii.o)
    0x0800eb74   0x0800eb74   0x00000010   Data   RO         6777    .constdata          STemWin532_CM4_OS_Keil.lib(f16_ascii.o)
    0x0800eb84   0x0800eb84   0x00000020   Data   RO         6778    .constdata          STemWin532_CM4_OS_Keil.lib(f16_ascii.o)
    0x0800eba4   0x0800eba4   0x00000010   Data   RO         6779    .constdata          STemWin532_CM4_OS_Keil.lib(f16_ascii.o)
    0x0800ebb4   0x0800ebb4   0x00000010   Data   RO         6780    .constdata          STemWin532_CM4_OS_Keil.lib(f16_ascii.o)
    0x0800ebc4   0x0800ebc4   0x00000010   Data   RO         6781    .constdata          STemWin532_CM4_OS_Keil.lib(f16_ascii.o)
    0x0800ebd4   0x0800ebd4   0x00000010   Data   RO         6782    .constdata          STemWin532_CM4_OS_Keil.lib(f16_ascii.o)
    0x0800ebe4   0x0800ebe4   0x00000010   Data   RO         6783    .constdata          STemWin532_CM4_OS_Keil.lib(f16_ascii.o)
    0x0800ebf4   0x0800ebf4   0x00000010   Data   RO         6784    .constdata          STemWin532_CM4_OS_Keil.lib(f16_ascii.o)
    0x0800ec04   0x0800ec04   0x00000010   Data   RO         6785    .constdata          STemWin532_CM4_OS_Keil.lib(f16_ascii.o)
    0x0800ec14   0x0800ec14   0x00000010   Data   RO         6786    .constdata          STemWin532_CM4_OS_Keil.lib(f16_ascii.o)
    0x0800ec24   0x0800ec24   0x00000010   Data   RO         6787    .constdata          STemWin532_CM4_OS_Keil.lib(f16_ascii.o)
    0x0800ec34   0x0800ec34   0x00000020   Data   RO         6788    .constdata          STemWin532_CM4_OS_Keil.lib(f16_ascii.o)
    0x0800ec54   0x0800ec54   0x00000010   Data   RO         6789    .constdata          STemWin532_CM4_OS_Keil.lib(f16_ascii.o)
    0x0800ec64   0x0800ec64   0x00000010   Data   RO         6790    .constdata          STemWin532_CM4_OS_Keil.lib(f16_ascii.o)
    0x0800ec74   0x0800ec74   0x00000010   Data   RO         6791    .constdata          STemWin532_CM4_OS_Keil.lib(f16_ascii.o)
    0x0800ec84   0x0800ec84   0x00000010   Data   RO         6792    .constdata          STemWin532_CM4_OS_Keil.lib(f16_ascii.o)
    0x0800ec94   0x0800ec94   0x00000010   Data   RO         6793    .constdata          STemWin532_CM4_OS_Keil.lib(f16_ascii.o)
    0x0800eca4   0x0800eca4   0x00000010   Data   RO         6794    .constdata          STemWin532_CM4_OS_Keil.lib(f16_ascii.o)
    0x0800ecb4   0x0800ecb4   0x00000010   Data   RO         6795    .constdata          STemWin532_CM4_OS_Keil.lib(f16_ascii.o)
    0x0800ecc4   0x0800ecc4   0x00000300   Data   RO         6796    .constdata          STemWin532_CM4_OS_Keil.lib(f16_ascii.o)
    0x0800efc4   0x0800efc4   0x0000000c   Data   RO         6797    .constdata          STemWin532_CM4_OS_Keil.lib(f16_ascii.o)
    0x0800efd0   0x0800efd0   0x00000024   Data   RO         6798    .constdata          STemWin532_CM4_OS_Keil.lib(f16_ascii.o)
    0x0800eff4   0x0800eff4   0x00000074   Data   RO         6815    .constdata          STemWin532_CM4_OS_Keil.lib(guidev_16.o)
    0x0800f068   0x0800f068   0x00000020   Data   RO         6832    .constdata          STemWin532_CM4_OS_Keil.lib(gui__divtbl_31_255.o)
    0x0800f088   0x0800f088   0x00000040   Data   RO         6833    .constdata          STemWin532_CM4_OS_Keil.lib(gui__divtbl_63_255.o)
    0x0800f0c8   0x0800f0c8   0x00000100   Data   RO         6834    .constdata          STemWin532_CM4_OS_Keil.lib(gui__divtbl_255_31.o)
    0x0800f1c8   0x0800f1c8   0x00000100   Data   RO         6835    .constdata          STemWin532_CM4_OS_Keil.lib(gui__divtbl_255_63.o)
    0x0800f2c8   0x0800f2c8   0x00000010   Data   RO         6896    .constdata          STemWin532_CM4_OS_Keil.lib(gui_uc_encodenone.o)
    0x0800f2d8   0x0800f2d8   0x0000000c   Data   RO         6920    .constdata          STemWin532_CM4_OS_Keil.lib(lcd.o)
    0x0800f2e4   0x0800f2e4   0x00000100   Data   RO         6955    .constdata          STemWin532_CM4_OS_Keil.lib(lcd_mirror.o)
    0x0800f3e4   0x0800f3e4   0x00000008   Data   RO         6967    .constdata          STemWin532_CM4_OS_Keil.lib(guidev_writetoactiveopaque.o)
    0x0800f3ec   0x0800f3ec   0x00000018   Data   RO         7234    .constdata          STemWin532_CM4_OS_Keil.lib(guicc_0.o)
    0x0800f404   0x0800f404   0x00000020   Data   RO         8188    Region$$Table       anon$$obj.o


    Execution Region RW_IRAM1 (Exec base: 0x20000000, Load base: 0x0800f424, Size: 0x0001af80, Max: 0x00020000, ABSOLUTE, COMPRESSED[0x0000006c])

    Exec Addr    Load Addr    Size         Type   Attr      Idx    E Section Name        Object

    0x20000000   COMPRESSED   0x00000004   Data   RW           24    .data               main.o
    0x20000004   COMPRESSED   0x00000010   Data   RW         2560    .data               stm32f4xx_rcc.o
    0x20000014   COMPRESSED   0x00000014   Data   RW         4471    .data               system_stm32f4xx.o
    0x20000028   COMPRESSED   0x00000008   Data   RW         4780    .data               gui_x_freertos.o
    0x20000030   COMPRESSED   0x00000044   Data   RW         5465    .data               tasks.o
    0x20000074   COMPRESSED   0x00000014   Data   RW         5801    .data               timers.o
    0x20000088   COMPRESSED   0x00000018   Data   RW         5928    .data               heap_4.o
    0x200000a0   COMPRESSED   0x0000000c   Data   RW         5979    .data               port.o
    0x200000ac   COMPRESSED   0x00000030   Data   RW         6074    .data               tftlcd.o
    0x200000dc   COMPRESSED   0x00000008   Data   RW         6213    .data               freertos_debug.o
    0x200000e4   COMPRESSED   0x00000006   Data   RW         6266    .data               rc.o
    0x200000ea   COMPRESSED   0x00000001   Data   RW         6379    .data               key.o
    0x200000eb   COMPRESSED   0x00000001   PAD
    0x200000ec   COMPRESSED   0x00000008   Data   RW         6444    .data               STemWin532_CM4_OS_Keil.lib(gui_alloc.o)
    0x200000f4   COMPRESSED   0x0000002c   Data   RW         6495    .data               STemWin532_CM4_OS_Keil.lib(gui_core.o)
    0x20000120   COMPRESSED   0x00000004   Data   RW         6500    .data               STemWin532_CM4_OS_Keil.lib(gui_core.o)
    0x20000124   COMPRESSED   0x00000004   Data   RW         6505    .data               STemWin532_CM4_OS_Keil.lib(gui_core.o)
    0x20000128   COMPRESSED   0x00000002   Data   RW         6506    .data               STemWin532_CM4_OS_Keil.lib(gui_core.o)
    0x2000012a   COMPRESSED   0x00000002   Data   RW         6507    .data               STemWin532_CM4_OS_Keil.lib(gui_core.o)
    0x2000012c   COMPRESSED   0x00000008   Data   RW         6553    .data               STemWin532_CM4_OS_Keil.lib(guicc_m565.o)
    0x20000134   COMPRESSED   0x00000008   Data   RW         6602    .data               STemWin532_CM4_OS_Keil.lib(lcd_getex.o)
    0x2000013c   COMPRESSED   0x0000001c   Data   RW         6881    .data               STemWin532_CM4_OS_Keil.lib(gui_task.o)
    0x20000158   COMPRESSED   0x00000004   Data   RW         6921    .data               STemWin532_CM4_OS_Keil.lib(lcd.o)
    0x2000015c   COMPRESSED   0x00000010   Data   RW         6947    .data               STemWin532_CM4_OS_Keil.lib(lcd_color.o)
    0x2000016c   COMPRESSED   0x00000064   Data   RW         7030    .data               STemWin532_CM4_OS_Keil.lib(wm.o)
    0x200001d0   COMPRESSED   0x00000018   Data   RW         7105    .data               STemWin532_CM4_OS_Keil.lib(gui__managecache.o)
    0x200001e8   COMPRESSED   0x00000004   Data   RW         7132    .data               STemWin532_CM4_OS_Keil.lib(gui_charline.o)
    0x200001ec   COMPRESSED   0x00000010   Data   RW         7162    .data               STemWin532_CM4_OS_Keil.lib(gui_onkey.o)
    0x200001fc   COMPRESSED   0x0000000c   Data   RW         7222    .data               STemWin532_CM4_OS_Keil.lib(gui_waitevent.o)
    0x20000208   COMPRESSED   0x00000004   Data   RW         7297    .data               STemWin532_CM4_OS_Keil.lib(wm__sendmessage.o)
    0x2000020c   COMPRESSED   0x00000004   Data   RW         8162    .data               mc_w.l(stdout.o)
    0x20000210        -       0x00007800   Zero   RW         4507    .bss                guiconf.o
    0x20007a10        -       0x00000040   Zero   RW         5062    .bss                queue.o
    0x20007a50        -       0x000002e4   Zero   RW         5464    .bss                tasks.o
    0x20007d34        -       0x00000028   Zero   RW         5800    .bss                timers.o
    0x20007d5c        -       0x00012c00   Zero   RW         5927    .bss                heap_4.o
    0x2001a95c        -       0x00000030   Zero   RW         6330    .bss                pwm.o
    0x2001a98c        -       0x000000cc   Zero   RW         6443    .bss                STemWin532_CM4_OS_Keil.lib(gui_alloc.o)
    0x2001aa58        -       0x00000070   Zero   RW         6493    .bss                STemWin532_CM4_OS_Keil.lib(gui_core.o)
    0x2001aac8        -       0x00000018   Zero   RW         7028    .bss                STemWin532_CM4_OS_Keil.lib(wm.o)
    0x2001aae0        -       0x00000058   Zero   RW         7161    .bss                STemWin532_CM4_OS_Keil.lib(gui_onkey.o)
    0x2001ab38        -       0x00000048   Zero   RW         7338    .bss                STemWin532_CM4_OS_Keil.lib(wm_touch.o)
    0x2001ab80        -       0x00000400   Zero   RW            1    STACK               startup_stm32f407xx.o


==============================================================================

Image component sizes


      Code (inc. data)   RO Data    RW Data    ZI Data      Debug   Object Name

         0          0          0          0          0       9696   event_groups.o
       176         42          0          8          0       2413   freertos_debug.o
       196         20          0          8          0      13923   gui_x_freertos.o
        28          8          0          0      30720      49899   guiconf.o
      2186         88         52          0          0      70106   guidrv_template.o
       692         62          0         24      76800       4551   heap_4.o
       424         22          0          1          0       1290   key.o
        98         10          0          0          0       4328   lcdconf_flexcolor_template.o
       148          0          0          0          0       3354   list.o
       722        132          0          4          0     283816   main.o
       344        126          0          0          0       1759   misc.o
      1014         92          0         12          0      11681   port.o
      1164         48          0          0         48       3948   pwm.o
      2308         26          0          0         64      19552   queue.o
      1084        394          0          6          0       3859   rc.o
        36          8        392          0       1024        936   startup_stm32f407xx.o
      1832        588          0          0          0       5187   stm32f4xx_gpio.o
        20          0          0          0          0       2697   stm32f4xx_it.o
      2172        908          0         16          0      13217   stm32f4xx_rcc.o
      6838       2312          0          0          0      21794   stm32f4xx_tim.o
      1988        596          0          0          0       6294   stm32f4xx_usart.o
       340         32          0         20          0       1781   system_stm32f4xx.o
      3146        404          0         68        740      27843   tasks.o
      3438        194       6080         48          0      17809   tftlcd.o
      1226        116          0         20         40      12371   timers.o

    ----------------------------------------------------------------------
     31652       6228       6556        236     109436     594104   Object Totals
         0          0         32          0          0          0   (incl. Generated)
        32          0          0          1          0          0   (incl. Padding)

    ----------------------------------------------------------------------

      Code (inc. data)   RO Data    RW Data    ZI Data      Debug   Library Member Name

         0          0       2720          0          0          0   f16_ascii.o
         0          0       1816          0          0          0   f6x8.o
       292          0          0          0          0        124   gui__compactpixelindices.o
         0          0        256          0          0          0   gui__divtbl_255_31.o
         0          0        256          0          0          0   gui__divtbl_255_63.o
         0          0         32          0          0          0   gui__divtbl_31_255.o
         0          0         64          0          0          0   gui__divtbl_63_255.o
        58          0          0          0          0        116   gui__intersectrect.o
        82          0          0          0          0        128   gui__intersectrects.o
       228          8          0         24          0        252   gui__managecache.o
        76          0          0          0          0        124   gui__memset.o
        60          0          0          0          0        124   gui__memset16.o
      1698         90          0          8        204       2512   gui_alloc.o
        46          0          0          0          0        128   gui_alloc_alloczero.o
        60          0          0          0          0        124   gui_calccolordist.o
       164         20          0          0          0        500   gui_char.o
       458         36          0          4          0        760   gui_charline.o
       394         12          0          0          0        492   gui_charm.o
       316         10          0          0          0        624   gui_charp.o
       508         74          8         56        112       1020   gui_core.o
       366         24          0          0          0        976   gui_device.o
       264          4          0          0          0        136   gui_dispstring.o
        40          6          0          0          0        136   gui_dispstringat.o
        48          0          0          0          0        248   gui_getcolor.o
        66         12          0          0          0        360   gui_goto.o
        88          0          0          0          0        124   gui_mergerect.o
        30          0          0          0          0        116   gui_moverect.o
        16          4          0         16         88        116   gui_onkey.o
        56          0          0          0          0        116   gui_rectsintersect.o
        56         10          0          0          0        128   gui_selectlayer.o
        26          0          0          0          0        128   gui_selectlcd.o
        44          0          0          0          0        256   gui_setcolor.o
        32          6          0          0          0        128   gui_setfont.o
        64         16          0          0          0        136   gui_setorg.o
       376         42          0         28          0        764   gui_task.o
        84         10          0          0          0        264   gui_uc.o
        18          0         16          0          0        464   gui_uc_encodenone.o
        16          4          0         12          0        116   gui_waitevent.o
       198          0         24          0          0        388   guicc_0.o
       258         46         24          8          0        652   guicc_m565.o
       122          6          0          0          0        256   guidev.o
      2282         60        116          0          0       2104   guidev_16.o
        40          0          0          0          0        128   guidev_getdataptr.o
        84          0          0          0          0        260   guidev_usage.o
      1854         18          8          0          0        732   guidev_writetoactiveopaque.o
      1646        110         12          4          0       2164   lcd.o
       272         30          0         16          0        632   lcd_color.o
        32         12          0          0          0        232   lcd_getcolorindex.o
       370         40          0          8          0       2020   lcd_getex.o
        26          0          0          0          0        128   lcd_getnumdisplays.o
         0          0        256          0          0          0   lcd_mirror.o
        64          8          0          0          0        128   lcd_selectlcd.o
       132          0          0          0          0        396   lcd_set.o
        48         10          0          0          0        128   lcd_setcliprectex.o
        36          4          0          0          0        128   lcd_updatecolorindices.o
      2992        132          0        100         24       4096   wm.o
        18          0          0          0          0        124   wm__getfirstsibling.o
        36          0          0          0          0        128   wm__getprevsibling.o
        60          6          0          4          0        136   wm__sendmessage.o
       136          0          0          0          0        140   wm_bringtobottom.o
        16          6          0          0          0        116   wm_criticalhandle.o
        32          0          0          0          0        128   wm_getclientrect.o
        24         10          0          0          0        116   wm_getdesktopwindow.o
        26          0          0          0          0        124   wm_getfirstchild.o
        26          0          0          0          0        124   wm_getparent.o
        38          0          0          0          0        140   wm_sendtoparent.o
         0          0          0          0         72          0   wm_touch.o
        86          0          0          0          0          0   __dczerorl2.o
         0          0          0          0          0          0   entry.o
         0          0          0          0          0          0   entry10a.o
         0          0          0          0          0          0   entry11a.o
         8          4          0          0          0          0   entry2.o
         4          0          0          0          0          0   entry5.o
         0          0          0          0          0          0   entry7b.o
         0          0          0          0          0          0   entry8b.o
         8          4          0          0          0          0   entry9a.o
        30          0          0          0          0          0   handlers.o
        36          8          0          0          0         68   init.o
        30          0          0          0          0         68   llshl.o
        32          0          0          0          0         68   llushr.o
        64          0          0          0          0         76   memmovea.o
        36          0          0          0          0        108   memseta.o
      1224         58          0          0          0        504   printf8.o
         0          0          0          4          0          0   stdout.o
        98          0          0          0          0         92   uldiv.o

    ----------------------------------------------------------------------
     18684        960       5608        292        500      28572   Library Totals
        30          0          0          0          0          0   (incl. Padding)

    ----------------------------------------------------------------------

      Code (inc. data)   RO Data    RW Data    ZI Data      Debug   Library Name

     16998        886       5608        288        500      27588   STemWin532_CM4_OS_Keil.lib
      1656         74          0          4          0        984   mc_w.l

    ----------------------------------------------------------------------
     18684        960       5608        292        500      28572   Library Totals

    ----------------------------------------------------------------------

==============================================================================


      Code (inc. data)   RO Data    RW Data    ZI Data      Debug   

     50336       7188      12164        528     109936     579092   Grand Totals
     50336       7188      12164        108     109936     579092   ELF Image Totals (compressed)
     50336       7188      12164        108          0          0   ROM Totals

==============================================================================

    Total RO  Size (Code + RO Data)                62500 (  61.04kB)
    Total RW  Size (RW Data + ZI Data)            110464 ( 107.88kB)
    Total ROM Size (Code + RO Data + RW Data)      62608 (  61.14kB)

==============================================================================

